#
# There is insufficient memory for the Java Runtime Environment to continue.
# Native memory allocation (malloc) failed to allocate 1268816 bytes. Error detail: Chunk::new
# Possible reasons:
#   The system is out of physical RAM or swap space
#   This process is running with CompressedOops enabled, and the Java Heap may be blocking the growth of the native heap
# Possible solutions:
#   Reduce memory load on the system
#   Increase physical memory or swap space
#   Check if swap backing store is full
#   Decrease Java heap size (-Xmx/-Xms)
#   Decrease number of Java threads
#   Decrease Java thread stack sizes (-Xss)
#   Set larger code cache with -XX:ReservedCodeCacheSize=
#   JVM is running with Unscaled Compressed Oops mode in which the Java heap is
#     placed in the first 4GB address space. The Java Heap base address is the
#     maximum limit for the native heap growth. Please use -XX:HeapBaseMinAddress
#     to set the Java Heap base and to place the Java Heap above 4GB virtual address.
# This output file may be truncated or incomplete.
#
#  Out of Memory Error (arena.cpp:168), pid=25640, tid=21880
#
# JRE version: OpenJDK Runtime Environment Temurin-21.0.11+10 (21.0.11+10) (build 21.0.11+10-LTS)
# Java VM: OpenJDK 64-Bit Server VM Temurin-21.0.11+10 (21.0.11+10-LTS, mixed mode, sharing, tiered, compressed oops, compressed class ptrs, parallel gc, windows-amd64)
# No core dump will be written. Minidumps are not enabled by default on client versions of Windows
#

---------------  S U M M A R Y ------------

Command Line: --add-modules=ALL-SYSTEM --add-opens=java.base/java.util=ALL-UNNAMED --add-opens=java.base/java.lang=ALL-UNNAMED --add-opens=java.base/sun.nio.fs=ALL-UNNAMED -Declipse.application=org.eclipse.jdt.ls.core.id1 -Dosgi.bundles.defaultStartLevel=4 -Declipse.product=org.eclipse.jdt.ls.core.product -Djava.import.generatesMetadataFilesAtProjectRoot=false -DDetectVMInstallationsJob.disabled=true -Dfile.encoding=utf8 -XX:+UseParallelGC -XX:GCTimeRatio=4 -XX:AdaptiveSizePolicyWeight=90 -Dsun.zip.disableMemoryMapping=true -Xmx2G -Xms100m -Xlog:disable -javaagent:c:\Users\50449\.cursor\extensions\redhat.java-1.55.0-win32-x64\lombok\lombok-1.18.39-4050.jar -XX:+HeapDumpOnOutOfMemoryError -XX:HeapDumpPath=c:\Users\50449\AppData\Roaming\Cursor\User\workspaceStorage\a3cad7a911f0bbbbe3643254eb7d352d\redhat.java -Daether.dependencyCollector.impl=bf c:\Users\50449\.cursor\extensions\redhat.java-1.55.0-win32-x64\server\plugins\org.eclipse.equinox.launcher_1.7.200.v20260619-2039.jar -configuration c:\Users\50449\AppData\Roaming\Cursor\User\globalStorage\redhat.java\1.55.0\config_win -data c:\Users\50449\AppData\Roaming\Cursor\User\workspaceStorage\a3cad7a911f0bbbbe3643254eb7d352d\redhat.java\jdt_ws --pipe=\\.\pipe\lsp-2d770f06a467ee1392ac8e127d7adaaf-sock

Host: 12th Gen Intel(R) Core(TM) i7-12700H, 20 cores, 15G,  Windows 11 , 64 bit Build 22621 (10.0.22621.5415)
Time: Mon Jul  6 16:34:18 2026 elapsed time: 15.533035 seconds (0d 0h 0m 15s)

---------------  T H R E A D  ---------------

Current thread (0x0000021fe5945fa0):  JavaThread "C2 CompilerThread0" daemon [_thread_in_native, id=21880, stack(0x000000d835100000,0x000000d835200000) (1024K)]


Current CompileTask:
C2:15533 8235 %     4       org.eclipse.jdt.internal.core.search.indexing.BinaryIndexer::extractReferenceFromConstantPool @ 15 (358 bytes)

Stack: [0x000000d835100000,0x000000d835200000]
Native frames: (J=compiled Java code, j=interpreted, Vv=VM code, C=native code)
V  [jvm.dll+0x6d7e19]
V  [jvm.dll+0x8b5096]
V  [jvm.dll+0x8b764e]
V  [jvm.dll+0x8b7d33]
V  [jvm.dll+0x284596]
V  [jvm.dll+0xc685d]
V  [jvm.dll+0xc6da1]
V  [jvm.dll+0x2fb4ee]
V  [jvm.dll+0x5fe9a4]
V  [jvm.dll+0x255d67]
V  [jvm.dll+0x25612d]
V  [jvm.dll+0x24e6a0]
V  [jvm.dll+0x24bbe6]
V  [jvm.dll+0x1cb4ae]
V  [jvm.dll+0x25baad]
V  [jvm.dll+0x25a03a]
V  [jvm.dll+0x3f868e]
V  [jvm.dll+0x85fb0d]
V  [jvm.dll+0x6d664d]
C  [ucrtbase.dll+0x29333]
C  [KERNEL32.DLL+0x1259d]
C  [ntdll.dll+0x5af78]


---------------  P R O C E S S  ---------------

Threads class SMR info:
_java_thread_list=0x0000021fee7a9600, length=64, elements={
0x0000021fcda92e70, 0x0000021fe593bb60, 0x0000021fe593c980, 0x0000021fe593ed10,
0x0000021fe593fe90, 0x0000021fe5941de0, 0x0000021fe5944c90, 0x0000021fe5945fa0,
0x0000021fcdb43df0, 0x0000021fe5b45dd0, 0x0000021fec01a3c0, 0x0000021fec8903c0,
0x0000021fec899620, 0x0000021fec77c630, 0x0000021fec77d070, 0x0000021fec9a5a30,
0x0000021fecf01790, 0x0000021fcdb42980, 0x0000021fcdb444c0, 0x0000021fcdb422b0,
0x0000021feccd6e60, 0x0000021fed182a50, 0x0000021fed183e00, 0x0000021fed1851b0,
0x0000021fed185840, 0x0000021fed1823c0, 0x0000021fed184b20, 0x0000021fed1830e0,
0x0000021fed183770, 0x0000021fed184490, 0x0000021fed829b50, 0x0000021fed82d660,
0x0000021fed82c2b0, 0x0000021fed82c940, 0x0000021fed82af00, 0x0000021fed82bc20,
0x0000021fed82a870, 0x0000021fed82dcf0, 0x0000021fed82e380, 0x0000021fed82f0a0,
0x0000021fed82cfd0, 0x0000021fed82a1e0, 0x0000021fed82ea10, 0x0000021fed82b590,
0x0000021fed828110, 0x0000021fed82f730, 0x0000021fed828e30, 0x0000021fed8287a0,
0x0000021fed8294c0, 0x0000021fee557890, 0x0000021fee557f20, 0x0000021fee55cde0,
0x0000021fed0aa730, 0x0000021fee5592d0, 0x0000021fee55d470, 0x0000021fee557200,
0x0000021fee558c40, 0x0000021fee55a680, 0x0000021fee5585b0, 0x0000021fee559960,
0x0000021fee55c0c0, 0x0000021fee55c750, 0x0000021fee5564e0, 0x0000021fee559ff0
}

Java Threads: ( => current thread )
  0x0000021fcda92e70 JavaThread "main"                              [_thread_blocked, id=31372, stack(0x000000d834700000,0x000000d834800000) (1024K)]
  0x0000021fe593bb60 JavaThread "Reference Handler"          daemon [_thread_blocked, id=22904, stack(0x000000d834b00000,0x000000d834c00000) (1024K)]
  0x0000021fe593c980 JavaThread "Finalizer"                  daemon [_thread_blocked, id=32100, stack(0x000000d834c00000,0x000000d834d00000) (1024K)]
  0x0000021fe593ed10 JavaThread "Signal Dispatcher"          daemon [_thread_blocked, id=32960, stack(0x000000d834d00000,0x000000d834e00000) (1024K)]
  0x0000021fe593fe90 JavaThread "Attach Listener"            daemon [_thread_blocked, id=384, stack(0x000000d834e00000,0x000000d834f00000) (1024K)]
  0x0000021fe5941de0 JavaThread "Service Thread"             daemon [_thread_blocked, id=15804, stack(0x000000d834f00000,0x000000d835000000) (1024K)]
  0x0000021fe5944c90 JavaThread "Monitor Deflation Thread"   daemon [_thread_blocked, id=2428, stack(0x000000d835000000,0x000000d835100000) (1024K)]
=>0x0000021fe5945fa0 JavaThread "C2 CompilerThread0"         daemon [_thread_in_native, id=21880, stack(0x000000d835100000,0x000000d835200000) (1024K)]
  0x0000021fcdb43df0 JavaThread "C1 CompilerThread0"         daemon [_thread_in_vm, id=12228, stack(0x000000d835200000,0x000000d835300000) (1024K)]
  0x0000021fe5b45dd0 JavaThread "Common-Cleaner"             daemon [_thread_blocked, id=29632, stack(0x000000d835600000,0x000000d835700000) (1024K)]
  0x0000021fec01a3c0 JavaThread "Notification Thread"        daemon [_thread_blocked, id=10252, stack(0x000000d835800000,0x000000d835900000) (1024K)]
  0x0000021fec8903c0 JavaThread "Active Thread: Equinox Container: 864cb1a5-82cf-4a9f-b437-cd43b4731ab7"        [_thread_blocked, id=32084, stack(0x000000d835f00000,0x000000d836000000) (1024K)]
  0x0000021fec899620 JavaThread "Refresh Thread: Equinox Container: 864cb1a5-82cf-4a9f-b437-cd43b4731ab7" daemon [_thread_blocked, id=16496, stack(0x000000d836100000,0x000000d836200000) (1024K)]
  0x0000021fec77c630 JavaThread "Framework Event Dispatcher: Equinox Container: 864cb1a5-82cf-4a9f-b437-cd43b4731ab7" daemon [_thread_blocked, id=24852, stack(0x000000d836200000,0x000000d836300000) (1024K)]
  0x0000021fec77d070 JavaThread "Start Level: Equinox Container: 864cb1a5-82cf-4a9f-b437-cd43b4731ab7" daemon [_thread_blocked, id=29812, stack(0x000000d836300000,0x000000d836400000) (1024K)]
  0x0000021fec9a5a30 JavaThread "Bundle File Closer"         daemon [_thread_blocked, id=13576, stack(0x000000d836500000,0x000000d836600000) (1024K)]
  0x0000021fecf01790 JavaThread "SCR Component Actor"        daemon [_thread_blocked, id=11784, stack(0x000000d835300000,0x000000d835400000) (1024K)]
  0x0000021fcdb42980 JavaThread "C1 CompilerThread1"         daemon [_thread_blocked, id=14756, stack(0x000000d836600000,0x000000d836700000) (1024K)]
  0x0000021fcdb444c0 JavaThread "C1 CompilerThread2"         daemon [_thread_blocked, id=23488, stack(0x000000d836800000,0x000000d836900000) (1024K)]
  0x0000021fcdb422b0 JavaThread "C1 CompilerThread3"         daemon [_thread_blocked, id=22000, stack(0x000000d836900000,0x000000d836a00000) (1024K)]
  0x0000021feccd6e60 JavaThread "Worker-JM"                         [_thread_blocked, id=34276, stack(0x000000d836a00000,0x000000d836b00000) (1024K)]
  0x0000021fed182a50 JavaThread "JNA Cleaner"                daemon [_thread_blocked, id=32328, stack(0x000000d836d00000,0x000000d836e00000) (1024K)]
  0x0000021fed183e00 JavaThread "Worker-0: Check JDK Index"         [_thread_blocked, id=25048, stack(0x000000d836e00000,0x000000d836f00000) (1024K)]
  0x0000021fed1851b0 JavaThread "Worker-1: Initialize workspace"        [_thread_blocked, id=33352, stack(0x000000d836f00000,0x000000d837000000) (1024K)]
  0x0000021fed185840 JavaThread "Java indexing"              daemon [_thread_in_Java, id=14948, stack(0x000000d837100000,0x000000d837200000) (1024K)]
  0x0000021fed1823c0 JavaThread "Worker-2"                          [_thread_blocked, id=32592, stack(0x000000d837200000,0x000000d837300000) (1024K)]
  0x0000021fed184b20 JavaThread "Worker-3: Java indexing... "        [_thread_blocked, id=26108, stack(0x000000d837300000,0x000000d837400000) (1024K)]
  0x0000021fed1830e0 JavaThread "Worker-4: Initialize Workspace"        [_thread_blocked, id=14288, stack(0x000000d837400000,0x000000d837500000) (1024K)]
  0x0000021fed183770 JavaThread "Thread-1"                   daemon [_thread_in_native, id=26048, stack(0x000000d837500000,0x000000d837600000) (1024K)]
  0x0000021fed184490 JavaThread "Thread-2"                   daemon [_thread_in_native, id=32992, stack(0x000000d837600000,0x000000d837700000) (1024K)]
  0x0000021fed829b50 JavaThread "Thread-3"                   daemon [_thread_in_native, id=22596, stack(0x000000d837700000,0x000000d837800000) (1024K)]
  0x0000021fed82d660 JavaThread "Thread-4"                   daemon [_thread_in_native, id=11980, stack(0x000000d837800000,0x000000d837900000) (1024K)]
  0x0000021fed82c2b0 JavaThread "Thread-5"                   daemon [_thread_in_native, id=34428, stack(0x000000d837900000,0x000000d837a00000) (1024K)]
  0x0000021fed82c940 JavaThread "Thread-6"                   daemon [_thread_in_native, id=15752, stack(0x000000d837a00000,0x000000d837b00000) (1024K)]
  0x0000021fed82af00 JavaThread "Thread-7"                   daemon [_thread_in_native, id=20208, stack(0x000000d837b00000,0x000000d837c00000) (1024K)]
  0x0000021fed82bc20 JavaThread "Thread-8"                   daemon [_thread_in_native, id=34088, stack(0x000000d837c00000,0x000000d837d00000) (1024K)]
  0x0000021fed82a870 JavaThread "Thread-9"                   daemon [_thread_in_native, id=4388, stack(0x000000d837d00000,0x000000d837e00000) (1024K)]
  0x0000021fed82dcf0 JavaThread "Thread-10"                  daemon [_thread_in_native, id=32660, stack(0x000000d837e00000,0x000000d837f00000) (1024K)]
  0x0000021fed82e380 JavaThread "Thread-11"                  daemon [_thread_in_native, id=28808, stack(0x000000d837f00000,0x000000d838000000) (1024K)]
  0x0000021fed82f0a0 JavaThread "Thread-12"                  daemon [_thread_in_native, id=31888, stack(0x000000d838000000,0x000000d838100000) (1024K)]
  0x0000021fed82cfd0 JavaThread "Thread-13"                  daemon [_thread_in_native, id=30128, stack(0x000000d838100000,0x000000d838200000) (1024K)]
  0x0000021fed82a1e0 JavaThread "Thread-14"                  daemon [_thread_in_native, id=23940, stack(0x000000d838200000,0x000000d838300000) (1024K)]
  0x0000021fed82ea10 JavaThread "Thread-15"                  daemon [_thread_in_native, id=15224, stack(0x000000d838300000,0x000000d838400000) (1024K)]
  0x0000021fed82b590 JavaThread "Thread-16"                  daemon [_thread_in_native, id=25988, stack(0x000000d838400000,0x000000d838500000) (1024K)]
  0x0000021fed828110 JavaThread "Thread-17"                  daemon [_thread_in_native, id=8808, stack(0x000000d838500000,0x000000d838600000) (1024K)]
  0x0000021fed82f730 JavaThread "Thread-18"                  daemon [_thread_in_native, id=34116, stack(0x000000d838600000,0x000000d838700000) (1024K)]
  0x0000021fed828e30 JavaThread "Thread-19"                  daemon [_thread_in_native, id=17728, stack(0x000000d838700000,0x000000d838800000) (1024K)]
  0x0000021fed8287a0 JavaThread "Thread-20"                  daemon [_thread_in_native, id=12896, stack(0x000000d838800000,0x000000d838900000) (1024K)]
  0x0000021fed8294c0 JavaThread "Thread-21"                  daemon [_thread_in_native, id=22968, stack(0x000000d838900000,0x000000d838a00000) (1024K)]
  0x0000021fee557890 JavaThread "pool-2-thread-1"                   [_thread_blocked, id=33812, stack(0x000000d838a00000,0x000000d838b00000) (1024K)]
  0x0000021fee557f20 JavaThread "WorkspaceEventsHandler"            [_thread_blocked, id=23200, stack(0x000000d838b00000,0x000000d838c00000) (1024K)]
  0x0000021fee55cde0 JavaThread "pool-1-thread-1"                   [_thread_blocked, id=28952, stack(0x000000d838c00000,0x000000d838d00000) (1024K)]
  0x0000021fed0aa730 JavaThread "C2 CompilerThread1"         daemon [_thread_in_native, id=4984, stack(0x000000d836700000,0x000000d836800000) (1024K)]
  0x0000021fee5592d0 JavaThread "ForkJoinPool.commonPool-worker-1" daemon [_thread_blocked, id=5988, stack(0x000000d838d00000,0x000000d838e00000) (1024K)]
  0x0000021fee55d470 JavaThread "ForkJoinPool.commonPool-worker-2" daemon [_thread_blocked, id=31960, stack(0x000000d838e00000,0x000000d838f00000) (1024K)]
  0x0000021fee557200 JavaThread "ForkJoinPool.commonPool-worker-3" daemon [_thread_blocked, id=33572, stack(0x000000d838f00000,0x000000d839000000) (1024K)]
  0x0000021fee558c40 JavaThread "ForkJoinPool.commonPool-worker-4" daemon [_thread_blocked, id=7236, stack(0x000000d839000000,0x000000d839100000) (1024K)]
  0x0000021fee55a680 JavaThread "ForkJoinPool.commonPool-worker-5" daemon [_thread_blocked, id=3392, stack(0x000000d839100000,0x000000d839200000) (1024K)]
  0x0000021fee5585b0 JavaThread "ForkJoinPool.commonPool-worker-6" daemon [_thread_blocked, id=29868, stack(0x000000d839200000,0x000000d839300000) (1024K)]
  0x0000021fee559960 JavaThread "ParallelDescriptorResolver-0-0" daemon [_thread_in_native, id=21824, stack(0x000000d839300000,0x000000d839400000) (1024K)]
  0x0000021fee55c0c0 JavaThread "ParallelDescriptorResolver-0-1" daemon [_thread_in_native, id=3036, stack(0x000000d839400000,0x000000d839500000) (1024K)]
  0x0000021fee55c750 JavaThread "ParallelDescriptorResolver-0-2" daemon [_thread_in_native, id=16992, stack(0x000000d839500000,0x000000d839600000) (1024K)]
  0x0000021fee5564e0 JavaThread "ParallelDescriptorResolver-0-3" daemon [_thread_in_native, id=2504, stack(0x000000d839600000,0x000000d839700000) (1024K)]
  0x0000021fee559ff0 JavaThread "ParallelDescriptorResolver-0-4" daemon [_thread_in_native, id=17300, stack(0x000000d839700000,0x000000d839800000) (1024K)]
Total: 64

Other Threads:
  0x0000021fcdb31b20 VMThread "VM Thread"                           [id=9624, stack(0x000000d834a00000,0x000000d834b00000) (1024K)]
  0x0000021fe441ca00 WatcherThread "VM Periodic Task Thread"        [id=2496, stack(0x000000d834900000,0x000000d834a00000) (1024K)]
  0x0000021fcdab00e0 WorkerThread "GC Thread#0"                     [id=23012, stack(0x000000d834800000,0x000000d834900000) (1024K)]
  0x0000021fec737af0 WorkerThread "GC Thread#1"                     [id=16552, stack(0x000000d835900000,0x000000d835a00000) (1024K)]
  0x0000021fec6c8590 WorkerThread "GC Thread#2"                     [id=9900, stack(0x000000d835a00000,0x000000d835b00000) (1024K)]
  0x0000021fec6c8940 WorkerThread "GC Thread#3"                     [id=14580, stack(0x000000d835b00000,0x000000d835c00000) (1024K)]
  0x0000021fec6c8cf0 WorkerThread "GC Thread#4"                     [id=31408, stack(0x000000d835c00000,0x000000d835d00000) (1024K)]
  0x0000021fec6c90a0 WorkerThread "GC Thread#5"                     [id=31128, stack(0x000000d835d00000,0x000000d835e00000) (1024K)]
  0x0000021fec88b130 WorkerThread "GC Thread#6"                     [id=26680, stack(0x000000d835e00000,0x000000d835f00000) (1024K)]
  0x0000021fec88bc40 WorkerThread "GC Thread#7"                     [id=15092, stack(0x000000d836000000,0x000000d836100000) (1024K)]
  0x0000021fec88b890 WorkerThread "GC Thread#8"                     [id=19596, stack(0x000000d835400000,0x000000d835500000) (1024K)]
  0x0000021fec88a270 WorkerThread "GC Thread#9"                     [id=34268, stack(0x000000d835500000,0x000000d835600000) (1024K)]
  0x0000021fec88a620 WorkerThread "GC Thread#10"                    [id=14096, stack(0x000000d835700000,0x000000d835800000) (1024K)]
  0x0000021fec88a9d0 WorkerThread "GC Thread#11"                    [id=22660, stack(0x000000d836400000,0x000000d836500000) (1024K)]
  0x0000021fec4db870 WorkerThread "GC Thread#12"                    [id=33044, stack(0x000000d836b00000,0x000000d836c00000) (1024K)]
  0x0000021fec4dad60 WorkerThread "GC Thread#13"                    [id=20440, stack(0x000000d836c00000,0x000000d836d00000) (1024K)]
  0x0000021fec4d9af0 WorkerThread "GC Thread#14"                    [id=9784, stack(0x000000d837000000,0x000000d837100000) (1024K)]
Total: 17

Threads with active compile tasks:
C2 CompilerThread0  15599 8235 %     4       org.eclipse.jdt.internal.core.search.indexing.BinaryIndexer::extractReferenceFromConstantPool @ 15 (358 bytes)
C1 CompilerThread3  15599 8725   !   3       org.codehaus.plexus.interpolation.StringSearchInterpolator::interpolate (692 bytes)
C2 CompilerThread1  15599 8203   !   4       org.eclipse.jdt.internal.compiler.classfmt.ClassFileReader::<init> (1968 bytes)
Total: 3

VM state: not at safepoint (normal execution)

VM Mutex/Monitor currently owned by a thread: None

Heap address: 0x0000000080000000, size: 2048 MB, Compressed Oops mode: 32-bit

CDS archive(s) mapped at: [0x0000021f80000000-0x0000021f80ba0000-0x0000021f80ba0000), size 12189696, SharedBaseAddress: 0x0000021f80000000, ArchiveRelocationMode: 1.
Compressed class space mapped at: 0x0000021f81000000-0x0000021fc1000000, reserved size: 1073741824
Narrow klass base: 0x0000021f80000000, Narrow klass shift: 0, Narrow klass range: 0x100000000

GC Precious Log:
 CardTable entry size: 512
 CPUs: 20 total, 20 available
 Memory: 16124M
 Large Page Support: Disabled
 NUMA Support: Disabled
 Compressed Oops: Enabled (32-bit)
 Alignments: Space 512K, Generation 512K, Heap 2M
 Heap Min Capacity: 100M
 Heap Initial Capacity: 100M
 Heap Max Capacity: 2G
 Pre-touch: Disabled
 Parallel Workers: 15

Heap:
 PSYoungGen      total 10752K, used 8386K [0x00000000d5580000, 0x00000000d6300000, 0x0000000100000000)
  eden space 9216K, 77% used [0x00000000d5580000,0x00000000d5c6e7b8,0x00000000d5e80000)
  from space 1536K, 93% used [0x00000000d6180000,0x00000000d62e8000,0x00000000d6300000)
  to   space 2048K, 0% used [0x00000000d5f00000,0x00000000d5f00000,0x00000000d6100000)
 ParOldGen       total 96256K, used 95817K [0x0000000080000000, 0x0000000085e00000, 0x00000000d5580000)
  object space 96256K, 99% used [0x0000000080000000,0x0000000085d92588,0x0000000085e00000)
 Metaspace       used 51945K, committed 53312K, reserved 1114112K
  class space    used 5585K, committed 6208K, reserved 1048576K

Card table byte_map: [0x0000021fcd450000,0x0000021fcd860000] _byte_map_base: 0x0000021fcd050000

Marking Bits: (ParMarkBitMap*) 0x00007ffcbe2b4460
 Begin Bits: [0x0000021fdff40000, 0x0000021fe1f40000)
 End Bits:   [0x0000021fe1f40000, 0x0000021fe3f40000)

Polling page: 0x0000021fcba20000

Metaspace:

Usage:
  Non-class:     45.27 MB used.
      Class:      5.45 MB used.
       Both:     50.73 MB used.

Virtual space:
  Non-class space:       64.00 MB reserved,      46.00 MB ( 72%) committed,  1 nodes.
      Class space:        1.00 GB reserved,       6.06 MB ( <1%) committed,  1 nodes.
             Both:        1.06 GB reserved,      52.06 MB (  5%) committed. 

Chunk freelists:
   Non-Class:  1.78 MB
       Class:  9.78 MB
        Both:  11.56 MB

MaxMetaspaceSize: unlimited
CompressedClassSpaceSize: 1.00 GB
Initial GC threshold: 21.00 MB
Current GC threshold: 58.38 MB
CDS: on
 - commit_granule_bytes: 65536.
 - commit_granule_words: 8192.
 - virtual_space_node_default_size: 8388608.
 - enlarge_chunks_in_place: 1.
 - use_allocation_guard: 0.


Internal statistics:

num_allocs_failed_limit: 12.
num_arena_births: 1024.
num_arena_deaths: 14.
num_vsnodes_births: 2.
num_vsnodes_deaths: 0.
num_space_committed: 832.
num_space_uncommitted: 0.
num_chunks_returned_to_freelist: 26.
num_chunks_taken_from_freelist: 3394.
num_chunk_merges: 10.
num_chunk_splits: 2101.
num_chunks_enlarged: 1189.
num_inconsistent_stats: 0.

CodeHeap 'non-profiled nmethods': size=119168Kb used=3883Kb max_used=3883Kb free=115284Kb
 bounds [0x0000021fd8830000, 0x0000021fd8c00000, 0x0000021fdfc90000]
CodeHeap 'profiled nmethods': size=119104Kb used=17885Kb max_used=17885Kb free=101218Kb
 bounds [0x0000021fd0c90000, 0x0000021fd1e10000, 0x0000021fd80e0000]
CodeHeap 'non-nmethods': size=7488Kb used=3077Kb max_used=3139Kb free=4410Kb
 bounds [0x0000021fd80e0000, 0x0000021fd8410000, 0x0000021fd8830000]
CodeCache: size=245760Kb, used=24845Kb, max_used=24907Kb, free=220912Kb
 total_blobs=8704, nmethods=8008, adapters=599, full_count=0
Compilation: enabled, stopped_count=0, restarted_count=0

Compilation events (20 events):
Event: 15.529 Thread 0x0000021fcdb43df0 nmethod 8617 0x0000021fd1dd1b90 code [0x0000021fd1dd1d20, 0x0000021fd1dd1ed0]
Event: 15.529 Thread 0x0000021fcdb43df0 8618       2       java.util.regex.Pattern$Curly::study (153 bytes)
Event: 15.529 Thread 0x0000021fcdb444c0 8619       1       org.apache.maven.model.ActivationProperty::getName (5 bytes)
Event: 15.529 Thread 0x0000021fcdb422b0 8620       1       org.apache.maven.model.ActivationProperty::getValue (5 bytes)
Event: 15.529 Thread 0x0000021fcdb444c0 nmethod 8619 0x0000021fd8bf4e90 code [0x0000021fd8bf5020, 0x0000021fd8bf50e8]
Event: 15.529 Thread 0x0000021fcdb422b0 nmethod 8620 0x0000021fd8bf5190 code [0x0000021fd8bf5320, 0x0000021fd8bf53e8]
Event: 15.529 Thread 0x0000021fcdb444c0 8621       2       org.eclipse.sisu.wire.NamedIterableAdapter$NamedIterator::hasNext (10 bytes)
Event: 15.529 Thread 0x0000021fcdb422b0 8622   !   3       com.google.inject.internal.FactoryProxy::get (29 bytes)
Event: 15.529 Thread 0x0000021fcdb444c0 nmethod 8621 0x0000021fd1dd1f90 code [0x0000021fd1dd2140, 0x0000021fd1dd2278]
Event: 15.529 Thread 0x0000021fcdb43df0 nmethod 8618 0x0000021fd1dd2310 code [0x0000021fd1dd24c0, 0x0000021fd1dd2718]
Event: 15.529 Thread 0x0000021fcdb444c0 8625       2       java.util.regex.Pattern$$Lambda/0x800000030::is (9 bytes)
Event: 15.529 Thread 0x0000021fcdb422b0 nmethod 8622 0x0000021fd1dd2810 code [0x0000021fd1dd29e0, 0x0000021fd1dd2cb8]
Event: 15.529 Thread 0x0000021fcdb42980 nmethod 8608 0x0000021fd1dd2e10 code [0x0000021fd1dd3440, 0x0000021fd1dd5070]
Event: 15.529 Thread 0x0000021fcdb422b0 8627       2       java.util.regex.Pattern::group0 (1098 bytes)
Event: 15.529 Thread 0x0000021fcdb43df0 8626       2       org.apache.maven.model.building.DefaultModelProblemCollector::setSource (23 bytes)
Event: 15.529 Thread 0x0000021fcdb444c0 nmethod 8625 0x0000021fd1dd6290 code [0x0000021fd1dd6440, 0x0000021fd1dd6588]
Event: 15.530 Thread 0x0000021fcdb444c0 8628       1       org.apache.maven.model.BuildBase::getFinalName (5 bytes)
Event: 15.530 Thread 0x0000021fcdb43df0 nmethod 8626 0x0000021fd1dd6610 code [0x0000021fd1dd67a0, 0x0000021fd1dd6900]
Event: 15.530 Thread 0x0000021fcdb444c0 nmethod 8628 0x0000021fd8bf5490 code [0x0000021fd8bf5620, 0x0000021fd8bf56e8]
Event: 15.530 Thread 0x0000021fcdb444c0 8629       3       org.apache.maven.model.interpolation.StringVisitorModelInterpolator$ModelVisitor::visit (117 bytes)

GC Heap History (20 events):
Event: 15.247 GC heap after
{Heap after GC invocations=62 (full 2):
 PSYoungGen      total 10752K, used 1152K [0x00000000d5580000, 0x00000000d6180000, 0x0000000100000000)
  eden space 9216K, 0% used [0x00000000d5580000,0x00000000d5580000,0x00000000d5e80000)
  from space 1536K, 75% used [0x00000000d6000000,0x00000000d6120000,0x00000000d6180000)
  to   space 1536K, 0% used [0x00000000d5e80000,0x00000000d5e80000,0x00000000d6000000)
 ParOldGen       total 81408K, used 80955K [0x0000000080000000, 0x0000000084f80000, 0x00000000d5580000)
  object space 81408K, 99% used [0x0000000080000000,0x0000000084f0eee0,0x0000000084f80000)
 Metaspace       used 51223K, committed 52544K, reserved 1114112K
  class space    used 5505K, committed 6080K, reserved 1048576K
}
Event: 15.269 GC heap before
{Heap before GC invocations=63 (full 2):
 PSYoungGen      total 10752K, used 10368K [0x00000000d5580000, 0x00000000d6180000, 0x0000000100000000)
  eden space 9216K, 100% used [0x00000000d5580000,0x00000000d5e80000,0x00000000d5e80000)
  from space 1536K, 75% used [0x00000000d6000000,0x00000000d6120000,0x00000000d6180000)
  to   space 1536K, 0% used [0x00000000d5e80000,0x00000000d5e80000,0x00000000d6000000)
 ParOldGen       total 81408K, used 80955K [0x0000000080000000, 0x0000000084f80000, 0x00000000d5580000)
  object space 81408K, 99% used [0x0000000080000000,0x0000000084f0eee0,0x0000000084f80000)
 Metaspace       used 51374K, committed 52736K, reserved 1114112K
  class space    used 5527K, committed 6144K, reserved 1048576K
}
Event: 15.270 GC heap after
{Heap after GC invocations=63 (full 2):
 PSYoungGen      total 10752K, used 1248K [0x00000000d5580000, 0x00000000d6180000, 0x0000000100000000)
  eden space 9216K, 0% used [0x00000000d5580000,0x00000000d5580000,0x00000000d5e80000)
  from space 1536K, 81% used [0x00000000d5e80000,0x00000000d5fb8000,0x00000000d6000000)
  to   space 1536K, 0% used [0x00000000d6000000,0x00000000d6000000,0x00000000d6180000)
 ParOldGen       total 82432K, used 81931K [0x0000000080000000, 0x0000000085080000, 0x00000000d5580000)
  object space 82432K, 99% used [0x0000000080000000,0x0000000085002ee0,0x0000000085080000)
 Metaspace       used 51374K, committed 52736K, reserved 1114112K
  class space    used 5527K, committed 6144K, reserved 1048576K
}
Event: 15.291 GC heap before
{Heap before GC invocations=64 (full 2):
 PSYoungGen      total 10752K, used 10464K [0x00000000d5580000, 0x00000000d6180000, 0x0000000100000000)
  eden space 9216K, 100% used [0x00000000d5580000,0x00000000d5e80000,0x00000000d5e80000)
  from space 1536K, 81% used [0x00000000d5e80000,0x00000000d5fb8000,0x00000000d6000000)
  to   space 1536K, 0% used [0x00000000d6000000,0x00000000d6000000,0x00000000d6180000)
 ParOldGen       total 82432K, used 81931K [0x0000000080000000, 0x0000000085080000, 0x00000000d5580000)
  object space 82432K, 99% used [0x0000000080000000,0x0000000085002f10,0x0000000085080000)
 Metaspace       used 51554K, committed 52864K, reserved 1114112K
  class space    used 5561K, committed 6144K, reserved 1048576K
}
Event: 15.292 GC heap after
{Heap after GC invocations=64 (full 2):
 PSYoungGen      total 10752K, used 1024K [0x00000000d5580000, 0x00000000d6180000, 0x0000000100000000)
  eden space 9216K, 0% used [0x00000000d5580000,0x00000000d5580000,0x00000000d5e80000)
  from space 1536K, 66% used [0x00000000d6000000,0x00000000d6100000,0x00000000d6180000)
  to   space 1536K, 0% used [0x00000000d5e80000,0x00000000d5e80000,0x00000000d6000000)
 ParOldGen       total 83456K, used 82947K [0x0000000080000000, 0x0000000085180000, 0x00000000d5580000)
  object space 83456K, 99% used [0x0000000080000000,0x0000000085100f10,0x0000000085180000)
 Metaspace       used 51554K, committed 52864K, reserved 1114112K
  class space    used 5561K, committed 6144K, reserved 1048576K
}
Event: 15.317 GC heap before
{Heap before GC invocations=65 (full 2):
 PSYoungGen      total 10752K, used 10240K [0x00000000d5580000, 0x00000000d6180000, 0x0000000100000000)
  eden space 9216K, 100% used [0x00000000d5580000,0x00000000d5e80000,0x00000000d5e80000)
  from space 1536K, 66% used [0x00000000d6000000,0x00000000d6100000,0x00000000d6180000)
  to   space 1536K, 0% used [0x00000000d5e80000,0x00000000d5e80000,0x00000000d6000000)
 ParOldGen       total 83456K, used 82985K [0x0000000080000000, 0x0000000085180000, 0x00000000d5580000)
  object space 83456K, 99% used [0x0000000080000000,0x000000008510a520,0x0000000085180000)
 Metaspace       used 51588K, committed 52928K, reserved 1114112K
  class space    used 5567K, committed 6144K, reserved 1048576K
}
Event: 15.318 GC heap after
{Heap after GC invocations=65 (full 2):
 PSYoungGen      total 10752K, used 1216K [0x00000000d5580000, 0x00000000d6180000, 0x0000000100000000)
  eden space 9216K, 0% used [0x00000000d5580000,0x00000000d5580000,0x00000000d5e80000)
  from space 1536K, 79% used [0x00000000d5e80000,0x00000000d5fb0000,0x00000000d6000000)
  to   space 1536K, 0% used [0x00000000d6000000,0x00000000d6000000,0x00000000d6180000)
 ParOldGen       total 83968K, used 83809K [0x0000000080000000, 0x0000000085200000, 0x00000000d5580000)
  object space 83968K, 99% used [0x0000000080000000,0x00000000851d8520,0x0000000085200000)
 Metaspace       used 51588K, committed 52928K, reserved 1114112K
  class space    used 5567K, committed 6144K, reserved 1048576K
}
Event: 15.344 GC heap before
{Heap before GC invocations=66 (full 2):
 PSYoungGen      total 10752K, used 10432K [0x00000000d5580000, 0x00000000d6180000, 0x0000000100000000)
  eden space 9216K, 100% used [0x00000000d5580000,0x00000000d5e80000,0x00000000d5e80000)
  from space 1536K, 79% used [0x00000000d5e80000,0x00000000d5fb0000,0x00000000d6000000)
  to   space 1536K, 0% used [0x00000000d6000000,0x00000000d6000000,0x00000000d6180000)
 ParOldGen       total 83968K, used 83809K [0x0000000080000000, 0x0000000085200000, 0x00000000d5580000)
  object space 83968K, 99% used [0x0000000080000000,0x00000000851d8520,0x0000000085200000)
 Metaspace       used 51656K, committed 52992K, reserved 1114112K
  class space    used 5574K, committed 6144K, reserved 1048576K
}
Event: 15.346 GC heap after
{Heap after GC invocations=66 (full 2):
 PSYoungGen      total 10752K, used 1152K [0x00000000d5580000, 0x00000000d6180000, 0x0000000100000000)
  eden space 9216K, 0% used [0x00000000d5580000,0x00000000d5580000,0x00000000d5e80000)
  from space 1536K, 75% used [0x00000000d6000000,0x00000000d6120000,0x00000000d6180000)
  to   space 1536K, 0% used [0x00000000d5e80000,0x00000000d5e80000,0x00000000d6000000)
 ParOldGen       total 84992K, used 84837K [0x0000000080000000, 0x0000000085300000, 0x00000000d5580000)
  object space 84992K, 99% used [0x0000000080000000,0x00000000852d9530,0x0000000085300000)
 Metaspace       used 51656K, committed 52992K, reserved 1114112K
  class space    used 5574K, committed 6144K, reserved 1048576K
}
Event: 15.375 GC heap before
{Heap before GC invocations=67 (full 2):
 PSYoungGen      total 10752K, used 10368K [0x00000000d5580000, 0x00000000d6180000, 0x0000000100000000)
  eden space 9216K, 100% used [0x00000000d5580000,0x00000000d5e80000,0x00000000d5e80000)
  from space 1536K, 75% used [0x00000000d6000000,0x00000000d6120000,0x00000000d6180000)
  to   space 1536K, 0% used [0x00000000d5e80000,0x00000000d5e80000,0x00000000d6000000)
 ParOldGen       total 84992K, used 84837K [0x0000000080000000, 0x0000000085300000, 0x00000000d5580000)
  object space 84992K, 99% used [0x0000000080000000,0x00000000852d9530,0x0000000085300000)
 Metaspace       used 51696K, committed 53056K, reserved 1114112K
  class space    used 5579K, committed 6208K, reserved 1048576K
}
Event: 15.376 GC heap after
{Heap after GC invocations=67 (full 2):
 PSYoungGen      total 10752K, used 1536K [0x00000000d5580000, 0x00000000d6480000, 0x0000000100000000)
  eden space 9216K, 0% used [0x00000000d5580000,0x00000000d5580000,0x00000000d5e80000)
  from space 1536K, 100% used [0x00000000d5e80000,0x00000000d6000000,0x00000000d6000000)
  to   space 3072K, 0% used [0x00000000d6180000,0x00000000d6180000,0x00000000d6480000)
 ParOldGen       total 86016K, used 85893K [0x0000000080000000, 0x0000000085400000, 0x00000000d5580000)
  object space 86016K, 99% used [0x0000000080000000,0x00000000853e1530,0x0000000085400000)
 Metaspace       used 51696K, committed 53056K, reserved 1114112K
  class space    used 5579K, committed 6208K, reserved 1048576K
}
Event: 15.402 GC heap before
{Heap before GC invocations=68 (full 2):
 PSYoungGen      total 10752K, used 10752K [0x00000000d5580000, 0x00000000d6480000, 0x0000000100000000)
  eden space 9216K, 100% used [0x00000000d5580000,0x00000000d5e80000,0x00000000d5e80000)
  from space 1536K, 100% used [0x00000000d5e80000,0x00000000d6000000,0x00000000d6000000)
  to   space 3072K, 0% used [0x00000000d6180000,0x00000000d6180000,0x00000000d6480000)
 ParOldGen       total 86016K, used 85893K [0x0000000080000000, 0x0000000085400000, 0x00000000d5580000)
  object space 86016K, 99% used [0x0000000080000000,0x00000000853e1530,0x0000000085400000)
 Metaspace       used 51769K, committed 53120K, reserved 1114112K
  class space    used 5580K, committed 6208K, reserved 1048576K
}
Event: 15.404 GC heap after
{Heap after GC invocations=68 (full 2):
 PSYoungGen      total 10752K, used 1376K [0x00000000d5580000, 0x00000000d6300000, 0x0000000100000000)
  eden space 9216K, 0% used [0x00000000d5580000,0x00000000d5580000,0x00000000d5e80000)
  from space 1536K, 89% used [0x00000000d6180000,0x00000000d62d8000,0x00000000d6300000)
  to   space 2048K, 0% used [0x00000000d5f00000,0x00000000d5f00000,0x00000000d6100000)
 ParOldGen       total 87552K, used 87237K [0x0000000080000000, 0x0000000085580000, 0x00000000d5580000)
  object space 87552K, 99% used [0x0000000080000000,0x0000000085531530,0x0000000085580000)
 Metaspace       used 51769K, committed 53120K, reserved 1114112K
  class space    used 5580K, committed 6208K, reserved 1048576K
}
Event: 15.435 GC heap before
{Heap before GC invocations=69 (full 2):
 PSYoungGen      total 10752K, used 10592K [0x00000000d5580000, 0x00000000d6300000, 0x0000000100000000)
  eden space 9216K, 100% used [0x00000000d5580000,0x00000000d5e80000,0x00000000d5e80000)
  from space 1536K, 89% used [0x00000000d6180000,0x00000000d62d8000,0x00000000d6300000)
  to   space 2048K, 0% used [0x00000000d5f00000,0x00000000d5f00000,0x00000000d6100000)
 ParOldGen       total 87552K, used 87237K [0x0000000080000000, 0x0000000085580000, 0x00000000d5580000)
  object space 87552K, 99% used [0x0000000080000000,0x0000000085531530,0x0000000085580000)
 Metaspace       used 51808K, committed 53120K, reserved 1114112K
  class space    used 5584K, committed 6208K, reserved 1048576K
}
Event: 15.436 GC heap after
{Heap after GC invocations=69 (full 2):
 PSYoungGen      total 10752K, used 1184K [0x00000000d5580000, 0x00000000d6200000, 0x0000000100000000)
  eden space 9216K, 0% used [0x00000000d5580000,0x00000000d5580000,0x00000000d5e80000)
  from space 1536K, 77% used [0x00000000d5f00000,0x00000000d6028000,0x00000000d6080000)
  to   space 1536K, 0% used [0x00000000d6080000,0x00000000d6080000,0x00000000d6200000)
 ParOldGen       total 88576K, used 88381K [0x0000000080000000, 0x0000000085680000, 0x00000000d5580000)
  object space 88576K, 99% used [0x0000000080000000,0x000000008564f530,0x0000000085680000)
 Metaspace       used 51808K, committed 53120K, reserved 1114112K
  class space    used 5584K, committed 6208K, reserved 1048576K
}
Event: 15.462 GC heap before
{Heap before GC invocations=70 (full 2):
 PSYoungGen      total 10752K, used 10400K [0x00000000d5580000, 0x00000000d6200000, 0x0000000100000000)
  eden space 9216K, 100% used [0x00000000d5580000,0x00000000d5e80000,0x00000000d5e80000)
  from space 1536K, 77% used [0x00000000d5f00000,0x00000000d6028000,0x00000000d6080000)
  to   space 1536K, 0% used [0x00000000d6080000,0x00000000d6080000,0x00000000d6200000)
 ParOldGen       total 88576K, used 88381K [0x0000000080000000, 0x0000000085680000, 0x00000000d5580000)
  object space 88576K, 99% used [0x0000000080000000,0x000000008564f530,0x0000000085680000)
 Metaspace       used 51829K, committed 53184K, reserved 1114112K
  class space    used 5584K, committed 6208K, reserved 1048576K
}
Event: 15.463 GC heap after
{Heap after GC invocations=70 (full 2):
 PSYoungGen      total 10752K, used 1200K [0x00000000d5580000, 0x00000000d6200000, 0x0000000100000000)
  eden space 9216K, 0% used [0x00000000d5580000,0x00000000d5580000,0x00000000d5e80000)
  from space 1536K, 78% used [0x00000000d6080000,0x00000000d61ac010,0x00000000d6200000)
  to   space 1536K, 0% used [0x00000000d5f00000,0x00000000d5f00000,0x00000000d6080000)
 ParOldGen       total 89600K, used 89257K [0x0000000080000000, 0x0000000085780000, 0x00000000d5580000)
  object space 89600K, 99% used [0x0000000080000000,0x000000008572a540,0x0000000085780000)
 Metaspace       used 51829K, committed 53184K, reserved 1114112K
  class space    used 5584K, committed 6208K, reserved 1048576K
}
Event: 15.487 GC heap before
{Heap before GC invocations=71 (full 2):
 PSYoungGen      total 10752K, used 10416K [0x00000000d5580000, 0x00000000d6200000, 0x0000000100000000)
  eden space 9216K, 100% used [0x00000000d5580000,0x00000000d5e80000,0x00000000d5e80000)
  from space 1536K, 78% used [0x00000000d6080000,0x00000000d61ac010,0x00000000d6200000)
  to   space 1536K, 0% used [0x00000000d5f00000,0x00000000d5f00000,0x00000000d6080000)
 ParOldGen       total 89600K, used 89257K [0x0000000080000000, 0x0000000085780000, 0x00000000d5580000)
  object space 89600K, 99% used [0x0000000080000000,0x000000008572a540,0x0000000085780000)
 Metaspace       used 51847K, committed 53248K, reserved 1114112K
  class space    used 5584K, committed 6208K, reserved 1048576K
}
Event: 15.490 GC heap after
{Heap after GC invocations=71 (full 2):
 PSYoungGen      total 10752K, used 1280K [0x00000000d5580000, 0x00000000d6180000, 0x0000000100000000)
  eden space 9216K, 0% used [0x00000000d5580000,0x00000000d5580000,0x00000000d5e80000)
  from space 1536K, 83% used [0x00000000d5f00000,0x00000000d6040010,0x00000000d6080000)
  to   space 1024K, 0% used [0x00000000d6080000,0x00000000d6080000,0x00000000d6180000)
 ParOldGen       total 92160K, used 92001K [0x0000000080000000, 0x0000000085a00000, 0x00000000d5580000)
  object space 92160K, 99% used [0x0000000080000000,0x00000000859d8548,0x0000000085a00000)
 Metaspace       used 51847K, committed 53248K, reserved 1114112K
  class space    used 5584K, committed 6208K, reserved 1048576K
}
Event: 15.530 GC heap before
{Heap before GC invocations=72 (full 2):
 PSYoungGen      total 10752K, used 10496K [0x00000000d5580000, 0x00000000d6180000, 0x0000000100000000)
  eden space 9216K, 100% used [0x00000000d5580000,0x00000000d5e80000,0x00000000d5e80000)
  from space 1536K, 83% used [0x00000000d5f00000,0x00000000d6040010,0x00000000d6080000)
  to   space 1024K, 0% used [0x00000000d6080000,0x00000000d6080000,0x00000000d6180000)
 ParOldGen       total 92160K, used 92001K [0x0000000080000000, 0x0000000085a00000, 0x00000000d5580000)
  object space 92160K, 99% used [0x0000000080000000,0x00000000859d8548,0x0000000085a00000)
 Metaspace       used 51889K, committed 53248K, reserved 1114112K
  class space    used 5584K, committed 6208K, reserved 1048576K
}

Dll operation events (10 events):
Event: 0.012 Loaded shared library c:\Users\50449\.cursor\extensions\redhat.java-1.55.0-win32-x64\jre\21.0.11-win32-x86_64\bin\java.dll
Event: 0.036 Loaded shared library c:\Users\50449\.cursor\extensions\redhat.java-1.55.0-win32-x64\jre\21.0.11-win32-x86_64\bin\zip.dll
Event: 0.089 Loaded shared library C:\Users\50449\.cursor\extensions\redhat.java-1.55.0-win32-x64\jre\21.0.11-win32-x86_64\bin\instrument.dll
Event: 0.095 Loaded shared library C:\Users\50449\.cursor\extensions\redhat.java-1.55.0-win32-x64\jre\21.0.11-win32-x86_64\bin\net.dll
Event: 0.099 Loaded shared library C:\Users\50449\.cursor\extensions\redhat.java-1.55.0-win32-x64\jre\21.0.11-win32-x86_64\bin\nio.dll
Event: 0.102 Loaded shared library C:\Users\50449\.cursor\extensions\redhat.java-1.55.0-win32-x64\jre\21.0.11-win32-x86_64\bin\zip.dll
Event: 0.116 Loaded shared library C:\Users\50449\.cursor\extensions\redhat.java-1.55.0-win32-x64\jre\21.0.11-win32-x86_64\bin\jimage.dll
Event: 0.203 Loaded shared library c:\Users\50449\.cursor\extensions\redhat.java-1.55.0-win32-x64\jre\21.0.11-win32-x86_64\bin\verify.dll
Event: 3.910 Loaded shared library C:\Users\50449\AppData\Roaming\Cursor\User\globalStorage\redhat.java\1.55.0\config_win\org.eclipse.equinox.launcher\org.eclipse.equinox.launcher.win32.win32.x86_64_1.3.100.v20260613-0559\eclipse_11924.dll
Event: 10.120 Loaded shared library C:\Users\50449\AppData\Local\Temp\jna-50428222\jna6104952439325166478.dll

Deoptimization events (20 events):
Event: 15.479 Thread 0x0000021fed185840 DEOPT PACKING pc=0x0000021fd1bb534f sp=0x000000d8371feb30
Event: 15.479 Thread 0x0000021fed185840 DEOPT UNPACKING pc=0x0000021fd8134242 sp=0x000000d8371fdfc8 mode 0
Event: 15.485 Thread 0x0000021fee559ff0 Uncommon trap: trap_request=0xffffffde fr.pc=0x0000021fd8936ba0 relative=0x00000000000002c0
Event: 15.485 Thread 0x0000021fee559ff0 Uncommon trap: reason=class_check action=maybe_recompile pc=0x0000021fd8936ba0 method=java.util.Collections$UnmodifiableMap.getOrDefault(Ljava/lang/Object;Ljava/lang/Object;)Ljava/lang/Object; @ 6 c2
Event: 15.485 Thread 0x0000021fee559ff0 DEOPT PACKING pc=0x0000021fd8936ba0 sp=0x000000d8397fe590
Event: 15.485 Thread 0x0000021fee559ff0 DEOPT UNPACKING pc=0x0000021fd8133aa2 sp=0x000000d8397fe530 mode 2
Event: 15.513 Thread 0x0000021fed185840 DEOPT PACKING pc=0x0000021fd1b8470a sp=0x000000d8371fea80
Event: 15.513 Thread 0x0000021fed185840 DEOPT UNPACKING pc=0x0000021fd8134242 sp=0x000000d8371fdff8 mode 0
Event: 15.518 Thread 0x0000021fed185840 DEOPT PACKING pc=0x0000021fd1bb8e50 sp=0x000000d8371feb80
Event: 15.518 Thread 0x0000021fed185840 DEOPT UNPACKING pc=0x0000021fd8134242 sp=0x000000d8371fdfd8 mode 0
Event: 15.523 Thread 0x0000021fed185840 DEOPT PACKING pc=0x0000021fd1d0a253 sp=0x000000d8371feab0
Event: 15.523 Thread 0x0000021fed185840 DEOPT UNPACKING pc=0x0000021fd8134242 sp=0x000000d8371fe018 mode 0
Event: 15.523 Thread 0x0000021fed185840 DEOPT PACKING pc=0x0000021fd1b8470a sp=0x000000d8371fea80
Event: 15.523 Thread 0x0000021fed185840 DEOPT UNPACKING pc=0x0000021fd8134242 sp=0x000000d8371fdff8 mode 0
Event: 15.524 Thread 0x0000021fed185840 DEOPT PACKING pc=0x0000021fd1bb534f sp=0x000000d8371feb30
Event: 15.524 Thread 0x0000021fed185840 DEOPT UNPACKING pc=0x0000021fd8134242 sp=0x000000d8371fdfc8 mode 0
Event: 15.527 Thread 0x0000021fed185840 DEOPT PACKING pc=0x0000021fd1d0a253 sp=0x000000d8371feab0
Event: 15.527 Thread 0x0000021fed185840 DEOPT UNPACKING pc=0x0000021fd8134242 sp=0x000000d8371fe018 mode 0
Event: 15.528 Thread 0x0000021fed185840 DEOPT PACKING pc=0x0000021fd1bb8e50 sp=0x000000d8371feb80
Event: 15.528 Thread 0x0000021fed185840 DEOPT UNPACKING pc=0x0000021fd8134242 sp=0x000000d8371fdfd8 mode 0

Classes loaded (20 events):
Event: 14.803 Loading class jdk/internal/icu/text/NormalizerBase$NFCModeImpl
Event: 14.803 Loading class jdk/internal/icu/text/NormalizerBase$NFCModeImpl done
Event: 14.803 Loading class jdk/internal/icu/impl/Norm2AllModes$NFCSingleton
Event: 14.803 Loading class jdk/internal/icu/impl/Norm2AllModes$NFCSingleton done
Event: 14.804 Loading class java/nio/StringCharBuffer
Event: 14.804 Loading class java/nio/StringCharBuffer done
Event: 14.818 Loading class java/util/Collections$SynchronizedRandomAccessList
Event: 14.818 Loading class java/util/Collections$SynchronizedList
Event: 14.818 Loading class java/util/Collections$SynchronizedList done
Event: 14.818 Loading class java/util/Collections$SynchronizedRandomAccessList done
Event: 14.820 Loading class java/util/concurrent/CompletableFuture$Signaller
Event: 14.820 Loading class java/util/concurrent/CompletableFuture$Signaller done
Event: 14.837 Loading class java/util/concurrent/CompletableFuture$UniApply
Event: 14.837 Loading class java/util/concurrent/CompletableFuture$UniApply done
Event: 14.838 Loading class java/util/concurrent/CompletableFuture$UniExceptionally
Event: 14.838 Loading class java/util/concurrent/CompletableFuture$UniExceptionally done
Event: 15.103 Loading class java/util/Hashtable$KeySet
Event: 15.103 Loading class java/util/Hashtable$KeySet done
Event: 15.349 Loading class sun/nio/cs/ISO_8859_1$Decoder
Event: 15.349 Loading class sun/nio/cs/ISO_8859_1$Decoder done

Classes unloaded (7 events):
Event: 10.705 Thread 0x0000021fcdb31b20 Unloading class 0x0000021f811a8800 'java/lang/invoke/LambdaForm$MH+0x0000021f811a8800'
Event: 10.705 Thread 0x0000021fcdb31b20 Unloading class 0x0000021f811a8400 'java/lang/invoke/LambdaForm$MH+0x0000021f811a8400'
Event: 10.705 Thread 0x0000021fcdb31b20 Unloading class 0x0000021f811a8000 'java/lang/invoke/LambdaForm$MH+0x0000021f811a8000'
Event: 10.705 Thread 0x0000021fcdb31b20 Unloading class 0x0000021f811a7c00 'java/lang/invoke/LambdaForm$MH+0x0000021f811a7c00'
Event: 10.705 Thread 0x0000021fcdb31b20 Unloading class 0x0000021f811a7800 'java/lang/invoke/LambdaForm$BMH+0x0000021f811a7800'
Event: 10.705 Thread 0x0000021fcdb31b20 Unloading class 0x0000021f811a7400 'java/lang/invoke/LambdaForm$DMH+0x0000021f811a7400'
Event: 10.705 Thread 0x0000021fcdb31b20 Unloading class 0x0000021f811a6400 'java/lang/invoke/LambdaForm$DMH+0x0000021f811a6400'

Classes redefined (0 events):
No events

Internal exceptions (20 events):
Event: 14.835 Thread 0x0000021fee55cde0 Exception <a 'sun/nio/fs/WindowsException'{0x00000000d5cc6400}> (0x00000000d5cc6400) 
thrown [s\src\hotspot\share\prims\jni.cpp, line 520]
Event: 14.835 Thread 0x0000021fee55cde0 Exception <a 'sun/nio/fs/WindowsException'{0x00000000d5d09d48}> (0x00000000d5d09d48) 
thrown [s\src\hotspot\share\prims\jni.cpp, line 520]
Event: 14.835 Thread 0x0000021fee55cde0 Exception <a 'sun/nio/fs/WindowsException'{0x00000000d5d0a6a0}> (0x00000000d5d0a6a0) 
thrown [s\src\hotspot\share\prims\jni.cpp, line 520]
Event: 14.836 Thread 0x0000021fee55cde0 Exception <a 'sun/nio/fs/WindowsException'{0x00000000d5d340c0}> (0x00000000d5d340c0) 
thrown [s\src\hotspot\share\prims\jni.cpp, line 520]
Event: 14.836 Thread 0x0000021fee55cde0 Exception <a 'sun/nio/fs/WindowsException'{0x00000000d5d43608}> (0x00000000d5d43608) 
thrown [s\src\hotspot\share\prims\jni.cpp, line 520]
Event: 14.837 Thread 0x0000021fee55cde0 Exception <a 'java/lang/IncompatibleClassChangeError'{0x00000000d5dacb68}: Found class java.lang.Object, but interface was expected> (0x00000000d5dacb68) 
thrown [s\src\hotspot\share\interpreter\linkResolver.cpp, line 840]
Event: 15.104 Thread 0x0000021fed1851b0 Exception <a 'java/io/FileNotFoundException'{0x00000000d58114f8}> (0x00000000d58114f8) 
thrown [s\src\hotspot\share\prims\jni.cpp, line 520]
Event: 15.104 Thread 0x0000021fed1851b0 Exception <a 'java/io/FileNotFoundException'{0x00000000d5812850}> (0x00000000d5812850) 
thrown [s\src\hotspot\share\prims\jni.cpp, line 520]
Event: 15.104 Thread 0x0000021fed1851b0 Exception <a 'java/io/FileNotFoundException'{0x00000000d58137a0}> (0x00000000d58137a0) 
thrown [s\src\hotspot\share\prims\jni.cpp, line 520]
Event: 15.117 Thread 0x0000021fed1851b0 Exception <a 'sun/nio/fs/WindowsException'{0x00000000d5b61808}> (0x00000000d5b61808) 
thrown [s\src\hotspot\share\prims\jni.cpp, line 520]
Event: 15.117 Thread 0x0000021fed1851b0 Exception <a 'sun/nio/fs/WindowsException'{0x00000000d5b61e58}> (0x00000000d5b61e58) 
thrown [s\src\hotspot\share\prims\jni.cpp, line 520]
Event: 15.117 Thread 0x0000021fed1851b0 Exception <a 'sun/nio/fs/WindowsException'{0x00000000d5b62c60}> (0x00000000d5b62c60) 
thrown [s\src\hotspot\share\prims\jni.cpp, line 520]
Event: 15.117 Thread 0x0000021fed1851b0 Exception <a 'sun/nio/fs/WindowsException'{0x00000000d5bbd9f8}> (0x00000000d5bbd9f8) 
thrown [s\src\hotspot\share\prims\jni.cpp, line 520]
Event: 15.119 Thread 0x0000021fed1851b0 Exception <a 'java/io/FileNotFoundException'{0x00000000d5c04f88}> (0x00000000d5c04f88) 
thrown [s\src\hotspot\share\prims\jni.cpp, line 520]
Event: 15.119 Thread 0x0000021fed1851b0 Exception <a 'java/io/FileNotFoundException'{0x00000000d5c05f10}> (0x00000000d5c05f10) 
thrown [s\src\hotspot\share\prims\jni.cpp, line 520]
Event: 15.141 Thread 0x0000021fed1851b0 Exception <a 'sun/nio/fs/WindowsException'{0x00000000d58d9908}> (0x00000000d58d9908) 
thrown [s\src\hotspot\share\prims\jni.cpp, line 520]
Event: 15.141 Thread 0x0000021fed1851b0 Exception <a 'sun/nio/fs/WindowsException'{0x00000000d58d9f58}> (0x00000000d58d9f58) 
thrown [s\src\hotspot\share\prims\jni.cpp, line 520]
Event: 15.211 Thread 0x0000021fed1851b0 Exception <a 'java/lang/NoSuchMethodError'{0x00000000d58bc9e0}: 'void java.lang.invoke.DirectMethodHandle$Holder.invokeStatic(java.lang.Object, java.lang.Object, java.lang.Object, int)'> (0x00000000d58bc9e0) 
thrown [s\src\hotspot\share\interpreter\linkResolver.cpp, line 773]
Event: 15.219 Thread 0x0000021fed1851b0 Exception <a 'java/lang/NoSuchMethodError'{0x00000000d5b8ce68}: 'void java.lang.invoke.DirectMethodHandle$Holder.invokeVirtual(java.lang.Object, java.lang.Object, int)'> (0x00000000d5b8ce68) 
thrown [s\src\hotspot\share\interpreter\linkResolver.cpp, line 773]
Event: 15.263 Thread 0x0000021fed1851b0 Exception <a 'java/lang/NoSuchMethodError'{0x00000000d5c5d238}: 'void java.lang.invoke.DirectMethodHandle$Holder.invokeInterface(java.lang.Object, java.lang.Object)'> (0x00000000d5c5d238) 
thrown [s\src\hotspot\share\interpreter\linkResolver.cpp, line 773]

ZGC Phase Switch (0 events):
No events

VM Operations (20 events):
Event: 15.270 Executing safepoint VM operation: ParallelGCFailedAllocation (Allocation Failure) done
Event: 15.291 Executing safepoint VM operation: ParallelGCFailedAllocation (Allocation Failure)
Event: 15.291 Executing safepoint VM operation: ParallelGCFailedAllocation (Allocation Failure) done
Event: 15.291 Executing safepoint VM operation: ParallelGCSystemGC (GCLocker Initiated GC)
Event: 15.292 Executing safepoint VM operation: ParallelGCSystemGC (GCLocker Initiated GC) done
Event: 15.317 Executing safepoint VM operation: ParallelGCFailedAllocation (Allocation Failure)
Event: 15.318 Executing safepoint VM operation: ParallelGCFailedAllocation (Allocation Failure) done
Event: 15.344 Executing safepoint VM operation: ParallelGCFailedAllocation (Allocation Failure)
Event: 15.346 Executing safepoint VM operation: ParallelGCFailedAllocation (Allocation Failure) done
Event: 15.375 Executing safepoint VM operation: ParallelGCFailedAllocation (Allocation Failure)
Event: 15.376 Executing safepoint VM operation: ParallelGCFailedAllocation (Allocation Failure) done
Event: 15.402 Executing safepoint VM operation: ParallelGCFailedAllocation (Allocation Failure)
Event: 15.404 Executing safepoint VM operation: ParallelGCFailedAllocation (Allocation Failure) done
Event: 15.435 Executing safepoint VM operation: ParallelGCFailedAllocation (Allocation Failure)
Event: 15.436 Executing safepoint VM operation: ParallelGCFailedAllocation (Allocation Failure) done
Event: 15.462 Executing safepoint VM operation: ParallelGCFailedAllocation (Allocation Failure)
Event: 15.463 Executing safepoint VM operation: ParallelGCFailedAllocation (Allocation Failure) done
Event: 15.487 Executing safepoint VM operation: ParallelGCFailedAllocation (Allocation Failure)
Event: 15.490 Executing safepoint VM operation: ParallelGCFailedAllocation (Allocation Failure) done
Event: 15.530 Executing safepoint VM operation: ParallelGCFailedAllocation (Allocation Failure)

Memory protections (0 events):
No events

Nmethod flushes (20 events):
Event: 12.014 Thread 0x0000021fcdb31b20 flushing  nmethod 0x0000021fd136e810
Event: 12.014 Thread 0x0000021fcdb31b20 flushing  nmethod 0x0000021fd1386590
Event: 12.014 Thread 0x0000021fcdb31b20 flushing  nmethod 0x0000021fd1390f90
Event: 12.014 Thread 0x0000021fcdb31b20 flushing  nmethod 0x0000021fd13a3590
Event: 12.014 Thread 0x0000021fcdb31b20 flushing  nmethod 0x0000021fd13b9d10
Event: 12.014 Thread 0x0000021fcdb31b20 flushing  nmethod 0x0000021fd13efa90
Event: 12.014 Thread 0x0000021fcdb31b20 flushing  nmethod 0x0000021fd13f1f10
Event: 12.014 Thread 0x0000021fcdb31b20 flushing  nmethod 0x0000021fd13f2810
Event: 12.014 Thread 0x0000021fcdb31b20 flushing  nmethod 0x0000021fd13f3a10
Event: 12.014 Thread 0x0000021fcdb31b20 flushing  nmethod 0x0000021fd13f4590
Event: 12.014 Thread 0x0000021fcdb31b20 flushing  nmethod 0x0000021fd13f6290
Event: 12.014 Thread 0x0000021fcdb31b20 flushing  nmethod 0x0000021fd13f6790
Event: 12.014 Thread 0x0000021fcdb31b20 flushing  nmethod 0x0000021fd13f7090
Event: 12.014 Thread 0x0000021fcdb31b20 flushing  nmethod 0x0000021fd13f7910
Event: 12.014 Thread 0x0000021fcdb31b20 flushing  nmethod 0x0000021fd13f8810
Event: 12.014 Thread 0x0000021fcdb31b20 flushing  nmethod 0x0000021fd13fa290
Event: 12.014 Thread 0x0000021fcdb31b20 flushing  nmethod 0x0000021fd13fc010
Event: 12.014 Thread 0x0000021fcdb31b20 flushing  nmethod 0x0000021fd1460910
Event: 12.014 Thread 0x0000021fcdb31b20 flushing  nmethod 0x0000021fd1468390
Event: 12.014 Thread 0x0000021fcdb31b20 flushing  nmethod 0x0000021fd1468790

Events (20 events):
Event: 11.955 Thread 0x0000021fcda92e70 Thread added: 0x0000021fed8287a0
Event: 11.955 Thread 0x0000021fcda92e70 Thread added: 0x0000021fed8294c0
Event: 11.981 Thread 0x0000021fcda92e70 Thread added: 0x0000021fee557890
Event: 12.126 Thread 0x0000021fcda92e70 Thread added: 0x0000021fee557f20
Event: 12.126 Thread 0x0000021fcda92e70 Thread added: 0x0000021fee55cde0
Event: 13.471 Thread 0x0000021fcdb41510 Thread exited: 0x0000021fcdb41510
Event: 14.137 Thread 0x0000021fed1830e0 Thread added: 0x0000021fee55ad10
Event: 14.801 Thread 0x0000021fee55ad10 Thread exited: 0x0000021fee55ad10
Event: 14.818 Thread 0x0000021fcdb422b0 Thread added: 0x0000021fed0aa730
Event: 14.838 Thread 0x0000021fee55cde0 Thread added: 0x0000021fee5592d0
Event: 14.838 Thread 0x0000021fee55cde0 Thread added: 0x0000021fee55d470
Event: 14.839 Thread 0x0000021fee55d470 Thread added: 0x0000021fee557200
Event: 14.839 Thread 0x0000021fee557200 Thread added: 0x0000021fee558c40
Event: 14.839 Thread 0x0000021fee558c40 Thread added: 0x0000021fee55a680
Event: 14.839 Thread 0x0000021fee55a680 Thread added: 0x0000021fee5585b0
Event: 15.270 Thread 0x0000021fed1851b0 Thread added: 0x0000021fee559960
Event: 15.271 Thread 0x0000021fed1851b0 Thread added: 0x0000021fee55c0c0
Event: 15.271 Thread 0x0000021fed1851b0 Thread added: 0x0000021fee55c750
Event: 15.271 Thread 0x0000021fed1851b0 Thread added: 0x0000021fee5564e0
Event: 15.271 Thread 0x0000021fed1851b0 Thread added: 0x0000021fee559ff0


Dynamic libraries:
0x00007ff7e1130000 - 0x00007ff7e113e000 	c:\Users\50449\.cursor\extensions\redhat.java-1.55.0-win32-x64\jre\21.0.11-win32-x86_64\bin\java.exe
0x00007ffd1c510000 - 0x00007ffd1c728000 	C:\WINDOWS\SYSTEM32\ntdll.dll
0x00007ffd1b1b0000 - 0x00007ffd1b274000 	C:\WINDOWS\System32\KERNEL32.DLL
0x00007ffd19850000 - 0x00007ffd19c23000 	C:\WINDOWS\System32\KERNELBASE.dll
0x00007ffd19dd0000 - 0x00007ffd19ee1000 	C:\WINDOWS\System32\ucrtbase.dll
0x00007ffcbe430000 - 0x00007ffcbe448000 	c:\Users\50449\.cursor\extensions\redhat.java-1.55.0-win32-x64\jre\21.0.11-win32-x86_64\bin\jli.dll
0x00007ffcbeec0000 - 0x00007ffcbeede000 	c:\Users\50449\.cursor\extensions\redhat.java-1.55.0-win32-x64\jre\21.0.11-win32-x86_64\bin\VCRUNTIME140.dll
0x00007ffd1a740000 - 0x00007ffd1a8f2000 	C:\WINDOWS\System32\USER32.dll
0x00007ffd1a0d0000 - 0x00007ffd1a0f6000 	C:\WINDOWS\System32\win32u.dll
0x00007ffd1aa20000 - 0x00007ffd1aa49000 	C:\WINDOWS\System32\GDI32.dll
0x00007ffd19cb0000 - 0x00007ffd19dcb000 	C:\WINDOWS\System32\gdi32full.dll
0x00007ffd19ef0000 - 0x00007ffd19f8a000 	C:\WINDOWS\System32\msvcp_win.dll
0x00007ffcff8b0000 - 0x00007ffcffb4c000 	C:\WINDOWS\WinSxS\amd64_microsoft.windows.common-controls_6595b64144ccf1df_6.0.22621.6060_none_2712eda17382d24b\COMCTL32.dll
0x00007ffd1c390000 - 0x00007ffd1c437000 	C:\WINDOWS\System32\msvcrt.dll
0x00007ffd1b170000 - 0x00007ffd1b1a1000 	C:\WINDOWS\System32\IMM32.DLL
0x00007ffcc5a30000 - 0x00007ffcc5a3c000 	c:\Users\50449\.cursor\extensions\redhat.java-1.55.0-win32-x64\jre\21.0.11-win32-x86_64\bin\vcruntime140_1.dll
0x00007ffcbe3a0000 - 0x00007ffcbe42d000 	c:\Users\50449\.cursor\extensions\redhat.java-1.55.0-win32-x64\jre\21.0.11-win32-x86_64\bin\msvcp140.dll
0x00007ffcbd5f0000 - 0x00007ffcbe392000 	c:\Users\50449\.cursor\extensions\redhat.java-1.55.0-win32-x64\jre\21.0.11-win32-x86_64\bin\server\jvm.dll
0x00007ffd1c160000 - 0x00007ffd1c211000 	C:\WINDOWS\System32\ADVAPI32.dll
0x00007ffd1aa50000 - 0x00007ffd1aaf8000 	C:\WINDOWS\System32\sechost.dll
0x00007ffd1a180000 - 0x00007ffd1a1a8000 	C:\WINDOWS\System32\bcrypt.dll
0x00007ffd1b730000 - 0x00007ffd1b848000 	C:\WINDOWS\System32\RPCRT4.dll
0x00007ffd1c300000 - 0x00007ffd1c371000 	C:\WINDOWS\System32\WS2_32.dll
0x00007ffd18470000 - 0x00007ffd184bd000 	C:\WINDOWS\SYSTEM32\POWRPROF.dll
0x00007ffd115a0000 - 0x00007ffd115d4000 	C:\WINDOWS\SYSTEM32\WINMM.dll
0x00007ffd10680000 - 0x00007ffd1068a000 	C:\WINDOWS\SYSTEM32\VERSION.dll
0x00007ffd18450000 - 0x00007ffd18463000 	C:\WINDOWS\SYSTEM32\UMPDC.dll
0x00007ffd186f0000 - 0x00007ffd18708000 	C:\WINDOWS\SYSTEM32\kernel.appcore.dll
0x00007ffcbd5e0000 - 0x00007ffcbd5ea000 	c:\Users\50449\.cursor\extensions\redhat.java-1.55.0-win32-x64\jre\21.0.11-win32-x86_64\bin\jimage.dll
0x00007ffd16d90000 - 0x00007ffd16fc3000 	C:\WINDOWS\SYSTEM32\DBGHELP.DLL
0x00007ffd1add0000 - 0x00007ffd1b161000 	C:\WINDOWS\System32\combase.dll
0x00007ffd1a1d0000 - 0x00007ffd1a2a8000 	C:\WINDOWS\System32\OLEAUT32.dll
0x00007ffd0c990000 - 0x00007ffd0c9c2000 	C:\WINDOWS\SYSTEM32\dbgcore.DLL
0x00007ffd1a100000 - 0x00007ffd1a17b000 	C:\WINDOWS\System32\bcryptPrimitives.dll
0x00007ffcbd5d0000 - 0x00007ffcbd5df000 	c:\Users\50449\.cursor\extensions\redhat.java-1.55.0-win32-x64\jre\21.0.11-win32-x86_64\bin\instrument.dll
0x00007ffcbd5b0000 - 0x00007ffcbd5d0000 	c:\Users\50449\.cursor\extensions\redhat.java-1.55.0-win32-x64\jre\21.0.11-win32-x86_64\bin\java.dll
0x00007ffd1b8c0000 - 0x00007ffd1c15c000 	C:\WINDOWS\System32\SHELL32.dll
0x00007ffd19f90000 - 0x00007ffd1a0cf000 	C:\WINDOWS\System32\wintypes.dll
0x00007ffd17530000 - 0x00007ffd17e4a000 	C:\WINDOWS\SYSTEM32\windows.storage.dll
0x00007ffd1acc0000 - 0x00007ffd1adc4000 	C:\WINDOWS\System32\SHCORE.dll
0x00007ffd1b850000 - 0x00007ffd1b8b9000 	C:\WINDOWS\System32\shlwapi.dll
0x00007ffd19550000 - 0x00007ffd19575000 	C:\WINDOWS\SYSTEM32\profapi.dll
0x00007ffcbd590000 - 0x00007ffcbd5a8000 	c:\Users\50449\.cursor\extensions\redhat.java-1.55.0-win32-x64\jre\21.0.11-win32-x86_64\bin\zip.dll
0x00007ffcbd580000 - 0x00007ffcbd590000 	C:\Users\50449\.cursor\extensions\redhat.java-1.55.0-win32-x64\jre\21.0.11-win32-x86_64\bin\net.dll
0x00007ffd141c0000 - 0x00007ffd142ec000 	C:\WINDOWS\SYSTEM32\WINHTTP.dll
0x00007ffd18bd0000 - 0x00007ffd18c39000 	C:\WINDOWS\system32\mswsock.dll
0x00007ffcbd560000 - 0x00007ffcbd576000 	C:\Users\50449\.cursor\extensions\redhat.java-1.55.0-win32-x64\jre\21.0.11-win32-x86_64\bin\nio.dll
0x00007ffcbd550000 - 0x00007ffcbd560000 	c:\Users\50449\.cursor\extensions\redhat.java-1.55.0-win32-x64\jre\21.0.11-win32-x86_64\bin\verify.dll
0x00007ffcbd500000 - 0x00007ffcbd545000 	C:\Users\50449\AppData\Roaming\Cursor\User\globalStorage\redhat.java\1.55.0\config_win\org.eclipse.equinox.launcher\org.eclipse.equinox.launcher.win32.win32.x86_64_1.3.100.v20260613-0559\eclipse_11924.dll
0x00007ffd1b580000 - 0x00007ffd1b721000 	C:\WINDOWS\System32\ole32.dll
0x00007ffd18e20000 - 0x00007ffd18e3b000 	C:\WINDOWS\SYSTEM32\CRYPTSP.dll
0x00007ffd18650000 - 0x00007ffd18687000 	C:\WINDOWS\system32\rsaenh.dll
0x00007ffd18cc0000 - 0x00007ffd18ce8000 	C:\WINDOWS\SYSTEM32\USERENV.dll
0x00007ffd18e40000 - 0x00007ffd18e4c000 	C:\WINDOWS\SYSTEM32\CRYPTBASE.dll
0x00007ffd18160000 - 0x00007ffd1818d000 	C:\WINDOWS\SYSTEM32\IPHLPAPI.DLL
0x00007ffd1b460000 - 0x00007ffd1b469000 	C:\WINDOWS\System32\NSI.dll
0x00007ffcbd1e0000 - 0x00007ffcbd229000 	C:\Users\50449\AppData\Local\Temp\jna-50428222\jna6104952439325166478.dll
0x00007ffd1c380000 - 0x00007ffd1c388000 	C:\WINDOWS\System32\PSAPI.DLL
0x00007ffd12c20000 - 0x00007ffd12c39000 	C:\WINDOWS\SYSTEM32\dhcpcsvc6.DLL
0x00007ffd12b10000 - 0x00007ffd12b2f000 	C:\WINDOWS\SYSTEM32\dhcpcsvc.DLL

JVMTI agents:
c:\Users\50449\.cursor\extensions\redhat.java-1.55.0-win32-x64\lombok\lombok-1.18.39-4050.jar path:c:\Users\50449\.cursor\extensions\redhat.java-1.55.0-win32-x64\jre\21.0.11-win32-x86_64\bin\instrument.dll, loaded, initialized, instrumentlib options:none

dbghelp: loaded successfully - version: 4.0.5 - missing functions: none
symbol engine: initialized successfully - sym options: 0x614 - pdb path: .;c:\Users\50449\.cursor\extensions\redhat.java-1.55.0-win32-x64\jre\21.0.11-win32-x86_64\bin;C:\WINDOWS\SYSTEM32;C:\WINDOWS\WinSxS\amd64_microsoft.windows.common-controls_6595b64144ccf1df_6.0.22621.6060_none_2712eda17382d24b;c:\Users\50449\.cursor\extensions\redhat.java-1.55.0-win32-x64\jre\21.0.11-win32-x86_64\bin\server;C:\Users\50449\AppData\Roaming\Cursor\User\globalStorage\redhat.java\1.55.0\config_win\org.eclipse.equinox.launcher\org.eclipse.equinox.launcher.win32.win32.x86_64_1.3.100.v20260613-0559;C:\Users\50449\AppData\Local\Temp\jna-50428222

VM Arguments:
jvm_args: --add-modules=ALL-SYSTEM --add-opens=java.base/java.util=ALL-UNNAMED --add-opens=java.base/java.lang=ALL-UNNAMED --add-opens=java.base/sun.nio.fs=ALL-UNNAMED -Declipse.application=org.eclipse.jdt.ls.core.id1 -Dosgi.bundles.defaultStartLevel=4 -Declipse.product=org.eclipse.jdt.ls.core.product -Djava.import.generatesMetadataFilesAtProjectRoot=false -DDetectVMInstallationsJob.disabled=true -Dfile.encoding=utf8 -XX:+UseParallelGC -XX:GCTimeRatio=4 -XX:AdaptiveSizePolicyWeight=90 -Dsun.zip.disableMemoryMapping=true -Xmx2G -Xms100m -Xlog:disable -javaagent:c:\Users\50449\.cursor\extensions\redhat.java-1.55.0-win32-x64\lombok\lombok-1.18.39-4050.jar -XX:+HeapDumpOnOutOfMemoryError -XX:HeapDumpPath=c:\Users\50449\AppData\Roaming\Cursor\User\workspaceStorage\a3cad7a911f0bbbbe3643254eb7d352d\redhat.java -Daether.dependencyCollector.impl=bf 
java_command: c:\Users\50449\.cursor\extensions\redhat.java-1.55.0-win32-x64\server\plugins\org.eclipse.equinox.launcher_1.7.200.v20260619-2039.jar -configuration c:\Users\50449\AppData\Roaming\Cursor\User\globalStorage\redhat.java\1.55.0\config_win -data c:\Users\50449\AppData\Roaming\Cursor\User\workspaceStorage\a3cad7a911f0bbbbe3643254eb7d352d\redhat.java\jdt_ws --pipe=\\.\pipe\lsp-2d770f06a467ee1392ac8e127d7adaaf-sock
java_class_path (initial): c:\Users\50449\.cursor\extensions\redhat.java-1.55.0-win32-x64\server\plugins\org.eclipse.equinox.launcher_1.7.200.v20260619-2039.jar
Launcher Type: SUN_STANDARD

[Global flags]
    uintx AdaptiveSizePolicyWeight                 = 90                                        {product} {command line}
     intx CICompilerCount                          = 12                                        {product} {ergonomic}
    uintx GCTimeRatio                              = 4                                         {product} {command line}
     bool HeapDumpOnOutOfMemoryError               = true                                   {manageable} {command line}
    ccstr HeapDumpPath                             = c:\Users\50449\AppData\Roaming\Cursor\User\workspaceStorage\a3cad7a911f0bbbbe3643254eb7d352d\redhat.java         {manageable} {command line}
   size_t InitialHeapSize                          = 104857600                                 {product} {command line}
   size_t MaxHeapSize                              = 2147483648                                {product} {command line}
   size_t MaxNewSize                               = 715653120                                 {product} {ergonomic}
   size_t MinHeapDeltaBytes                        = 524288                                    {product} {ergonomic}
   size_t MinHeapSize                              = 104857600                                 {product} {command line}
   size_t NewSize                                  = 34603008                                  {product} {ergonomic}
    uintx NonNMethodCodeHeapSize                   = 7602480                                {pd product} {ergonomic}
    uintx NonProfiledCodeHeapSize                  = 122027880                              {pd product} {ergonomic}
   size_t OldSize                                  = 70254592                                  {product} {ergonomic}
    uintx ProfiledCodeHeapSize                     = 122027880                              {pd product} {ergonomic}
    uintx ReservedCodeCacheSize                    = 251658240                              {pd product} {ergonomic}
     bool SegmentedCodeCache                       = true                                      {product} {ergonomic}
   size_t SoftMaxHeapSize                          = 2147483648                             {manageable} {ergonomic}
     bool UseCompressedOops                        = true                           {product lp64_product} {ergonomic}
     bool UseLargePagesIndividualAllocation        = false                                  {pd product} {ergonomic}
     bool UseParallelGC                            = true                                      {product} {command line}

Logging:
Log output configuration:
 #0: stdout all=off uptime,level,tags foldmultilines=false
 #1: stderr all=off uptime,level,tags foldmultilines=false

Release file:
JAVA_VERSION="21.0.11" 
MODULES="java.base java.compiler java.datatransfer java.xml java.prefs java.desktop java.instrument java.logging java.management java.security.sasl java.naming java.rmi java.management.rmi java.net.http java.scripting java.security.jgss java.transaction.xa java.sql java.sql.rowset java.xml.crypto java.se java.smartcardio jdk.accessibility jdk.internal.jvmstat jdk.attach jdk.charsets jdk.internal.opt jdk.zipfs jdk.compiler jdk.crypto.ec jdk.crypto.cryptoki jdk.crypto.mscapi jdk.dynalink jdk.internal.ed jdk.editpad jdk.hotspot.agent jdk.httpserver jdk.internal.le jdk.internal.vm.ci jdk.internal.vm.compiler jdk.internal.vm.compiler.management jdk.jartool jdk.javadoc jdk.jcmd jdk.management jdk.management.agent jdk.jconsole jdk.jdeps jdk.jdwp.agent jdk.jdi jdk.jfr jdk.jshell jdk.jsobject jdk.jstatd jdk.localedata jdk.management.jfr jdk.naming.dns jdk.naming.rmi jdk.net jdk.nio.mapmode jdk.random jdk.sctp jdk.security.auth jdk.security.jgss jdk.unsupported jdk.unsupported.desktop jdk.xml.dom" 

Environment Variables:
JAVA_HOME=C:\Program Files\Eclipse Adoptium\jdk-17.0.18.8-hotspot\
CLASSPATH=.;C:\Program Files\Eclipse Adoptium\jdk-17.0.18.8-hotspot\\lib\dt.jar;C:\Program Files\Eclipse Adoptium\jdk-17.0.18.8-hotspot\\lib\tools.jar;
PATH=C:\Program Files\Eclipse Adoptium\jdk-17.0.18.8-hotspot\bin;C:\Program Files (x86)\Common Files\Oracle\Java\javapath;C:\Windows\system32;C:\Windows;C:\Windows\System32\Wbem;C:\Windows\System32\WindowsPowerShell\v1.0\;C:\Windows\System32\OpenSSH\;C:\Program Files (x86)\NVIDIA Corporation\PhysX\Common;C:\Program Files\NVIDIA Corporation\NVIDIA NvDLISR;C:\Program Files\Eclipse Adoptium\jdk-17.0.18.8-hotspot\\bin;C:\Program Files\Eclipse Adoptium\jdk-17.0.18.8-hotspot\\jre\bin;d:\Program Files (x86)\Git\cmd;D:\Program Files\TortoiseGit\bin;C:\WINDOWS\system32;C:\WINDOWS;C:\WINDOWS\System32\Wbem;C:\WINDOWS\System32\WindowsPowerShell\v1.0\;C:\WINDOWS\System32\OpenSSH\;d:\Program Files\cursor\resources\app\bin;C:\Program Files\nodejs\;C:\Users\50449\AppData\Local\Programs\Python\Python310\Scripts\;C:\Users\50449\AppData\Local\Programs\Python\Python310\;C:\Users\50449\AppData\Local\Programs\Python\Launcher\;C:\Users\50449\AppData\Local\Microsoft\WindowsApps;D:\apache-maven-3.6.3-bin\apache-maven-3.6.3\bin;C:\Users\50449\AppData\Roaming\npm;d:\Program Files\JetBrains\PyCharm 2025.3.1.1\bin;C:\Users\50449\.local\bin;C:\Users\50449\.bun\bin;C:\Users\50449\AppData\Local\Microsoft\WinGet\Packages\Mozilla.GeckoDriver_Microsoft.Winget.Source_8wekyb3d8bbwe;
USERNAME=50449
OS=Windows_NT
PROCESSOR_IDENTIFIER=Intel64 Family 6 Model 154 Stepping 3, GenuineIntel
TMP=C:\Users\50449\AppData\Local\Temp
TEMP=C:\Users\50449\AppData\Local\Temp




Periodic native trim disabled

---------------  S Y S T E M  ---------------

OS:
 Windows 11 , 64 bit Build 22621 (10.0.22621.5415)
OS uptime: 0 days 6:35 hours

CPU: total 20 (initial active 20) (10 cores per cpu, 2 threads per core) family 6 model 154 stepping 3 microcode 0x416, cx8, cmov, fxsr, ht, mmx, 3dnowpref, sse, sse2, sse3, ssse3, sse4.1, sse4.2, popcnt, lzcnt, tsc, tscinvbit, avx, avx2, aes, erms, clmul, bmi1, bmi2, adx, sha, fma, vzeroupper, clflush, clflushopt, clwb, serialize, rdtscp, rdpid, fsrm, f16c, pku, cet_ibt, cet_ss
Processor Information for processor 0
  Max Mhz: 2300, Current Mhz: 2300, Mhz Limit: 2300
Processor Information for processor 1
  Max Mhz: 2300, Current Mhz: 2300, Mhz Limit: 2300
Processor Information for processor 2
  Max Mhz: 2300, Current Mhz: 2300, Mhz Limit: 2300
Processor Information for processor 3
  Max Mhz: 2300, Current Mhz: 2300, Mhz Limit: 2300
Processor Information for processor 4
  Max Mhz: 2300, Current Mhz: 2300, Mhz Limit: 2300
Processor Information for processor 5
  Max Mhz: 2300, Current Mhz: 2300, Mhz Limit: 2300
Processor Information for processor 6
  Max Mhz: 2300, Current Mhz: 2300, Mhz Limit: 2300
Processor Information for processor 7
  Max Mhz: 2300, Current Mhz: 2300, Mhz Limit: 2300
Processor Information for processor 8
  Max Mhz: 2300, Current Mhz: 2300, Mhz Limit: 2300
Processor Information for processor 9
  Max Mhz: 2300, Current Mhz: 2300, Mhz Limit: 2300
Processor Information for processor 10
  Max Mhz: 2300, Current Mhz: 2300, Mhz Limit: 2300
Processor Information for processor 11
  Max Mhz: 2300, Current Mhz: 2300, Mhz Limit: 2300
Processor Information for processor 12
  Max Mhz: 2300, Current Mhz: 1700, Mhz Limit: 1679
Processor Information for processor 13
  Max Mhz: 2300, Current Mhz: 1700, Mhz Limit: 1679
Processor Information for processor 14
  Max Mhz: 2300, Current Mhz: 1700, Mhz Limit: 1679
Processor Information for processor 15
  Max Mhz: 2300, Current Mhz: 1700, Mhz Limit: 1679
Processor Information for processor 16
  Max Mhz: 2300, Current Mhz: 1700, Mhz Limit: 1679
Processor Information for processor 17
  Max Mhz: 2300, Current Mhz: 1700, Mhz Limit: 1679
Processor Information for processor 18
  Max Mhz: 2300, Current Mhz: 1700, Mhz Limit: 1679
Processor Information for processor 19
  Max Mhz: 2300, Current Mhz: 1700, Mhz Limit: 1679

Memory: 4k page, system-wide physical 16124M (319M free)
TotalPageFile size 38488M (AvailPageFile size 179M)
current process WorkingSet (physical memory assigned to process): 307M, peak: 309M
current process commit charge ("private bytes"): 405M, peak: 406M

vm_info: OpenJDK 64-Bit Server VM (21.0.11+10-LTS) for windows-amd64 JRE (21.0.11+10-LTS), built on 2026-04-21T00:00:00Z by "admin" with MS VC++ 17.12 (VS2022)

END.
