#
# There is insufficient memory for the Java Runtime Environment to continue.
# Native memory allocation (malloc) failed to allocate 1459056 bytes. Error detail: Chunk::new
# Possible reasons:
#   The system is out of physical RAM or swap space
#   This process is running with CompressedOops enabled, and the Java Heap may be blocking the growth of the native heap
# Possible solutions:
#   Reduce memory load on the system
#   Increase physical memory or swap space
#   Check if swap backing store is full
#   Decrease Java heap size (-Xmx/-Xms)
#   Decrease number of Java threads
#   Decrease Java thread stack sizes (-Xss)
#   Set larger code cache with -XX:ReservedCodeCacheSize=
#   JVM is running with Unscaled Compressed Oops mode in which the Java heap is
#     placed in the first 4GB address space. The Java Heap base address is the
#     maximum limit for the native heap growth. Please use -XX:HeapBaseMinAddress
#     to set the Java Heap base and to place the Java Heap above 4GB virtual address.
# This output file may be truncated or incomplete.
#
#  Out of Memory Error (arena.cpp:168), pid=39296, tid=39128
#
# JRE version: OpenJDK Runtime Environment Temurin-21.0.11+10 (21.0.11+10) (build 21.0.11+10-LTS)
# Java VM: OpenJDK 64-Bit Server VM Temurin-21.0.11+10 (21.0.11+10-LTS, mixed mode, sharing, tiered, compressed oops, compressed class ptrs, parallel gc, windows-amd64)
# No core dump will be written. Minidumps are not enabled by default on client versions of Windows
#

---------------  S U M M A R Y ------------

Command Line: --add-modules=ALL-SYSTEM --add-opens=java.base/java.util=ALL-UNNAMED --add-opens=java.base/java.lang=ALL-UNNAMED --add-opens=java.base/sun.nio.fs=ALL-UNNAMED -Declipse.application=org.eclipse.jdt.ls.core.id1 -Dosgi.bundles.defaultStartLevel=4 -Declipse.product=org.eclipse.jdt.ls.core.product -Djava.import.generatesMetadataFilesAtProjectRoot=false -DDetectVMInstallationsJob.disabled=true -Dfile.encoding=utf8 -XX:+UseParallelGC -XX:GCTimeRatio=4 -XX:AdaptiveSizePolicyWeight=90 -Dsun.zip.disableMemoryMapping=true -Xmx2G -Xms100m -Xlog:disable -javaagent:c:\Users\50449\.cursor\extensions\redhat.java-1.55.0-win32-x64\lombok\lombok-1.18.39-4050.jar -XX:+HeapDumpOnOutOfMemoryError -XX:HeapDumpPath=c:\Users\50449\AppData\Roaming\Cursor\User\workspaceStorage\a3cad7a911f0bbbbe3643254eb7d352d\redhat.java -Daether.dependencyCollector.impl=bf c:\Users\50449\.cursor\extensions\redhat.java-1.55.0-win32-x64\server\plugins\org.eclipse.equinox.launcher_1.7.200.v20260619-2039.jar -configuration c:\Users\50449\AppData\Roaming\Cursor\User\globalStorage\redhat.java\1.55.0\config_win -data c:\Users\50449\AppData\Roaming\Cursor\User\workspaceStorage\a3cad7a911f0bbbbe3643254eb7d352d\redhat.java\jdt_ws --pipe=\\.\pipe\lsp-5f37a38b80a38cf7e08c7e34396c7285-sock

Host: 12th Gen Intel(R) Core(TM) i7-12700H, 20 cores, 15G,  Windows 11 , 64 bit Build 22621 (10.0.22621.5415)
Time: Tue Jul  7 16:45:42 2026 elapsed time: 4.573353 seconds (0d 0h 0m 4s)

---------------  T H R E A D  ---------------

Current thread (0x00000204fe493320):  JavaThread "C2 CompilerThread3" daemon [_thread_in_native, id=39128, stack(0x0000003cd6200000,0x0000003cd6300000) (1024K)]


Current CompileTask:
C2:4573 4407   !   4       java.io.ObjectInputStream::readSerialData (474 bytes)

Stack: [0x0000003cd6200000,0x0000003cd6300000]
Native frames: (J=compiled Java code, j=interpreted, Vv=VM code, C=native code)
V  [jvm.dll+0x6d7e19]
V  [jvm.dll+0x8b5096]
V  [jvm.dll+0x8b764e]
V  [jvm.dll+0x8b7d33]
V  [jvm.dll+0x284596]
V  [jvm.dll+0xc685d]
V  [jvm.dll+0xc6da1]
V  [jvm.dll+0x3bed6b]
V  [jvm.dll+0x38b2b2]
V  [jvm.dll+0x38a6fa]
V  [jvm.dll+0x24c700]
V  [jvm.dll+0x24bce0]
V  [jvm.dll+0x1cb4ae]
V  [jvm.dll+0x25baad]
V  [jvm.dll+0x25a03a]
V  [jvm.dll+0x3f868e]
V  [jvm.dll+0x85fb0d]
V  [jvm.dll+0x6d664d]
C  [ucrtbase.dll+0x29333]
C  [KERNEL32.DLL+0x1259d]
C  [ntdll.dll+0x5af78]


---------------  P R O C E S S  ---------------

Threads class SMR info:
_java_thread_list=0x00000204fea71800, length=29, elements={
0x00000204dfa130b0, 0x00000204f77bdbe0, 0x00000204f77beaa0, 0x00000204f77c2c70,
0x00000204f77c48e0, 0x00000204f77c5540, 0x00000204f77c7090, 0x00000204dfab3720,
0x00000204dfabb430, 0x00000204df9be5f0, 0x00000204f96e0350, 0x00000204f9719c60,
0x00000204fe1ca300, 0x00000204fe387120, 0x00000204fe295260, 0x00000204fe298840,
0x00000204fe7078b0, 0x00000204fe9c0fc0, 0x00000204fea20750, 0x00000204fe492c70,
0x00000204fe493320, 0x00000204fe690f20, 0x00000204fe6921e0, 0x00000204fe509c20,
0x00000204c15b2520, 0x00000204c15b1e90, 0x00000204c15b38d0, 0x00000204c1500230,
0x00000204c1500900
}

Java Threads: ( => current thread )
  0x00000204dfa130b0 JavaThread "main"                              [_thread_blocked, id=39516, stack(0x0000003cd4900000,0x0000003cd4a00000) (1024K)]
  0x00000204f77bdbe0 JavaThread "Reference Handler"          daemon [_thread_blocked, id=39140, stack(0x0000003cd4d00000,0x0000003cd4e00000) (1024K)]
  0x00000204f77beaa0 JavaThread "Finalizer"                  daemon [_thread_blocked, id=31964, stack(0x0000003cd4e00000,0x0000003cd4f00000) (1024K)]
  0x00000204f77c2c70 JavaThread "Signal Dispatcher"          daemon [_thread_blocked, id=39124, stack(0x0000003cd4f00000,0x0000003cd5000000) (1024K)]
  0x00000204f77c48e0 JavaThread "Attach Listener"            daemon [_thread_blocked, id=18888, stack(0x0000003cd5000000,0x0000003cd5100000) (1024K)]
  0x00000204f77c5540 JavaThread "Service Thread"             daemon [_thread_blocked, id=28692, stack(0x0000003cd5100000,0x0000003cd5200000) (1024K)]
  0x00000204f77c7090 JavaThread "Monitor Deflation Thread"   daemon [_thread_blocked, id=39668, stack(0x0000003cd5200000,0x0000003cd5300000) (1024K)]
  0x00000204dfab3720 JavaThread "C2 CompilerThread0"         daemon [_thread_blocked, id=39512, stack(0x0000003cd5300000,0x0000003cd5400000) (1024K)]
  0x00000204dfabb430 JavaThread "C1 CompilerThread0"         daemon [_thread_blocked, id=38760, stack(0x0000003cd5400000,0x0000003cd5500000) (1024K)]
  0x00000204df9be5f0 JavaThread "C1 CompilerThread1"         daemon [_thread_blocked, id=12276, stack(0x0000003cd5500000,0x0000003cd5600000) (1024K)]
  0x00000204f96e0350 JavaThread "Common-Cleaner"             daemon [_thread_blocked, id=39284, stack(0x0000003cd5a00000,0x0000003cd5b00000) (1024K)]
  0x00000204f9719c60 JavaThread "Notification Thread"        daemon [_thread_blocked, id=39604, stack(0x0000003cd5b00000,0x0000003cd5c00000) (1024K)]
  0x00000204fe1ca300 JavaThread "Active Thread: Equinox Container: 78733fd3-3390-4c88-98ce-a54c45b6a16c"        [_thread_blocked, id=29952, stack(0x0000003cd6300000,0x0000003cd6400000) (1024K)]
  0x00000204fe387120 JavaThread "Refresh Thread: Equinox Container: 78733fd3-3390-4c88-98ce-a54c45b6a16c" daemon [_thread_blocked, id=33312, stack(0x0000003cd6500000,0x0000003cd6600000) (1024K)]
  0x00000204fe295260 JavaThread "Framework Event Dispatcher: Equinox Container: 78733fd3-3390-4c88-98ce-a54c45b6a16c" daemon [_thread_blocked, id=39444, stack(0x0000003cd6600000,0x0000003cd6700000) (1024K)]
  0x00000204fe298840 JavaThread "Start Level: Equinox Container: 78733fd3-3390-4c88-98ce-a54c45b6a16c" daemon [_thread_in_vm, id=39708, stack(0x0000003cd6700000,0x0000003cd6800000) (1024K)]
  0x00000204fe7078b0 JavaThread "Bundle File Closer"         daemon [_thread_blocked, id=36944, stack(0x0000003cd6b00000,0x0000003cd6c00000) (1024K)]
  0x00000204fe9c0fc0 JavaThread "SCR Component Actor"        daemon [_thread_blocked, id=39616, stack(0x0000003cd5600000,0x0000003cd5700000) (1024K)]
  0x00000204fea20750 JavaThread "C2 CompilerThread1"         daemon [_thread_blocked, id=39552, stack(0x0000003cd5800000,0x0000003cd5900000) (1024K)]
  0x00000204fe492c70 JavaThread "C2 CompilerThread2"         daemon [_thread_blocked, id=39760, stack(0x0000003cd5900000,0x0000003cd5a00000) (1024K)]
=>0x00000204fe493320 JavaThread "C2 CompilerThread3"         daemon [_thread_in_native, id=39128, stack(0x0000003cd6200000,0x0000003cd6300000) (1024K)]
  0x00000204fe690f20 JavaThread "C1 CompilerThread2"         daemon [_thread_blocked, id=39672, stack(0x0000003cd6c00000,0x0000003cd6d00000) (1024K)]
  0x00000204fe6921e0 JavaThread "C1 CompilerThread3"         daemon [_thread_blocked, id=39896, stack(0x0000003cd6d00000,0x0000003cd6e00000) (1024K)]
  0x00000204fe509c20 JavaThread "Worker-JM"                         [_thread_blocked, id=28392, stack(0x0000003cd6e00000,0x0000003cd6f00000) (1024K)]
  0x00000204c15b2520 JavaThread "JNA Cleaner"                daemon [_thread_blocked, id=32080, stack(0x0000003cd7100000,0x0000003cd7200000) (1024K)]
  0x00000204c15b1e90 JavaThread "Worker-0"                          [_thread_blocked, id=39848, stack(0x0000003cd7200000,0x0000003cd7300000) (1024K)]
  0x00000204c15b38d0 JavaThread "Worker-1"                          [_thread_blocked, id=23448, stack(0x0000003cd7300000,0x0000003cd7400000) (1024K)]
  0x00000204c1500230 JavaThread "C2 CompilerThread4"         daemon [_thread_blocked, id=39664, stack(0x0000003cd7500000,0x0000003cd7600000) (1024K)]
  0x00000204c1500900 JavaThread "C2 CompilerThread5"         daemon [_thread_blocked, id=39816, stack(0x0000003cd7600000,0x0000003cd7700000) (1024K)]
Total: 29

Other Threads:
  0x00000204df9a4080 VMThread "VM Thread"                           [id=38948, stack(0x0000003cd4c00000,0x0000003cd4d00000) (1024K)]
  0x00000204df89ca00 WatcherThread "VM Periodic Task Thread"        [id=39236, stack(0x0000003cd4b00000,0x0000003cd4c00000) (1024K)]
  0x00000204dfa30320 WorkerThread "GC Thread#0"                     [id=39224, stack(0x0000003cd4a00000,0x0000003cd4b00000) (1024K)]
  0x00000204fe1dd7f0 WorkerThread "GC Thread#1"                     [id=39780, stack(0x0000003cd5c00000,0x0000003cd5d00000) (1024K)]
  0x00000204fe1276b0 WorkerThread "GC Thread#2"                     [id=13648, stack(0x0000003cd5d00000,0x0000003cd5e00000) (1024K)]
  0x00000204fe127a60 WorkerThread "GC Thread#3"                     [id=23164, stack(0x0000003cd5e00000,0x0000003cd5f00000) (1024K)]
  0x00000204fe0b5ef0 WorkerThread "GC Thread#4"                     [id=24432, stack(0x0000003cd5f00000,0x0000003cd6000000) (1024K)]
  0x00000204fe0b62a0 WorkerThread "GC Thread#5"                     [id=39644, stack(0x0000003cd6000000,0x0000003cd6100000) (1024K)]
  0x00000204fe1d8790 WorkerThread "GC Thread#6"                     [id=6884, stack(0x0000003cd6100000,0x0000003cd6200000) (1024K)]
  0x00000204fe1b31f0 WorkerThread "GC Thread#7"                     [id=33048, stack(0x0000003cd6400000,0x0000003cd6500000) (1024K)]
  0x00000204fe494cf0 WorkerThread "GC Thread#8"                     [id=29128, stack(0x0000003cd6800000,0x0000003cd6900000) (1024K)]
  0x00000204fe4950a0 WorkerThread "GC Thread#9"                     [id=36788, stack(0x0000003cd6900000,0x0000003cd6a00000) (1024K)]
  0x00000204fe495450 WorkerThread "GC Thread#10"                    [id=14064, stack(0x0000003cd6a00000,0x0000003cd6b00000) (1024K)]
  0x00000204fea60ac0 WorkerThread "GC Thread#11"                    [id=38924, stack(0x0000003cd5700000,0x0000003cd5800000) (1024K)]
  0x00000204fe544b40 WorkerThread "GC Thread#12"                    [id=28880, stack(0x0000003cd6f00000,0x0000003cd7000000) (1024K)]
  0x00000204fe543170 WorkerThread "GC Thread#13"                    [id=39820, stack(0x0000003cd7000000,0x0000003cd7100000) (1024K)]
  0x00000204fe5438d0 WorkerThread "GC Thread#14"                    [id=38920, stack(0x0000003cd7400000,0x0000003cd7500000) (1024K)]
Total: 17

Threads with active compile tasks:
C2 CompilerThread3  4615 4407   !   4       java.io.ObjectInputStream::readSerialData (474 bytes)
Total: 1

VM state: not at safepoint (normal execution)

VM Mutex/Monitor currently owned by a thread: None

Heap address: 0x0000000080000000, size: 2048 MB, Compressed Oops mode: 32-bit

CDS archive(s) mapped at: [0x0000020480000000-0x0000020480ba0000-0x0000020480ba0000), size 12189696, SharedBaseAddress: 0x0000020480000000, ArchiveRelocationMode: 1.
Compressed class space mapped at: 0x0000020481000000-0x00000204c1000000, reserved size: 1073741824
Narrow klass base: 0x0000020480000000, Narrow klass shift: 0, Narrow klass range: 0x100000000

GC Precious Log:
 CardTable entry size: 512
 CPUs: 20 total, 20 available
 Memory: 16124M
 Large Page Support: Disabled
 NUMA Support: Disabled
 Compressed Oops: Enabled (32-bit)
 Alignments: Space 512K, Generation 512K, Heap 2M
 Heap Min Capacity: 100M
 Heap Initial Capacity: 100M
 Heap Max Capacity: 2G
 Pre-touch: Disabled
 Parallel Workers: 15

Heap:
 PSYoungGen      total 29696K, used 20184K [0x00000000d5580000, 0x00000000d7880000, 0x0000000100000000)
  eden space 24576K, 82% used [0x00000000d5580000,0x00000000d69362f0,0x00000000d6d80000)
  from space 5120K, 0% used [0x00000000d6d80000,0x00000000d6d80000,0x00000000d7280000)
  to   space 5632K, 0% used [0x00000000d7300000,0x00000000d7300000,0x00000000d7880000)
 ParOldGen       total 68608K, used 14193K [0x0000000080000000, 0x0000000084300000, 0x00000000d5580000)
  object space 68608K, 20% used [0x0000000080000000,0x0000000080ddc640,0x0000000084300000)
 Metaspace       used 22835K, committed 23872K, reserved 1114112K
  class space    used 2388K, committed 2880K, reserved 1048576K

Card table byte_map: [0x00000204df3b0000,0x00000204df7c0000] _byte_map_base: 0x00000204defb0000

Marking Bits: (ParMarkBitMap*) 0x00007ffcbffb4460
 Begin Bits: [0x00000204f1ec0000, 0x00000204f3ec0000)
 End Bits:   [0x00000204f3ec0000, 0x00000204f5ec0000)

Polling page: 0x00000204dd9a0000

Metaspace:

Usage:
  Non-class:     19.97 MB used.
      Class:      2.33 MB used.
       Both:     22.30 MB used.

Virtual space:
  Non-class space:       64.00 MB reserved,      20.50 MB ( 32%) committed,  1 nodes.
      Class space:        1.00 GB reserved,       2.81 MB ( <1%) committed,  1 nodes.
             Both:        1.06 GB reserved,      23.31 MB (  2%) committed. 

Chunk freelists:
   Non-Class:  10.86 MB
       Class:  13.17 MB
        Both:  24.03 MB

MaxMetaspaceSize: unlimited
CompressedClassSpaceSize: 1.00 GB
Initial GC threshold: 21.00 MB
Current GC threshold: 35.00 MB
CDS: on
 - commit_granule_bytes: 65536.
 - commit_granule_words: 8192.
 - virtual_space_node_default_size: 8388608.
 - enlarge_chunks_in_place: 1.
 - use_allocation_guard: 0.


Internal statistics:

num_allocs_failed_limit: 3.
num_arena_births: 836.
num_arena_deaths: 14.
num_vsnodes_births: 2.
num_vsnodes_deaths: 0.
num_space_committed: 373.
num_space_uncommitted: 0.
num_chunks_returned_to_freelist: 17.
num_chunks_taken_from_freelist: 1825.
num_chunk_merges: 5.
num_chunk_splits: 1111.
num_chunks_enlarged: 626.
num_inconsistent_stats: 0.

CodeHeap 'non-profiled nmethods': size=119168Kb used=2106Kb max_used=2106Kb free=117061Kb
 bounds [0x00000204ea7b0000, 0x00000204eaa20000, 0x00000204f1c10000]
CodeHeap 'profiled nmethods': size=119104Kb used=9682Kb max_used=9682Kb free=109421Kb
 bounds [0x00000204e2c10000, 0x00000204e3590000, 0x00000204ea060000]
CodeHeap 'non-nmethods': size=7488Kb used=2986Kb max_used=3030Kb free=4501Kb
 bounds [0x00000204ea060000, 0x00000204ea360000, 0x00000204ea7b0000]
CodeCache: size=245760Kb, used=14774Kb, max_used=14818Kb, free=230983Kb
 total_blobs=5112, nmethods=4529, adapters=486, full_count=0
Compilation: enabled, stopped_count=0, restarted_count=0

Compilation events (20 events):
Event: 4.559 Thread 0x00000204fe6921e0 nmethod 4498 0x00000204e355fb90 code [0x00000204e355fe40, 0x00000204e35609f0]
Event: 4.559 Thread 0x00000204df9be5f0 nmethod 4499 0x00000204e3560e10 code [0x00000204e3561160, 0x00000204e3562220]
Event: 4.560 Thread 0x00000204fe6921e0 4501       3       java.lang.Double::parseDouble (5 bytes)
Event: 4.560 Thread 0x00000204dfabb430 4502       3       jdk.internal.math.FloatingDecimal::parseDouble (10 bytes)
Event: 4.560 Thread 0x00000204fe690f20 4503   !   3       jdk.internal.math.FloatingDecimal::readJavaFormatString (826 bytes)
Event: 4.560 Thread 0x00000204df9be5f0 4504       3       org.eclipse.jdt.core.JavaCore$$Lambda/0x00000204812baa98::applyAsDouble (8 bytes)
Event: 4.560 Thread 0x00000204df9be5f0 nmethod 4504 0x00000204e3562810 code [0x00000204e35629c0, 0x00000204e3562bf0]
Event: 4.560 Thread 0x00000204dfabb430 nmethod 4502 0x00000204e3562c90 code [0x00000204e3562e40, 0x00000204e3563028]
Event: 4.560 Thread 0x00000204fe6921e0 nmethod 4501 0x00000204e3563110 code [0x00000204e35632e0, 0x00000204e3563520]
Event: 4.560 Thread 0x00000204dfabb430 4507       3       jdk.internal.math.FloatingDecimal$ASCIIToBinaryBuffer::doubleValue (1194 bytes)
Event: 4.560 Thread 0x00000204df9be5f0 4505   !   3       org.eclipse.jdt.core.JavaCore::lambda$0 (8 bytes)
Event: 4.560 Thread 0x00000204fe6921e0 4506       3       jdk.internal.math.FloatingDecimal$ASCIIToBinaryBuffer::<init> (26 bytes)
Event: 4.561 Thread 0x00000204fe6921e0 nmethod 4506 0x00000204e3563610 code [0x00000204e35637c0, 0x00000204e3563950]
Event: 4.561 Thread 0x00000204df9be5f0 nmethod 4505 0x00000204e3563a10 code [0x00000204e3563be0, 0x00000204e3563ef0]
Event: 4.563 Thread 0x00000204dfabb430 nmethod 4507 0x00000204e3564090 code [0x00000204e35645e0, 0x00000204e3566768]
Event: 4.565 Thread 0x00000204fe690f20 nmethod 4503 0x00000204e3567510 code [0x00000204e3567da0, 0x00000204e356d5b8]
Event: 4.567 Thread 0x00000204fe690f20 4508       3       java.lang.Package::<init> (47 bytes)
Event: 4.567 Thread 0x00000204dfabb430 4509       3       java.lang.Package$VersionInfo::getInstance (53 bytes)
Event: 4.567 Thread 0x00000204dfabb430 nmethod 4509 0x00000204e356ff10 code [0x00000204e35700e0, 0x00000204e3570468]
Event: 4.567 Thread 0x00000204fe690f20 nmethod 4508 0x00000204e3570590 code [0x00000204e3570780, 0x00000204e3570b90]

GC Heap History (16 events):
Event: 0.494 GC heap before
{Heap before GC invocations=1 (full 0):
 PSYoungGen      total 29696K, used 25600K [0x00000000d5580000, 0x00000000d7680000, 0x0000000100000000)
  eden space 25600K, 100% used [0x00000000d5580000,0x00000000d6e80000,0x00000000d6e80000)
  from space 4096K, 0% used [0x00000000d7280000,0x00000000d7280000,0x00000000d7680000)
  to   space 4096K, 0% used [0x00000000d6e80000,0x00000000d6e80000,0x00000000d7280000)
 ParOldGen       total 68608K, used 0K [0x0000000080000000, 0x0000000084300000, 0x00000000d5580000)
  object space 68608K, 0% used [0x0000000080000000,0x0000000080000000,0x0000000084300000)
 Metaspace       used 4205K, committed 4480K, reserved 1114112K
  class space    used 459K, committed 576K, reserved 1048576K
}
Event: 0.497 GC heap after
{Heap after GC invocations=1 (full 0):
 PSYoungGen      total 29696K, used 3748K [0x00000000d5580000, 0x00000000d7680000, 0x0000000100000000)
  eden space 25600K, 0% used [0x00000000d5580000,0x00000000d5580000,0x00000000d6e80000)
  from space 4096K, 91% used [0x00000000d6e80000,0x00000000d7229000,0x00000000d7280000)
  to   space 4096K, 0% used [0x00000000d7280000,0x00000000d7280000,0x00000000d7680000)
 ParOldGen       total 68608K, used 16K [0x0000000080000000, 0x0000000084300000, 0x00000000d5580000)
  object space 68608K, 0% used [0x0000000080000000,0x0000000080004000,0x0000000084300000)
 Metaspace       used 4205K, committed 4480K, reserved 1114112K
  class space    used 459K, committed 576K, reserved 1048576K
}
Event: 0.856 GC heap before
{Heap before GC invocations=2 (full 0):
 PSYoungGen      total 29696K, used 29348K [0x00000000d5580000, 0x00000000d7680000, 0x0000000100000000)
  eden space 25600K, 100% used [0x00000000d5580000,0x00000000d6e80000,0x00000000d6e80000)
  from space 4096K, 91% used [0x00000000d6e80000,0x00000000d7229000,0x00000000d7280000)
  to   space 4096K, 0% used [0x00000000d7280000,0x00000000d7280000,0x00000000d7680000)
 ParOldGen       total 68608K, used 16K [0x0000000080000000, 0x0000000084300000, 0x00000000d5580000)
  object space 68608K, 0% used [0x0000000080000000,0x0000000080004000,0x0000000084300000)
 Metaspace       used 7874K, committed 8192K, reserved 1114112K
  class space    used 815K, committed 960K, reserved 1048576K
}
Event: 0.860 GC heap after
{Heap after GC invocations=2 (full 0):
 PSYoungGen      total 29696K, used 4078K [0x00000000d5580000, 0x00000000d7680000, 0x0000000100000000)
  eden space 25600K, 0% used [0x00000000d5580000,0x00000000d5580000,0x00000000d6e80000)
  from space 4096K, 99% used [0x00000000d7280000,0x00000000d767b820,0x00000000d7680000)
  to   space 4096K, 0% used [0x00000000d6e80000,0x00000000d6e80000,0x00000000d7280000)
 ParOldGen       total 68608K, used 2033K [0x0000000080000000, 0x0000000084300000, 0x00000000d5580000)
  object space 68608K, 2% used [0x0000000080000000,0x00000000801fc6a8,0x0000000084300000)
 Metaspace       used 7874K, committed 8192K, reserved 1114112K
  class space    used 815K, committed 960K, reserved 1048576K
}
Event: 1.134 GC heap before
{Heap before GC invocations=3 (full 0):
 PSYoungGen      total 29696K, used 29678K [0x00000000d5580000, 0x00000000d7680000, 0x0000000100000000)
  eden space 25600K, 100% used [0x00000000d5580000,0x00000000d6e80000,0x00000000d6e80000)
  from space 4096K, 99% used [0x00000000d7280000,0x00000000d767b820,0x00000000d7680000)
  to   space 4096K, 0% used [0x00000000d6e80000,0x00000000d6e80000,0x00000000d7280000)
 ParOldGen       total 68608K, used 2033K [0x0000000080000000, 0x0000000084300000, 0x00000000d5580000)
  object space 68608K, 2% used [0x0000000080000000,0x00000000801fc6a8,0x0000000084300000)
 Metaspace       used 9546K, committed 9856K, reserved 1114112K
  class space    used 1014K, committed 1152K, reserved 1048576K
}
Event: 1.138 GC heap after
{Heap after GC invocations=3 (full 0):
 PSYoungGen      total 29696K, used 4064K [0x00000000d5580000, 0x00000000d7680000, 0x0000000100000000)
  eden space 25600K, 0% used [0x00000000d5580000,0x00000000d5580000,0x00000000d6e80000)
  from space 4096K, 99% used [0x00000000d6e80000,0x00000000d72781a0,0x00000000d7280000)
  to   space 4096K, 0% used [0x00000000d7280000,0x00000000d7280000,0x00000000d7680000)
 ParOldGen       total 68608K, used 4297K [0x0000000080000000, 0x0000000084300000, 0x00000000d5580000)
  object space 68608K, 6% used [0x0000000080000000,0x0000000080432420,0x0000000084300000)
 Metaspace       used 9546K, committed 9856K, reserved 1114112K
  class space    used 1014K, committed 1152K, reserved 1048576K
}
Event: 3.323 GC heap before
{Heap before GC invocations=4 (full 0):
 PSYoungGen      total 29696K, used 29664K [0x00000000d5580000, 0x00000000d7680000, 0x0000000100000000)
  eden space 25600K, 100% used [0x00000000d5580000,0x00000000d6e80000,0x00000000d6e80000)
  from space 4096K, 99% used [0x00000000d6e80000,0x00000000d72781a0,0x00000000d7280000)
  to   space 4096K, 0% used [0x00000000d7280000,0x00000000d7280000,0x00000000d7680000)
 ParOldGen       total 68608K, used 4297K [0x0000000080000000, 0x0000000084300000, 0x00000000d5580000)
  object space 68608K, 6% used [0x0000000080000000,0x0000000080432420,0x0000000084300000)
 Metaspace       used 11360K, committed 11712K, reserved 1114112K
  class space    used 1191K, committed 1344K, reserved 1048576K
}
Event: 3.326 GC heap after
{Heap after GC invocations=4 (full 0):
 PSYoungGen      total 29696K, used 4091K [0x00000000d5580000, 0x00000000d7680000, 0x0000000100000000)
  eden space 25600K, 0% used [0x00000000d5580000,0x00000000d5580000,0x00000000d6e80000)
  from space 4096K, 99% used [0x00000000d7280000,0x00000000d767eee0,0x00000000d7680000)
  to   space 4096K, 0% used [0x00000000d6e80000,0x00000000d6e80000,0x00000000d7280000)
 ParOldGen       total 68608K, used 6811K [0x0000000080000000, 0x0000000084300000, 0x00000000d5580000)
  object space 68608K, 9% used [0x0000000080000000,0x00000000806a6f98,0x0000000084300000)
 Metaspace       used 11360K, committed 11712K, reserved 1114112K
  class space    used 1191K, committed 1344K, reserved 1048576K
}
Event: 3.673 GC heap before
{Heap before GC invocations=5 (full 0):
 PSYoungGen      total 29696K, used 29691K [0x00000000d5580000, 0x00000000d7680000, 0x0000000100000000)
  eden space 25600K, 100% used [0x00000000d5580000,0x00000000d6e80000,0x00000000d6e80000)
  from space 4096K, 99% used [0x00000000d7280000,0x00000000d767eee0,0x00000000d7680000)
  to   space 4096K, 0% used [0x00000000d6e80000,0x00000000d6e80000,0x00000000d7280000)
 ParOldGen       total 68608K, used 6811K [0x0000000080000000, 0x0000000084300000, 0x00000000d5580000)
  object space 68608K, 9% used [0x0000000080000000,0x00000000806a6f98,0x0000000084300000)
 Metaspace       used 15120K, committed 15680K, reserved 1114112K
  class space    used 1554K, committed 1856K, reserved 1048576K
}
Event: 3.675 GC heap after
{Heap after GC invocations=5 (full 0):
 PSYoungGen      total 29184K, used 4092K [0x00000000d5580000, 0x00000000d7a00000, 0x0000000100000000)
  eden space 25088K, 0% used [0x00000000d5580000,0x00000000d5580000,0x00000000d6e00000)
  from space 4096K, 99% used [0x00000000d6e80000,0x00000000d727f320,0x00000000d7280000)
  to   space 6144K, 0% used [0x00000000d7400000,0x00000000d7400000,0x00000000d7a00000)
 ParOldGen       total 68608K, used 8258K [0x0000000080000000, 0x0000000084300000, 0x00000000d5580000)
  object space 68608K, 12% used [0x0000000080000000,0x0000000080810950,0x0000000084300000)
 Metaspace       used 15120K, committed 15680K, reserved 1114112K
  class space    used 1554K, committed 1856K, reserved 1048576K
}
Event: 4.078 GC heap before
{Heap before GC invocations=6 (full 0):
 PSYoungGen      total 29184K, used 29180K [0x00000000d5580000, 0x00000000d7a00000, 0x0000000100000000)
  eden space 25088K, 100% used [0x00000000d5580000,0x00000000d6e00000,0x00000000d6e00000)
  from space 4096K, 99% used [0x00000000d6e80000,0x00000000d727f320,0x00000000d7280000)
  to   space 6144K, 0% used [0x00000000d7400000,0x00000000d7400000,0x00000000d7a00000)
 ParOldGen       total 68608K, used 8258K [0x0000000080000000, 0x0000000084300000, 0x00000000d5580000)
  object space 68608K, 12% used [0x0000000080000000,0x0000000080810950,0x0000000084300000)
 Metaspace       used 18524K, committed 19328K, reserved 1114112K
  class space    used 1920K, committed 2304K, reserved 1048576K
}
Event: 4.081 GC heap after
{Heap after GC invocations=6 (full 0):
 PSYoungGen      total 30720K, used 6131K [0x00000000d5580000, 0x00000000d7a80000, 0x0000000100000000)
  eden space 24576K, 0% used [0x00000000d5580000,0x00000000d5580000,0x00000000d6d80000)
  from space 6144K, 99% used [0x00000000d7400000,0x00000000d79fcfd8,0x00000000d7a00000)
  to   space 6656K, 0% used [0x00000000d6d80000,0x00000000d6d80000,0x00000000d7400000)
 ParOldGen       total 68608K, used 8282K [0x0000000080000000, 0x0000000084300000, 0x00000000d5580000)
  object space 68608K, 12% used [0x0000000080000000,0x0000000080816950,0x0000000084300000)
 Metaspace       used 18524K, committed 19328K, reserved 1114112K
  class space    used 1920K, committed 2304K, reserved 1048576K
}
Event: 4.307 GC heap before
{Heap before GC invocations=7 (full 0):
 PSYoungGen      total 30720K, used 26402K [0x00000000d5580000, 0x00000000d7a80000, 0x0000000100000000)
  eden space 24576K, 82% used [0x00000000d5580000,0x00000000d694b848,0x00000000d6d80000)
  from space 6144K, 99% used [0x00000000d7400000,0x00000000d79fcfd8,0x00000000d7a00000)
  to   space 6656K, 0% used [0x00000000d6d80000,0x00000000d6d80000,0x00000000d7400000)
 ParOldGen       total 68608K, used 8282K [0x0000000080000000, 0x0000000084300000, 0x00000000d5580000)
  object space 68608K, 12% used [0x0000000080000000,0x0000000080816950,0x0000000084300000)
 Metaspace       used 20638K, committed 21504K, reserved 1114112K
  class space    used 2165K, committed 2560K, reserved 1048576K
}
Event: 4.311 GC heap after
{Heap after GC invocations=7 (full 0):
 PSYoungGen      total 29696K, used 5025K [0x00000000d5580000, 0x00000000d7880000, 0x0000000100000000)
  eden space 24576K, 0% used [0x00000000d5580000,0x00000000d5580000,0x00000000d6d80000)
  from space 5120K, 98% used [0x00000000d6d80000,0x00000000d72684a8,0x00000000d7280000)
  to   space 5632K, 0% used [0x00000000d7300000,0x00000000d7300000,0x00000000d7880000)
 ParOldGen       total 68608K, used 9770K [0x0000000080000000, 0x0000000084300000, 0x00000000d5580000)
  object space 68608K, 14% used [0x0000000080000000,0x000000008098a8f0,0x0000000084300000)
 Metaspace       used 20638K, committed 21504K, reserved 1114112K
  class space    used 2165K, committed 2560K, reserved 1048576K
}
Event: 4.311 GC heap before
{Heap before GC invocations=8 (full 1):
 PSYoungGen      total 29696K, used 5025K [0x00000000d5580000, 0x00000000d7880000, 0x0000000100000000)
  eden space 24576K, 0% used [0x00000000d5580000,0x00000000d5580000,0x00000000d6d80000)
  from space 5120K, 98% used [0x00000000d6d80000,0x00000000d72684a8,0x00000000d7280000)
  to   space 5632K, 0% used [0x00000000d7300000,0x00000000d7300000,0x00000000d7880000)
 ParOldGen       total 68608K, used 9770K [0x0000000080000000, 0x0000000084300000, 0x00000000d5580000)
  object space 68608K, 14% used [0x0000000080000000,0x000000008098a8f0,0x0000000084300000)
 Metaspace       used 20638K, committed 21504K, reserved 1114112K
  class space    used 2165K, committed 2560K, reserved 1048576K
}
Event: 4.339 GC heap after
{Heap after GC invocations=8 (full 1):
 PSYoungGen      total 29696K, used 0K [0x00000000d5580000, 0x00000000d7880000, 0x0000000100000000)
  eden space 24576K, 0% used [0x00000000d5580000,0x00000000d5580000,0x00000000d6d80000)
  from space 5120K, 0% used [0x00000000d6d80000,0x00000000d6d80000,0x00000000d7280000)
  to   space 5632K, 0% used [0x00000000d7300000,0x00000000d7300000,0x00000000d7880000)
 ParOldGen       total 68608K, used 14193K [0x0000000080000000, 0x0000000084300000, 0x00000000d5580000)
  object space 68608K, 20% used [0x0000000080000000,0x0000000080ddc640,0x0000000084300000)
 Metaspace       used 20625K, committed 21504K, reserved 1114112K
  class space    used 2162K, committed 2560K, reserved 1048576K
}

Dll operation events (10 events):
Event: 0.009 Loaded shared library c:\Users\50449\.cursor\extensions\redhat.java-1.55.0-win32-x64\jre\21.0.11-win32-x86_64\bin\java.dll
Event: 0.030 Loaded shared library c:\Users\50449\.cursor\extensions\redhat.java-1.55.0-win32-x64\jre\21.0.11-win32-x86_64\bin\zip.dll
Event: 0.068 Loaded shared library C:\Users\50449\.cursor\extensions\redhat.java-1.55.0-win32-x64\jre\21.0.11-win32-x86_64\bin\instrument.dll
Event: 0.072 Loaded shared library C:\Users\50449\.cursor\extensions\redhat.java-1.55.0-win32-x64\jre\21.0.11-win32-x86_64\bin\net.dll
Event: 0.074 Loaded shared library C:\Users\50449\.cursor\extensions\redhat.java-1.55.0-win32-x64\jre\21.0.11-win32-x86_64\bin\nio.dll
Event: 0.077 Loaded shared library C:\Users\50449\.cursor\extensions\redhat.java-1.55.0-win32-x64\jre\21.0.11-win32-x86_64\bin\zip.dll
Event: 0.090 Loaded shared library C:\Users\50449\.cursor\extensions\redhat.java-1.55.0-win32-x64\jre\21.0.11-win32-x86_64\bin\jimage.dll
Event: 0.154 Loaded shared library c:\Users\50449\.cursor\extensions\redhat.java-1.55.0-win32-x64\jre\21.0.11-win32-x86_64\bin\verify.dll
Event: 0.966 Loaded shared library C:\Users\50449\AppData\Roaming\Cursor\User\globalStorage\redhat.java\1.55.0\config_win\org.eclipse.equinox.launcher\org.eclipse.equinox.launcher.win32.win32.x86_64_1.3.100.v20260613-0559\eclipse_11924.dll
Event: 3.928 Loaded shared library C:\Users\50449\AppData\Local\Temp\jna-50428222\jna3241315560416044870.dll

Deoptimization events (20 events):
Event: 4.489 Thread 0x00000204fe298840 Uncommon trap: trap_request=0xffffffbe fr.pc=0x00000204ea976d40 relative=0x00000000000034c0
Event: 4.489 Thread 0x00000204fe298840 Uncommon trap: reason=profile_predicate action=maybe_recompile pc=0x00000204ea976d40 method=jdk.internal.jimage.ImageStringsReader.stringFromByteBufferMatches(Ljava/nio/ByteBuffer;ILjava/lang/String;I)I @ 19 c2
Event: 4.489 Thread 0x00000204fe298840 DEOPT PACKING pc=0x00000204ea976d40 sp=0x0000003cd67f4750
Event: 4.489 Thread 0x00000204fe298840 DEOPT UNPACKING pc=0x00000204ea0b3aa2 sp=0x0000003cd67f42c8 mode 2
Event: 4.489 Thread 0x00000204fe298840 Uncommon trap: trap_request=0xffffffbe fr.pc=0x00000204ea976d40 relative=0x00000000000034c0
Event: 4.489 Thread 0x00000204fe298840 Uncommon trap: reason=profile_predicate action=maybe_recompile pc=0x00000204ea976d40 method=jdk.internal.jimage.ImageStringsReader.stringFromByteBufferMatches(Ljava/nio/ByteBuffer;ILjava/lang/String;I)I @ 19 c2
Event: 4.489 Thread 0x00000204fe298840 DEOPT PACKING pc=0x00000204ea976d40 sp=0x0000003cd67f4750
Event: 4.489 Thread 0x00000204fe298840 DEOPT UNPACKING pc=0x00000204ea0b3aa2 sp=0x0000003cd67f42c8 mode 2
Event: 4.489 Thread 0x00000204fe298840 Uncommon trap: trap_request=0xffffffbe fr.pc=0x00000204ea976d40 relative=0x00000000000034c0
Event: 4.489 Thread 0x00000204fe298840 Uncommon trap: reason=profile_predicate action=maybe_recompile pc=0x00000204ea976d40 method=jdk.internal.jimage.ImageStringsReader.stringFromByteBufferMatches(Ljava/nio/ByteBuffer;ILjava/lang/String;I)I @ 19 c2
Event: 4.489 Thread 0x00000204fe298840 DEOPT PACKING pc=0x00000204ea976d40 sp=0x0000003cd67f4750
Event: 4.489 Thread 0x00000204fe298840 DEOPT UNPACKING pc=0x00000204ea0b3aa2 sp=0x0000003cd67f42c8 mode 2
Event: 4.489 Thread 0x00000204fe298840 Uncommon trap: trap_request=0xffffffbe fr.pc=0x00000204ea976d40 relative=0x00000000000034c0
Event: 4.489 Thread 0x00000204fe298840 Uncommon trap: reason=profile_predicate action=maybe_recompile pc=0x00000204ea976d40 method=jdk.internal.jimage.ImageStringsReader.stringFromByteBufferMatches(Ljava/nio/ByteBuffer;ILjava/lang/String;I)I @ 19 c2
Event: 4.489 Thread 0x00000204fe298840 DEOPT PACKING pc=0x00000204ea976d40 sp=0x0000003cd67f4750
Event: 4.489 Thread 0x00000204fe298840 DEOPT UNPACKING pc=0x00000204ea0b3aa2 sp=0x0000003cd67f42c8 mode 2
Event: 4.489 Thread 0x00000204fe298840 Uncommon trap: trap_request=0xffffffbe fr.pc=0x00000204ea965900 relative=0x0000000000002e60
Event: 4.489 Thread 0x00000204fe298840 Uncommon trap: reason=profile_predicate action=maybe_recompile pc=0x00000204ea965900 method=jdk.internal.jimage.ImageStringsReader.stringFromByteBufferMatches(Ljava/nio/ByteBuffer;ILjava/lang/String;I)I @ 19 c2
Event: 4.489 Thread 0x00000204fe298840 DEOPT PACKING pc=0x00000204ea965900 sp=0x0000003cd67f4640
Event: 4.489 Thread 0x00000204fe298840 DEOPT UNPACKING pc=0x00000204ea0b3aa2 sp=0x0000003cd67f42e8 mode 2

Classes loaded (20 events):
Event: 4.506 Loading class javax/xml/transform/Source
Event: 4.506 Loading class javax/xml/transform/Source done
Event: 4.523 Loading class java/util/concurrent/locks/ReentrantReadWriteLock$Sync$HoldCounter
Event: 4.523 Loading class java/util/concurrent/locks/ReentrantReadWriteLock$Sync$HoldCounter done
Event: 4.527 Loading class java/net/Authenticator
Event: 4.527 Loading class java/net/Authenticator done
Event: 4.535 Loading class java/net/SocketAddress
Event: 4.535 Loading class java/net/SocketAddress done
Event: 4.535 Loading class java/net/InetSocketAddress
Event: 4.535 Loading class java/net/InetSocketAddress done
Event: 4.535 Loading class java/nio/channels/AsynchronousByteChannel
Event: 4.535 Loading class java/nio/channels/AsynchronousChannel
Event: 4.535 Loading class java/nio/channels/AsynchronousChannel done
Event: 4.535 Loading class java/nio/channels/AsynchronousByteChannel done
Event: 4.561 Loading class java/util/Collections$UnmodifiableSortedSet
Event: 4.561 Loading class java/util/Collections$UnmodifiableSortedSet done
Event: 4.568 Loading class java/util/zip/GZIPInputStream
Event: 4.568 Loading class java/util/zip/GZIPInputStream done
Event: 4.569 Loading class java/util/zip/GZIPOutputStream
Event: 4.569 Loading class java/util/zip/GZIPOutputStream done

Classes unloaded (7 events):
Event: 4.316 Thread 0x00000204df9a4080 Unloading class 0x00000204811af000 'java/lang/invoke/LambdaForm$MH+0x00000204811af000'
Event: 4.316 Thread 0x00000204df9a4080 Unloading class 0x00000204811aec00 'java/lang/invoke/LambdaForm$MH+0x00000204811aec00'
Event: 4.316 Thread 0x00000204df9a4080 Unloading class 0x00000204811ae800 'java/lang/invoke/LambdaForm$MH+0x00000204811ae800'
Event: 4.316 Thread 0x00000204df9a4080 Unloading class 0x00000204811ae400 'java/lang/invoke/LambdaForm$MH+0x00000204811ae400'
Event: 4.316 Thread 0x00000204df9a4080 Unloading class 0x00000204811ae000 'java/lang/invoke/LambdaForm$BMH+0x00000204811ae000'
Event: 4.316 Thread 0x00000204df9a4080 Unloading class 0x00000204811adc00 'java/lang/invoke/LambdaForm$DMH+0x00000204811adc00'
Event: 4.316 Thread 0x00000204df9a4080 Unloading class 0x00000204811acc00 'java/lang/invoke/LambdaForm$DMH+0x00000204811acc00'

Classes redefined (0 events):
No events

Internal exceptions (20 events):
Event: 4.361 Thread 0x00000204fe298840 Exception <a 'java/lang/NoSuchMethodError'{0x00000000d56f18d8}: 'java.lang.Object java.lang.invoke.DirectMethodHandle$Holder.invokeStatic(java.lang.Object, java.lang.Object, java.lang.Object, java.lang.Object, int, java.lang.Object)'> (0x00000000d56f18d8) 
thrown [s\src\hotspot\share\interpreter\linkResolver.cpp, line 773]
Event: 4.364 Thread 0x00000204fe298840 Exception <a 'java/lang/NoSuchMethodError'{0x00000000d570baa8}: 'java.lang.Object java.lang.invoke.DirectMethodHandle$Holder.invokeStaticInit(java.lang.Object, java.lang.Object, java.lang.Object, java.lang.Object, java.lang.Object, java.lang.Object, java.lang.Object)'> (0x00000000d570baa8) 
thrown [s\src\hotspot\share\interpreter\linkResolver.cpp, line 773]
Event: 4.364 Thread 0x00000204fe298840 Exception <a 'java/lang/NoSuchMethodError'{0x00000000d5711248}: 'java.lang.Object java.lang.invoke.Invokers$Holder.invoke_MT(java.lang.Object, java.lang.Object, java.lang.Object, java.lang.Object, java.lang.Object, java.lang.Object, java.lang.Object, java.lang.Object, java.lang.Object)'> (0x00000000d5711248) 
thrown [s\src\hotspot\share\interpreter\linkResolver.cpp, line 773]
Event: 4.368 Thread 0x00000204fe298840 Exception <a 'java/lang/NoSuchMethodError'{0x00000000d57465f8}: 'int java.lang.invoke.DirectMethodHandle$Holder.invokeVirtual(java.lang.Object, java.lang.Object, java.lang.Object)'> (0x00000000d57465f8) 
thrown [s\src\hotspot\share\interpreter\linkResolver.cpp, line 773]
Event: 4.368 Thread 0x00000204fe298840 Exception <a 'java/lang/NoSuchMethodError'{0x00000000d574b590}: 'int java.lang.invoke.DirectMethodHandle$Holder.invokeStaticInit(java.lang.Object, int, int)'> (0x00000000d574b590) 
thrown [s\src\hotspot\share\interpreter\linkResolver.cpp, line 773]
Event: 4.369 Thread 0x00000204fe298840 Exception <a 'java/lang/NoSuchMethodError'{0x00000000d5753918}: 'int java.lang.invoke.DirectMethodHandle$Holder.invokeStaticInit(java.lang.Object, long, long)'> (0x00000000d5753918) 
thrown [s\src\hotspot\share\interpreter\linkResolver.cpp, line 773]
Event: 4.369 Thread 0x00000204fe298840 Exception <a 'java/lang/NoSuchMethodError'{0x00000000d575b2d0}: 'int java.lang.invoke.DirectMethodHandle$Holder.invokeStaticInit(java.lang.Object, float, float)'> (0x00000000d575b2d0) 
thrown [s\src\hotspot\share\interpreter\linkResolver.cpp, line 773]
Event: 4.369 Thread 0x00000204fe298840 Exception <a 'java/lang/NoSuchMethodError'{0x00000000d5762c80}: 'int java.lang.invoke.DirectMethodHandle$Holder.invokeStaticInit(java.lang.Object, double, double)'> (0x00000000d5762c80) 
thrown [s\src\hotspot\share\interpreter\linkResolver.cpp, line 773]
Event: 4.369 Thread 0x00000204fe298840 Exception <a 'java/lang/NoSuchMethodError'{0x00000000d5768098}: 'int java.lang.invoke.DirectMethodHandle$Holder.invokeStatic(java.lang.Object, long)'> (0x00000000d5768098) 
thrown [s\src\hotspot\share\interpreter\linkResolver.cpp, line 773]
Event: 4.371 Thread 0x00000204fe298840 Exception <a 'java/lang/NoSuchMethodError'{0x00000000d5786d80}: 'int java.lang.invoke.Invokers$Holder.linkToTargetMethod(java.lang.Object, java.lang.Object)'> (0x00000000d5786d80) 
thrown [s\src\hotspot\share\interpreter\linkResolver.cpp, line 773]
Event: 4.423 Thread 0x00000204fe298840 Exception <a 'java/lang/NoSuchMethodError'{0x00000000d5ae03e8}: 'java.lang.Object java.lang.invoke.Invokers$Holder.invoke_MT(java.lang.Object, java.lang.Object, java.lang.Object, java.lang.Object, java.lang.Object, java.lang.Object, java.lang.Object, java.lang.Object, java.lang.Object, java.lang.Object, java.lang.Object)'> (0x00000000d5ae03e8) 
thrown [s\src\hotspot\share\interpreter\linkResolver.cpp, line 773]
Event: 4.435 Thread 0x00000204fe298840 Exception <a 'java/lang/NoSuchMethodError'{0x00000000d5b6e4e8}: 'java.lang.Object java.lang.invoke.Invokers$Holder.invoke_MT(java.lang.Object, java.lang.Object, java.lang.Object, java.lang.Object, java.lang.Object, java.lang.Object, java.lang.Object, java.lang.Object, java.lang.Object, java.lang.Object)'> (0x00000000d5b6e4e8) 
thrown [s\src\hotspot\share\interpreter\linkResolver.cpp, line 773]
Event: 4.448 Thread 0x00000204fe298840 Exception <a 'java/lang/NoSuchMethodError'{0x00000000d5c12c40}: 'java.lang.Object java.lang.invoke.DirectMethodHandle$Holder.newInvokeSpecial(java.lang.Object, java.lang.Object, java.lang.Object, java.lang.Object, java.lang.Object, java.lang.Object, java.lang.Object)'> (0x00000000d5c12c40) 
thrown [s\src\hotspot\share\interpreter\linkResolver.cpp, line 773]
Event: 4.456 Thread 0x00000204fe298840 Exception <a 'java/lang/NoSuchMethodError'{0x00000000d5c8aab8}: 'java.lang.Object java.lang.invoke.Invokers$Holder.invoker(java.lang.Object, java.lang.Object, java.lang.Object, java.lang.Object, java.lang.Object, java.lang.Object, java.lang.Object, java.lang.Object, java.lang.Object, java.lang.Object, java.lang.Object, java.lang.Object, java.lang.Object)'> (0x00000000d5c8aab8) 
thrown [s\src\hotspot\share\interpreter\linkResolver.cpp, line 773]
Event: 4.457 Thread 0x00000204fe298840 Exception <a 'java/lang/NoSuchMethodError'{0x00000000d5c94f50}: 'java.lang.Object java.lang.invoke.DelegatingMethodHandle$Holder.delegate(java.lang.Object, java.lang.Object, java.lang.Object, java.lang.Object, java.lang.Object, java.lang.Object, java.lang.Object, java.lang.Object, java.lang.Object, java.lang.Object, java.lang.Object, java.lang.Object, java.lang.Object)'> (0x00000000d5c94f50) 
thrown [s\src\hotspot\share\interpreter\linkResolver.cpp, line 773]
Event: 4.461 Thread 0x00000204fe298840 Exception <a 'java/lang/NoSuchMethodError'{0x00000000d5d014d0}: static Lorg/eclipse/m2e/core/internal/lifecyclemapping/model/PluginExecutionMetadata;.<clinit>()V> (0x00000000d5d014d0) 
thrown [s\src\hotspot\share\prims\jni.cpp, line 1111]
Event: 4.466 Thread 0x00000204fe298840 Exception <a 'java/lang/NoSuchMethodError'{0x00000000d5d60de8}: static Lorg/eclipse/m2e/core/internal/lifecyclemapping/model/PluginExecutionFilter;.<clinit>()V> (0x00000000d5d60de8) 
thrown [s\src\hotspot\share\prims\jni.cpp, line 1111]
Event: 4.470 Thread 0x00000204fe298840 Exception <a 'java/lang/NoSuchMethodError'{0x00000000d5d8eb78}: static Lorg/eclipse/m2e/core/internal/project/registry/MavenProjectFacade$MavenProjectConfiguration;.<clinit>()V> (0x00000000d5d8eb78) 
thrown [s\src\hotspot\share\prims\jni.cpp, line 1111]
Event: 4.558 Thread 0x00000204fe298840 Exception <a 'java/lang/NoSuchMethodError'{0x00000000d640ff60}: 'double java.lang.invoke.DirectMethodHandle$Holder.invokeStatic(java.lang.Object, java.lang.Object)'> (0x00000000d640ff60) 
thrown [s\src\hotspot\share\interpreter\linkResolver.cpp, line 773]
Event: 4.559 Thread 0x00000204fe298840 Exception <a 'java/lang/NoSuchMethodError'{0x00000000d6413620}: 'double java.lang.invoke.DirectMethodHandle$Holder.invokeStaticInit(java.lang.Object, java.lang.Object)'> (0x00000000d6413620) 
thrown [s\src\hotspot\share\interpreter\linkResolver.cpp, line 773]

ZGC Phase Switch (0 events):
No events

VM Operations (20 events):
Event: 3.692 Executing non-safepoint VM operation: HandshakeAllThreads (Deoptimize)
Event: 3.692 Executing non-safepoint VM operation: HandshakeAllThreads (Deoptimize) done
Event: 3.819 Executing non-safepoint VM operation: HandshakeAllThreads (Deoptimize)
Event: 3.819 Executing non-safepoint VM operation: HandshakeAllThreads (Deoptimize) done
Event: 3.934 Executing non-safepoint VM operation: HandshakeAllThreads (Deoptimize)
Event: 3.934 Executing non-safepoint VM operation: HandshakeAllThreads (Deoptimize) done
Event: 4.043 Executing non-safepoint VM operation: HandshakeAllThreads (Deoptimize)
Event: 4.043 Executing non-safepoint VM operation: HandshakeAllThreads (Deoptimize) done
Event: 4.060 Executing safepoint VM operation: ICBufferFull
Event: 4.060 Executing safepoint VM operation: ICBufferFull done
Event: 4.068 Executing non-safepoint VM operation: HandshakeAllThreads (Deoptimize)
Event: 4.068 Executing non-safepoint VM operation: HandshakeAllThreads (Deoptimize) done
Event: 4.073 Executing non-safepoint VM operation: HandshakeAllThreads (Deoptimize)
Event: 4.073 Executing non-safepoint VM operation: HandshakeAllThreads (Deoptimize) done
Event: 4.078 Executing safepoint VM operation: ParallelGCFailedAllocation (Allocation Failure)
Event: 4.081 Executing safepoint VM operation: ParallelGCFailedAllocation (Allocation Failure) done
Event: 4.307 Executing safepoint VM operation: CollectForMetadataAllocation (Metadata GC Threshold)
Event: 4.339 Executing safepoint VM operation: CollectForMetadataAllocation (Metadata GC Threshold) done
Event: 4.356 Executing non-safepoint VM operation: HandshakeAllThreads (Deoptimize)
Event: 4.356 Executing non-safepoint VM operation: HandshakeAllThreads (Deoptimize) done

Memory protections (0 events):
No events

Nmethod flushes (0 events):
No events

Events (20 events):
Event: 0.981 Thread 0x00000204fe387120 Thread added: 0x00000204fe295260
Event: 0.984 Thread 0x00000204dfa130b0 Thread added: 0x00000204fe298840
Event: 1.203 Thread 0x00000204fe298840 Thread added: 0x00000204fe7078b0
Event: 1.271 Thread 0x00000204fe0c3220 Thread exited: 0x00000204fe0c3220
Event: 1.446 Thread 0x00000204f793e130 Thread exited: 0x00000204f793e130
Event: 1.664 Thread 0x00000204f793da80 Thread exited: 0x00000204f793da80
Event: 2.721 Thread 0x00000204f7938060 Thread exited: 0x00000204f7938060
Event: 2.721 Thread 0x00000204f7934380 Thread exited: 0x00000204f7934380
Event: 3.268 Thread 0x00000204fe298840 Thread added: 0x00000204fe9c0fc0
Event: 3.391 Thread 0x00000204dfabb430 Thread added: 0x00000204fea20750
Event: 3.391 Thread 0x00000204dfabb430 Thread added: 0x00000204fe492c70
Event: 3.391 Thread 0x00000204dfabb430 Thread added: 0x00000204fe493320
Event: 3.508 Thread 0x00000204df9be5f0 Thread added: 0x00000204fe690f20
Event: 3.508 Thread 0x00000204df9be5f0 Thread added: 0x00000204fe6921e0
Event: 3.559 Thread 0x00000204fe298840 Thread added: 0x00000204fe509c20
Event: 3.947 Thread 0x00000204fe298840 Thread added: 0x00000204c15b2520
Event: 3.981 Thread 0x00000204fe298840 Thread added: 0x00000204c15b1e90
Event: 3.997 Thread 0x00000204fe298840 Thread added: 0x00000204c15b38d0
Event: 4.398 Thread 0x00000204fea20750 Thread added: 0x00000204c1500230
Event: 4.400 Thread 0x00000204fea20750 Thread added: 0x00000204c1500900


Dynamic libraries:
0x00007ff7da610000 - 0x00007ff7da61e000 	c:\Users\50449\.cursor\extensions\redhat.java-1.55.0-win32-x64\jre\21.0.11-win32-x86_64\bin\java.exe
0x00007ffd5fc10000 - 0x00007ffd5fe28000 	C:\WINDOWS\SYSTEM32\ntdll.dll
0x00007ffd5f0c0000 - 0x00007ffd5f184000 	C:\WINDOWS\System32\KERNEL32.DLL
0x00007ffd5d120000 - 0x00007ffd5d4f3000 	C:\WINDOWS\System32\KERNELBASE.dll
0x00007ffd5d500000 - 0x00007ffd5d611000 	C:\WINDOWS\System32\ucrtbase.dll
0x00007ffd46800000 - 0x00007ffd4681e000 	c:\Users\50449\.cursor\extensions\redhat.java-1.55.0-win32-x64\jre\21.0.11-win32-x86_64\bin\VCRUNTIME140.dll
0x00007ffd46670000 - 0x00007ffd46688000 	c:\Users\50449\.cursor\extensions\redhat.java-1.55.0-win32-x64\jre\21.0.11-win32-x86_64\bin\jli.dll
0x00007ffd5edf0000 - 0x00007ffd5efa2000 	C:\WINDOWS\System32\USER32.dll
0x00007ffd5cd20000 - 0x00007ffd5cd46000 	C:\WINDOWS\System32\win32u.dll
0x00007ffd5f190000 - 0x00007ffd5f1b9000 	C:\WINDOWS\System32\GDI32.dll
0x00007ffd5cf40000 - 0x00007ffd5d05b000 	C:\WINDOWS\System32\gdi32full.dll
0x00007ffd431f0000 - 0x00007ffd4348c000 	C:\WINDOWS\WinSxS\amd64_microsoft.windows.common-controls_6595b64144ccf1df_6.0.22621.6060_none_2712eda17382d24b\COMCTL32.dll
0x00007ffd5d790000 - 0x00007ffd5d82a000 	C:\WINDOWS\System32\msvcp_win.dll
0x00007ffd5f1c0000 - 0x00007ffd5f267000 	C:\WINDOWS\System32\msvcrt.dll
0x00007ffd5fa40000 - 0x00007ffd5fa71000 	C:\WINDOWS\System32\IMM32.DLL
0x00007ffd469a0000 - 0x00007ffd469ac000 	c:\Users\50449\.cursor\extensions\redhat.java-1.55.0-win32-x64\jre\21.0.11-win32-x86_64\bin\vcruntime140_1.dll
0x00007ffd46310000 - 0x00007ffd4639d000 	c:\Users\50449\.cursor\extensions\redhat.java-1.55.0-win32-x64\jre\21.0.11-win32-x86_64\bin\msvcp140.dll
0x00007ffcbf2f0000 - 0x00007ffcc0092000 	c:\Users\50449\.cursor\extensions\redhat.java-1.55.0-win32-x64\jre\21.0.11-win32-x86_64\bin\server\jvm.dll
0x00007ffd5f5a0000 - 0x00007ffd5f651000 	C:\WINDOWS\System32\ADVAPI32.dll
0x00007ffd5e9c0000 - 0x00007ffd5ea68000 	C:\WINDOWS\System32\sechost.dll
0x00007ffd5cdd0000 - 0x00007ffd5cdf8000 	C:\WINDOWS\System32\bcrypt.dll
0x00007ffd5f810000 - 0x00007ffd5f928000 	C:\WINDOWS\System32\RPCRT4.dll
0x00007ffd5f280000 - 0x00007ffd5f2f1000 	C:\WINDOWS\System32\WS2_32.dll
0x00007ffd5bb70000 - 0x00007ffd5bbbd000 	C:\WINDOWS\SYSTEM32\POWRPROF.dll
0x00007ffd54f90000 - 0x00007ffd54fc4000 	C:\WINDOWS\SYSTEM32\WINMM.dll
0x00007ffd53480000 - 0x00007ffd5348a000 	C:\WINDOWS\SYSTEM32\VERSION.dll
0x00007ffd5bb50000 - 0x00007ffd5bb63000 	C:\WINDOWS\SYSTEM32\UMPDC.dll
0x00007ffd5bdf0000 - 0x00007ffd5be08000 	C:\WINDOWS\SYSTEM32\kernel.appcore.dll
0x00007ffd46900000 - 0x00007ffd4690a000 	c:\Users\50449\.cursor\extensions\redhat.java-1.55.0-win32-x64\jre\21.0.11-win32-x86_64\bin\jimage.dll
0x00007ffd5a470000 - 0x00007ffd5a6a3000 	C:\WINDOWS\SYSTEM32\DBGHELP.DLL
0x00007ffd5dd40000 - 0x00007ffd5e0d1000 	C:\WINDOWS\System32\combase.dll
0x00007ffd5f3a0000 - 0x00007ffd5f478000 	C:\WINDOWS\System32\OLEAUT32.dll
0x00007ffd50a00000 - 0x00007ffd50a32000 	C:\WINDOWS\SYSTEM32\dbgcore.DLL
0x00007ffd5d830000 - 0x00007ffd5d8ab000 	C:\WINDOWS\System32\bcryptPrimitives.dll
0x00007ffd46660000 - 0x00007ffd4666f000 	c:\Users\50449\.cursor\extensions\redhat.java-1.55.0-win32-x64\jre\21.0.11-win32-x86_64\bin\instrument.dll
0x00007ffd46640000 - 0x00007ffd46660000 	c:\Users\50449\.cursor\extensions\redhat.java-1.55.0-win32-x64\jre\21.0.11-win32-x86_64\bin\java.dll
0x00007ffd5e100000 - 0x00007ffd5e99c000 	C:\WINDOWS\System32\SHELL32.dll
0x00007ffd5ce00000 - 0x00007ffd5cf3f000 	C:\WINDOWS\System32\wintypes.dll
0x00007ffd5ac30000 - 0x00007ffd5b54a000 	C:\WINDOWS\SYSTEM32\windows.storage.dll
0x00007ffd5f930000 - 0x00007ffd5fa34000 	C:\WINDOWS\System32\SHCORE.dll
0x00007ffd5fb60000 - 0x00007ffd5fbc9000 	C:\WINDOWS\System32\shlwapi.dll
0x00007ffd5cc50000 - 0x00007ffd5cc75000 	C:\WINDOWS\SYSTEM32\profapi.dll
0x00007ffd554b0000 - 0x00007ffd554c8000 	c:\Users\50449\.cursor\extensions\redhat.java-1.55.0-win32-x64\jre\21.0.11-win32-x86_64\bin\zip.dll
0x00007ffd57400000 - 0x00007ffd57410000 	C:\Users\50449\.cursor\extensions\redhat.java-1.55.0-win32-x64\jre\21.0.11-win32-x86_64\bin\net.dll
0x00007ffd57830000 - 0x00007ffd5795c000 	C:\WINDOWS\SYSTEM32\WINHTTP.dll
0x00007ffd5c2d0000 - 0x00007ffd5c339000 	C:\WINDOWS\system32\mswsock.dll
0x00007ffd4d6e0000 - 0x00007ffd4d6f6000 	C:\Users\50449\.cursor\extensions\redhat.java-1.55.0-win32-x64\jre\21.0.11-win32-x86_64\bin\nio.dll
0x00007ffd4b9d0000 - 0x00007ffd4b9e0000 	c:\Users\50449\.cursor\extensions\redhat.java-1.55.0-win32-x64\jre\21.0.11-win32-x86_64\bin\verify.dll
0x00007ffd2dfc0000 - 0x00007ffd2e005000 	C:\Users\50449\AppData\Roaming\Cursor\User\globalStorage\redhat.java\1.55.0\config_win\org.eclipse.equinox.launcher\org.eclipse.equinox.launcher.win32.win32.x86_64_1.3.100.v20260613-0559\eclipse_11924.dll
0x00007ffd5f660000 - 0x00007ffd5f801000 	C:\WINDOWS\System32\ole32.dll
0x00007ffd5c520000 - 0x00007ffd5c53b000 	C:\WINDOWS\SYSTEM32\CRYPTSP.dll
0x00007ffd5bd50000 - 0x00007ffd5bd87000 	C:\WINDOWS\system32\rsaenh.dll
0x00007ffd5c3c0000 - 0x00007ffd5c3e8000 	C:\WINDOWS\SYSTEM32\USERENV.dll
0x00007ffd5c540000 - 0x00007ffd5c54c000 	C:\WINDOWS\SYSTEM32\CRYPTBASE.dll
0x00007ffd5b860000 - 0x00007ffd5b88d000 	C:\WINDOWS\SYSTEM32\IPHLPAPI.DLL
0x00007ffd5f270000 - 0x00007ffd5f279000 	C:\WINDOWS\System32\NSI.dll
0x00007ffd2df70000 - 0x00007ffd2dfb9000 	C:\Users\50449\AppData\Local\Temp\jna-50428222\jna3241315560416044870.dll
0x00007ffd5f390000 - 0x00007ffd5f398000 	C:\WINDOWS\System32\PSAPI.DLL

JVMTI agents:
c:\Users\50449\.cursor\extensions\redhat.java-1.55.0-win32-x64\lombok\lombok-1.18.39-4050.jar path:c:\Users\50449\.cursor\extensions\redhat.java-1.55.0-win32-x64\jre\21.0.11-win32-x86_64\bin\instrument.dll, loaded, initialized, instrumentlib options:none

dbghelp: loaded successfully - version: 4.0.5 - missing functions: none
symbol engine: initialized successfully - sym options: 0x614 - pdb path: .;c:\Users\50449\.cursor\extensions\redhat.java-1.55.0-win32-x64\jre\21.0.11-win32-x86_64\bin;C:\WINDOWS\SYSTEM32;C:\WINDOWS\WinSxS\amd64_microsoft.windows.common-controls_6595b64144ccf1df_6.0.22621.6060_none_2712eda17382d24b;c:\Users\50449\.cursor\extensions\redhat.java-1.55.0-win32-x64\jre\21.0.11-win32-x86_64\bin\server;C:\Users\50449\AppData\Roaming\Cursor\User\globalStorage\redhat.java\1.55.0\config_win\org.eclipse.equinox.launcher\org.eclipse.equinox.launcher.win32.win32.x86_64_1.3.100.v20260613-0559;C:\Users\50449\AppData\Local\Temp\jna-50428222

VM Arguments:
jvm_args: --add-modules=ALL-SYSTEM --add-opens=java.base/java.util=ALL-UNNAMED --add-opens=java.base/java.lang=ALL-UNNAMED --add-opens=java.base/sun.nio.fs=ALL-UNNAMED -Declipse.application=org.eclipse.jdt.ls.core.id1 -Dosgi.bundles.defaultStartLevel=4 -Declipse.product=org.eclipse.jdt.ls.core.product -Djava.import.generatesMetadataFilesAtProjectRoot=false -DDetectVMInstallationsJob.disabled=true -Dfile.encoding=utf8 -XX:+UseParallelGC -XX:GCTimeRatio=4 -XX:AdaptiveSizePolicyWeight=90 -Dsun.zip.disableMemoryMapping=true -Xmx2G -Xms100m -Xlog:disable -javaagent:c:\Users\50449\.cursor\extensions\redhat.java-1.55.0-win32-x64\lombok\lombok-1.18.39-4050.jar -XX:+HeapDumpOnOutOfMemoryError -XX:HeapDumpPath=c:\Users\50449\AppData\Roaming\Cursor\User\workspaceStorage\a3cad7a911f0bbbbe3643254eb7d352d\redhat.java -Daether.dependencyCollector.impl=bf 
java_command: c:\Users\50449\.cursor\extensions\redhat.java-1.55.0-win32-x64\server\plugins\org.eclipse.equinox.launcher_1.7.200.v20260619-2039.jar -configuration c:\Users\50449\AppData\Roaming\Cursor\User\globalStorage\redhat.java\1.55.0\config_win -data c:\Users\50449\AppData\Roaming\Cursor\User\workspaceStorage\a3cad7a911f0bbbbe3643254eb7d352d\redhat.java\jdt_ws --pipe=\\.\pipe\lsp-5f37a38b80a38cf7e08c7e34396c7285-sock
java_class_path (initial): c:\Users\50449\.cursor\extensions\redhat.java-1.55.0-win32-x64\server\plugins\org.eclipse.equinox.launcher_1.7.200.v20260619-2039.jar
Launcher Type: SUN_STANDARD

[Global flags]
    uintx AdaptiveSizePolicyWeight                 = 90                                        {product} {command line}
     intx CICompilerCount                          = 12                                        {product} {ergonomic}
    uintx GCTimeRatio                              = 4                                         {product} {command line}
     bool HeapDumpOnOutOfMemoryError               = true                                   {manageable} {command line}
    ccstr HeapDumpPath                             = c:\Users\50449\AppData\Roaming\Cursor\User\workspaceStorage\a3cad7a911f0bbbbe3643254eb7d352d\redhat.java         {manageable} {command line}
   size_t InitialHeapSize                          = 104857600                                 {product} {command line}
   size_t MaxHeapSize                              = 2147483648                                {product} {command line}
   size_t MaxNewSize                               = 715653120                                 {product} {ergonomic}
   size_t MinHeapDeltaBytes                        = 524288                                    {product} {ergonomic}
   size_t MinHeapSize                              = 104857600                                 {product} {command line}
   size_t NewSize                                  = 34603008                                  {product} {ergonomic}
    uintx NonNMethodCodeHeapSize                   = 7602480                                {pd product} {ergonomic}
    uintx NonProfiledCodeHeapSize                  = 122027880                              {pd product} {ergonomic}
   size_t OldSize                                  = 70254592                                  {product} {ergonomic}
    uintx ProfiledCodeHeapSize                     = 122027880                              {pd product} {ergonomic}
    uintx ReservedCodeCacheSize                    = 251658240                              {pd product} {ergonomic}
     bool SegmentedCodeCache                       = true                                      {product} {ergonomic}
   size_t SoftMaxHeapSize                          = 2147483648                             {manageable} {ergonomic}
     bool UseCompressedOops                        = true                           {product lp64_product} {ergonomic}
     bool UseLargePagesIndividualAllocation        = false                                  {pd product} {ergonomic}
     bool UseParallelGC                            = true                                      {product} {command line}

Logging:
Log output configuration:
 #0: stdout all=off uptime,level,tags foldmultilines=false
 #1: stderr all=off uptime,level,tags foldmultilines=false

Release file:
JAVA_VERSION="21.0.11" 
MODULES="java.base java.compiler java.datatransfer java.xml java.prefs java.desktop java.instrument java.logging java.management java.security.sasl java.naming java.rmi java.management.rmi java.net.http java.scripting java.security.jgss java.transaction.xa java.sql java.sql.rowset java.xml.crypto java.se java.smartcardio jdk.accessibility jdk.internal.jvmstat jdk.attach jdk.charsets jdk.internal.opt jdk.zipfs jdk.compiler jdk.crypto.ec jdk.crypto.cryptoki jdk.crypto.mscapi jdk.dynalink jdk.internal.ed jdk.editpad jdk.hotspot.agent jdk.httpserver jdk.internal.le jdk.internal.vm.ci jdk.internal.vm.compiler jdk.internal.vm.compiler.management jdk.jartool jdk.javadoc jdk.jcmd jdk.management jdk.management.agent jdk.jconsole jdk.jdeps jdk.jdwp.agent jdk.jdi jdk.jfr jdk.jshell jdk.jsobject jdk.jstatd jdk.localedata jdk.management.jfr jdk.naming.dns jdk.naming.rmi jdk.net jdk.nio.mapmode jdk.random jdk.sctp jdk.security.auth jdk.security.jgss jdk.unsupported jdk.unsupported.desktop jdk.xml.dom" 

Environment Variables:
JAVA_HOME=C:\Program Files\Eclipse Adoptium\jdk-17.0.18.8-hotspot\
CLASSPATH=.;C:\Program Files\Eclipse Adoptium\jdk-17.0.18.8-hotspot\\lib\dt.jar;C:\Program Files\Eclipse Adoptium\jdk-17.0.18.8-hotspot\\lib\tools.jar;
PATH=C:\Program Files\Eclipse Adoptium\jdk-17.0.18.8-hotspot\bin;C:\Program Files (x86)\Common Files\Oracle\Java\javapath;C:\Windows\system32;C:\Windows;C:\Windows\System32\Wbem;C:\Windows\System32\WindowsPowerShell\v1.0\;C:\Windows\System32\OpenSSH\;C:\Program Files (x86)\NVIDIA Corporation\PhysX\Common;C:\Program Files\NVIDIA Corporation\NVIDIA NvDLISR;C:\Program Files\Eclipse Adoptium\jdk-17.0.18.8-hotspot\\bin;C:\Program Files\Eclipse Adoptium\jdk-17.0.18.8-hotspot\\jre\bin;d:\Program Files (x86)\Git\cmd;D:\Program Files\TortoiseGit\bin;C:\WINDOWS\system32;C:\WINDOWS;C:\WINDOWS\System32\Wbem;C:\WINDOWS\System32\WindowsPowerShell\v1.0\;C:\WINDOWS\System32\OpenSSH\;d:\Program Files\cursor\resources\app\bin;C:\Program Files\nodejs\;C:\Users\50449\AppData\Local\Programs\Python\Python310\Scripts\;C:\Users\50449\AppData\Local\Programs\Python\Python310\;C:\Users\50449\AppData\Local\Programs\Python\Launcher\;C:\Users\50449\AppData\Local\Microsoft\WindowsApps;D:\apache-maven-3.6.3-bin\apache-maven-3.6.3\bin;C:\Users\50449\AppData\Roaming\npm;d:\Program Files\JetBrains\PyCharm 2025.3.1.1\bin;C:\Users\50449\.local\bin;C:\Users\50449\.bun\bin;C:\Users\50449\AppData\Local\Microsoft\WinGet\Packages\Mozilla.GeckoDriver_Microsoft.Winget.Source_8wekyb3d8bbwe;
USERNAME=50449
OS=Windows_NT
PROCESSOR_IDENTIFIER=Intel64 Family 6 Model 154 Stepping 3, GenuineIntel
TMP=C:\Users\50449\AppData\Local\Temp
TEMP=C:\Users\50449\AppData\Local\Temp




Periodic native trim disabled

---------------  S Y S T E M  ---------------

OS:
 Windows 11 , 64 bit Build 22621 (10.0.22621.5415)
OS uptime: 0 days 1:22 hours

CPU: total 20 (initial active 20) (10 cores per cpu, 2 threads per core) family 6 model 154 stepping 3 microcode 0x416, cx8, cmov, fxsr, ht, mmx, 3dnowpref, sse, sse2, sse3, ssse3, sse4.1, sse4.2, popcnt, lzcnt, tsc, tscinvbit, avx, avx2, aes, erms, clmul, bmi1, bmi2, adx, sha, fma, vzeroupper, clflush, clflushopt, clwb, serialize, rdtscp, rdpid, fsrm, f16c, pku, cet_ibt, cet_ss
Processor Information for processor 0
  Max Mhz: 2300, Current Mhz: 2300, Mhz Limit: 2300
Processor Information for processor 1
  Max Mhz: 2300, Current Mhz: 2300, Mhz Limit: 2300
Processor Information for processor 2
  Max Mhz: 2300, Current Mhz: 2300, Mhz Limit: 2300
Processor Information for processor 3
  Max Mhz: 2300, Current Mhz: 2300, Mhz Limit: 2300
Processor Information for processor 4
  Max Mhz: 2300, Current Mhz: 2300, Mhz Limit: 2300
Processor Information for processor 5
  Max Mhz: 2300, Current Mhz: 2300, Mhz Limit: 2300
Processor Information for processor 6
  Max Mhz: 2300, Current Mhz: 2300, Mhz Limit: 2300
Processor Information for processor 7
  Max Mhz: 2300, Current Mhz: 2300, Mhz Limit: 2300
Processor Information for processor 8
  Max Mhz: 2300, Current Mhz: 2300, Mhz Limit: 2300
Processor Information for processor 9
  Max Mhz: 2300, Current Mhz: 2300, Mhz Limit: 2300
Processor Information for processor 10
  Max Mhz: 2300, Current Mhz: 2300, Mhz Limit: 2300
Processor Information for processor 11
  Max Mhz: 2300, Current Mhz: 2300, Mhz Limit: 2300
Processor Information for processor 12
  Max Mhz: 2300, Current Mhz: 1700, Mhz Limit: 1679
Processor Information for processor 13
  Max Mhz: 2300, Current Mhz: 1700, Mhz Limit: 1679
Processor Information for processor 14
  Max Mhz: 2300, Current Mhz: 1700, Mhz Limit: 1679
Processor Information for processor 15
  Max Mhz: 2300, Current Mhz: 1700, Mhz Limit: 1679
Processor Information for processor 16
  Max Mhz: 2300, Current Mhz: 1700, Mhz Limit: 1679
Processor Information for processor 17
  Max Mhz: 2300, Current Mhz: 1700, Mhz Limit: 1679
Processor Information for processor 18
  Max Mhz: 2300, Current Mhz: 1700, Mhz Limit: 1679
Processor Information for processor 19
  Max Mhz: 2300, Current Mhz: 1700, Mhz Limit: 1679

Memory: 4k page, system-wide physical 16124M (1486M free)
TotalPageFile size 38488M (AvailPageFile size 8M)
current process WorkingSet (physical memory assigned to process): 169M, peak: 178M
current process commit charge ("private bytes"): 323M, peak: 333M

vm_info: OpenJDK 64-Bit Server VM (21.0.11+10-LTS) for windows-amd64 JRE (21.0.11+10-LTS), built on 2026-04-21T00:00:00Z by "admin" with MS VC++ 17.12 (VS2022)

END.
