#
# There is insufficient memory for the Java Runtime Environment to continue.
# Native memory allocation (malloc) failed to allocate 1952496 bytes. Error detail: Chunk::new
# Possible reasons:
#   The system is out of physical RAM or swap space
#   This process is running with CompressedOops enabled, and the Java Heap may be blocking the growth of the native heap
# Possible solutions:
#   Reduce memory load on the system
#   Increase physical memory or swap space
#   Check if swap backing store is full
#   Decrease Java heap size (-Xmx/-Xms)
#   Decrease number of Java threads
#   Decrease Java thread stack sizes (-Xss)
#   Set larger code cache with -XX:ReservedCodeCacheSize=
#   JVM is running with Zero Based Compressed Oops mode in which the Java heap is
#     placed in the first 32GB address space. The Java Heap base address is the
#     maximum limit for the native heap growth. Please use -XX:HeapBaseMinAddress
#     to set the Java Heap base and to place the Java Heap above 32GB virtual address.
# This output file may be truncated or incomplete.
#
#  Out of Memory Error (arena.cpp:191), pid=39084, tid=39520
#
# JRE version: OpenJDK Runtime Environment Temurin-17.0.18+8 (17.0.18+8) (build 17.0.18+8)
# Java VM: OpenJDK 64-Bit Server VM Temurin-17.0.18+8 (17.0.18+8, mixed mode, sharing, tiered, compressed oops, compressed class ptrs, g1 gc, windows-amd64)
# No core dump will be written. Minidumps are not enabled by default on client versions of Windows
#

---------------  S U M M A R Y ------------

Command Line: --enable-native-access=ALL-UNNAMED -Dclassworlds.conf=C:\Users\50449\.cursor\extensions\oracle.oracle-java-26.0.0-universal\nbcode\java\maven\bin\m2.conf -Dmaven.home=C:\Users\50449\.cursor\extensions\oracle.oracle-java-26.0.0-universal\nbcode\java\maven -Dlibrary.jansi.path=C:\Users\50449\.cursor\extensions\oracle.oracle-java-26.0.0-universal\nbcode\java\maven\lib\jansi-native -Dmaven.multiModuleProjectDirectory=D:\成家立业\spacetime_new\docs\相关资料\算法源码\librec org.codehaus.plexus.classworlds.launcher.Launcher -DskipTests=true -Dmaven.ext.class.path=C:\Users\50449\.cursor\extensions\oracle.oracle-java-26.0.0-universal\nbcode\java\maven-nblib\netbeans-eventspy.jar --also-make --projects spark --no-transfer-progress --fail-at-end install

Host: 12th Gen Intel(R) Core(TM) i7-12700H, 20 cores, 15G,  Windows 11 , 64 bit Build 22621 (10.0.22621.5415)
Time: Tue Jul  7 16:45:42 2026  Windows 11 , 64 bit Build 22621 (10.0.22621.5415) elapsed time: 2.515115 seconds (0d 0h 0m 2s)

---------------  T H R E A D  ---------------

Current thread (0x00000222456bd220):  JavaThread "C2 CompilerThread3" daemon [_thread_in_native, id=39520, stack(0x00000071fac00000,0x00000071fad00000)]


Current CompileTask:
C2:2515 4568   !   4       org.apache.maven.model.ModelBase::clone (397 bytes)

Stack: [0x00000071fac00000,0x00000071fad00000]
Native frames: (J=compiled Java code, j=interpreted, Vv=VM code, C=native code)
V  [jvm.dll+0x6846f9]
V  [jvm.dll+0x839ea5]
V  [jvm.dll+0x83b91e]
V  [jvm.dll+0x83bfa3]
V  [jvm.dll+0x248eff]
V  [jvm.dll+0xad496]
V  [jvm.dll+0xadb3c]
V  [jvm.dll+0x368bcf]
V  [jvm.dll+0x333055]
V  [jvm.dll+0x3324ba]
V  [jvm.dll+0x219db9]
V  [jvm.dll+0x219200]
V  [jvm.dll+0x1a4920]
V  [jvm.dll+0x22989a]
V  [jvm.dll+0x227a4b]
V  [jvm.dll+0x7f0658]
V  [jvm.dll+0x7eaaec]
V  [jvm.dll+0x6835c7]
C  [ucrtbase.dll+0x29333]
C  [KERNEL32.DLL+0x1259d]
C  [ntdll.dll+0x5af78]


---------------  P R O C E S S  ---------------

Threads class SMR info:
_java_thread_list=0x0000022245d7a090, length=20, elements={
0x000002225b5d0360, 0x000002227e864b80, 0x000002227e865a00, 0x000002227e883980,
0x000002227e884540, 0x000002227e887010, 0x000002227e8879d0, 0x000002227e888d80,
0x000002227e88cd30, 0x000002227e88fb50, 0x000002227f57a760, 0x000002227f63db00,
0x000002227f641860, 0x000002227f84ac00, 0x0000022245172100, 0x00000222453a0c80,
0x00000222456834d0, 0x00000222456bd220, 0x0000022245683df0, 0x0000022245be9a40
}

Java Threads: ( => current thread )
  0x000002225b5d0360 JavaThread "main" [_thread_in_vm, id=39324, stack(0x00000071f8e00000,0x00000071f8f00000)]
  0x000002227e864b80 JavaThread "Reference Handler" daemon [_thread_blocked, id=39832, stack(0x00000071f9500000,0x00000071f9600000)]
  0x000002227e865a00 JavaThread "Finalizer" daemon [_thread_blocked, id=38788, stack(0x00000071f9600000,0x00000071f9700000)]
  0x000002227e883980 JavaThread "Signal Dispatcher" daemon [_thread_blocked, id=39376, stack(0x00000071f9700000,0x00000071f9800000)]
  0x000002227e884540 JavaThread "Attach Listener" daemon [_thread_blocked, id=35132, stack(0x00000071f9800000,0x00000071f9900000)]
  0x000002227e887010 JavaThread "Service Thread" daemon [_thread_blocked, id=39372, stack(0x00000071f9900000,0x00000071f9a00000)]
  0x000002227e8879d0 JavaThread "Monitor Deflation Thread" daemon [_thread_blocked, id=28728, stack(0x00000071f9a00000,0x00000071f9b00000)]
  0x000002227e888d80 JavaThread "C2 CompilerThread0" daemon [_thread_in_native, id=34636, stack(0x00000071f9b00000,0x00000071f9c00000)]
  0x000002227e88cd30 JavaThread "C1 CompilerThread0" daemon [_thread_in_native, id=4552, stack(0x00000071f9c00000,0x00000071f9d00000)]
  0x000002227e88fb50 JavaThread "Sweeper thread" daemon [_thread_blocked, id=29556, stack(0x00000071f9d00000,0x00000071f9e00000)]
  0x000002227f57a760 JavaThread "C1 CompilerThread1" daemon [_thread_blocked, id=39632, stack(0x00000071f9e00000,0x00000071f9f00000)]
  0x000002227f63db00 JavaThread "Notification Thread" daemon [_thread_blocked, id=23692, stack(0x00000071f9f00000,0x00000071fa000000)]
  0x000002227f641860 JavaThread "Common-Cleaner" daemon [_thread_blocked, id=39764, stack(0x00000071fa100000,0x00000071fa200000)]
  0x000002227f84ac00 JavaThread "C2 CompilerThread1" daemon [_thread_in_native, id=39716, stack(0x00000071fa200000,0x00000071fa300000)]
  0x0000022245172100 JavaThread "C1 CompilerThread2" daemon [_thread_in_native, id=39788, stack(0x00000071fa300000,0x00000071fa400000)]
  0x00000222453a0c80 JavaThread "C1 CompilerThread3" daemon [_thread_in_native, id=33172, stack(0x00000071fa400000,0x00000071fa500000)]
  0x00000222456834d0 JavaThread "C2 CompilerThread2" daemon [_thread_in_vm, id=24388, stack(0x00000071fab00000,0x00000071fac00000)]
=>0x00000222456bd220 JavaThread "C2 CompilerThread3" daemon [_thread_in_native, id=39520, stack(0x00000071fac00000,0x00000071fad00000)]
  0x0000022245683df0 JavaThread "C2 CompilerThread4" daemon [_thread_in_native, id=34240, stack(0x00000071fad00000,0x00000071fae00000)]
  0x0000022245be9a40 JavaThread "C2 CompilerThread5" daemon [_thread_in_native, id=37508, stack(0x00000071fae00000,0x00000071faf00000)]

Other Threads:
  0x000002227e8604e0 VMThread "VM Thread" [stack: 0x00000071f9400000,0x00000071f9500000] [id=39340]
  0x000002227f641000 WatcherThread [stack: 0x00000071fa000000,0x00000071fa100000] [id=28840]
  0x000002225b63e4d0 GCTaskThread "GC Thread#0" [stack: 0x00000071f8f00000,0x00000071f9000000] [id=39328]
  0x000002227f758370 GCTaskThread "GC Thread#1" [stack: 0x00000071fa500000,0x00000071fa600000] [id=39276]
  0x00000222456685e0 GCTaskThread "GC Thread#2" [stack: 0x00000071fa600000,0x00000071fa700000] [id=39476]
  0x000002224569b5f0 GCTaskThread "GC Thread#3" [stack: 0x00000071fa700000,0x00000071fa800000] [id=10964]
  0x000002224569b8b0 GCTaskThread "GC Thread#4" [stack: 0x00000071fa800000,0x00000071fa900000] [id=39608]
  0x000002224569bb70 GCTaskThread "GC Thread#5" [stack: 0x00000071fa900000,0x00000071faa00000] [id=16156]
  0x0000022245600010 GCTaskThread "GC Thread#6" [stack: 0x00000071faa00000,0x00000071fab00000] [id=39888]
  0x000002224604e950 GCTaskThread "GC Thread#7" [stack: 0x00000071fb000000,0x00000071fb100000] [id=39796]
  0x00000222455e59d0 GCTaskThread "GC Thread#8" [stack: 0x00000071fb100000,0x00000071fb200000] [id=39712]
  0x0000022246fe1530 GCTaskThread "GC Thread#9" [stack: 0x00000071faf00000,0x00000071fb000000] [id=38928]
  0x0000022246fe0fb0 GCTaskThread "GC Thread#10" [stack: 0x00000071fb200000,0x00000071fb300000] [id=39852]
  0x0000022246fe2030 GCTaskThread "GC Thread#11" [stack: 0x00000071fb300000,0x00000071fb400000] [id=37712]
  0x0000022246fe1270 GCTaskThread "GC Thread#12" [stack: 0x00000071fb400000,0x00000071fb500000] [id=36932]
  0x0000022246fe2b30 GCTaskThread "GC Thread#13" [stack: 0x00000071fb500000,0x00000071fb600000] [id=38776]
  0x0000022246fe1d70 GCTaskThread "GC Thread#14" [stack: 0x00000071fb600000,0x00000071fb700000] [id=32780]
  0x000002225b64f020 ConcurrentGCThread "G1 Main Marker" [stack: 0x00000071f9000000,0x00000071f9100000] [id=39320]
  0x000002225b6521f0 ConcurrentGCThread "G1 Conc#0" [stack: 0x00000071f9100000,0x00000071f9200000] [id=33640]
  0x000002225b67d2d0 ConcurrentGCThread "G1 Refine#0" [stack: 0x00000071f9200000,0x00000071f9300000] [id=28808]
  0x000002225b67dd00 ConcurrentGCThread "G1 Service" [stack: 0x00000071f9300000,0x00000071f9400000] [id=39728]

Threads with active compile tasks:
C2 CompilerThread0  2559 5011   !   4       org.apache.maven.model.Dependency::clone (137 bytes)
C1 CompilerThread0  2559 5001   !   3       org.apache.maven.model.building.DefaultModelBuilder::importDependencyManagement (1104 bytes)
C2 CompilerThread1  2559 5017       4       org.codehaus.plexus.interpolation.PrefixedValueSourceWrapper::getValue (39 bytes)
C2 CompilerThread2  2559 4975   !   4       org.codehaus.plexus.interpolation.ObjectBasedValueSource::getValue (66 bytes)
C2 CompilerThread3  2559 4568   !   4       org.apache.maven.model.ModelBase::clone (397 bytes)
C2 CompilerThread4  2559 4786       4       org.codehaus.plexus.interpolation.AbstractDelegatingValueSource::getValue (13 bytes)
C2 CompilerThread5  2559 4971       4       org.codehaus.plexus.util.xml.pull.MXParser::parseStartTag (1205 bytes)

VM state: not at safepoint (normal execution)

VM Mutex/Monitor currently owned by a thread:  ([mutex/lock_event])
[0x000002225b5cc0d0] CodeCache_lock - owner thread: 0x000002227e88cd30
[0x000002225b5ce350] Compile_lock - owner thread: 0x000002227e88cd30
[0x000002225b5cded0] MethodCompileQueue_lock - owner thread: 0x000002227e88cd30

Heap address: 0x0000000704000000, size: 4032 MB, Compressed Oops mode: Zero based, Oop shift amount: 3

CDS archive(s) mapped at: [0x0000022200000000-0x0000022200bb0000-0x0000022200bb0000), size 12255232, SharedBaseAddress: 0x0000022200000000, ArchiveRelocationMode: 1.
Compressed class space mapped at: 0x0000022201000000-0x0000022241000000, reserved size: 1073741824
Narrow klass base: 0x0000022200000000, Narrow klass shift: 0, Narrow klass range: 0x100000000

GC Precious Log:
 CPUs: 20 total, 20 available
 Memory: 16124M
 Large Page Support: Disabled
 NUMA Support: Disabled
 Compressed Oops: Enabled (Zero based)
 Heap Region Size: 2M
 Heap Min Capacity: 8M
 Heap Initial Capacity: 252M
 Heap Max Capacity: 4032M
 Pre-touch: Disabled
 Parallel Workers: 15
 Concurrent Workers: 4
 Concurrent Refinement Workers: 15
 Periodic GC: Disabled

Heap:
 garbage-first heap   total 258048K, used 15575K [0x0000000704000000, 0x0000000800000000)
  region size 2048K, 7 young (14336K), 5 survivors (10240K)
 Metaspace       used 17379K, committed 17664K, reserved 1114112K
  class space    used 1979K, committed 2112K, reserved 1048576K

Heap Regions: E=young(eden), S=young(survivor), O=old, HS=humongous(starts), HC=humongous(continues), CS=collection set, F=free, OA=open archive, CA=closed archive, TAMS=top-at-mark-start (previous, next)
|   0|0x0000000704000000, 0x0000000704200000, 0x0000000704200000|100%| O|  |TAMS 0x0000000704000000, 0x0000000704000000| Untracked 
|   1|0x0000000704200000, 0x0000000704389000, 0x0000000704400000| 76%| O|  |TAMS 0x0000000704200000, 0x0000000704200000| Untracked 
|   2|0x0000000704400000, 0x0000000704400000, 0x0000000704600000|  0%| F|  |TAMS 0x0000000704400000, 0x0000000704400000| Untracked 
|   3|0x0000000704600000, 0x0000000704600000, 0x0000000704800000|  0%| F|  |TAMS 0x0000000704600000, 0x0000000704600000| Untracked 
|   4|0x0000000704800000, 0x0000000704800000, 0x0000000704a00000|  0%| F|  |TAMS 0x0000000704800000, 0x0000000704800000| Untracked 
|   5|0x0000000704a00000, 0x0000000704a00000, 0x0000000704c00000|  0%| F|  |TAMS 0x0000000704a00000, 0x0000000704a00000| Untracked 
|   6|0x0000000704c00000, 0x0000000704c00000, 0x0000000704e00000|  0%| F|  |TAMS 0x0000000704c00000, 0x0000000704c00000| Untracked 
|   7|0x0000000704e00000, 0x0000000704e00000, 0x0000000705000000|  0%| F|  |TAMS 0x0000000704e00000, 0x0000000704e00000| Untracked 
|   8|0x0000000705000000, 0x0000000705000000, 0x0000000705200000|  0%| F|  |TAMS 0x0000000705000000, 0x0000000705000000| Untracked 
|   9|0x0000000705200000, 0x0000000705200000, 0x0000000705400000|  0%| F|  |TAMS 0x0000000705200000, 0x0000000705200000| Untracked 
|  10|0x0000000705400000, 0x0000000705400000, 0x0000000705600000|  0%| F|  |TAMS 0x0000000705400000, 0x0000000705400000| Untracked 
|  11|0x0000000705600000, 0x0000000705600000, 0x0000000705800000|  0%| F|  |TAMS 0x0000000705600000, 0x0000000705600000| Untracked 
|  12|0x0000000705800000, 0x0000000705800000, 0x0000000705a00000|  0%| F|  |TAMS 0x0000000705800000, 0x0000000705800000| Untracked 
|  13|0x0000000705a00000, 0x0000000705a00000, 0x0000000705c00000|  0%| F|  |TAMS 0x0000000705a00000, 0x0000000705a00000| Untracked 
|  14|0x0000000705c00000, 0x0000000705c00000, 0x0000000705e00000|  0%| F|  |TAMS 0x0000000705c00000, 0x0000000705c00000| Untracked 
|  15|0x0000000705e00000, 0x0000000705e00000, 0x0000000706000000|  0%| F|  |TAMS 0x0000000705e00000, 0x0000000705e00000| Untracked 
|  16|0x0000000706000000, 0x0000000706000000, 0x0000000706200000|  0%| F|  |TAMS 0x0000000706000000, 0x0000000706000000| Untracked 
|  17|0x0000000706200000, 0x0000000706200000, 0x0000000706400000|  0%| F|  |TAMS 0x0000000706200000, 0x0000000706200000| Untracked 
|  18|0x0000000706400000, 0x0000000706400000, 0x0000000706600000|  0%| F|  |TAMS 0x0000000706400000, 0x0000000706400000| Untracked 
|  19|0x0000000706600000, 0x0000000706600000, 0x0000000706800000|  0%| F|  |TAMS 0x0000000706600000, 0x0000000706600000| Untracked 
|  20|0x0000000706800000, 0x0000000706800000, 0x0000000706a00000|  0%| F|  |TAMS 0x0000000706800000, 0x0000000706800000| Untracked 
|  21|0x0000000706a00000, 0x0000000706a00000, 0x0000000706c00000|  0%| F|  |TAMS 0x0000000706a00000, 0x0000000706a00000| Untracked 
|  22|0x0000000706c00000, 0x0000000706c00000, 0x0000000706e00000|  0%| F|  |TAMS 0x0000000706c00000, 0x0000000706c00000| Untracked 
|  23|0x0000000706e00000, 0x0000000706e00000, 0x0000000707000000|  0%| F|  |TAMS 0x0000000706e00000, 0x0000000706e00000| Untracked 
|  24|0x0000000707000000, 0x0000000707000000, 0x0000000707200000|  0%| F|  |TAMS 0x0000000707000000, 0x0000000707000000| Untracked 
|  25|0x0000000707200000, 0x0000000707200000, 0x0000000707400000|  0%| F|  |TAMS 0x0000000707200000, 0x0000000707200000| Untracked 
|  26|0x0000000707400000, 0x0000000707400000, 0x0000000707600000|  0%| F|  |TAMS 0x0000000707400000, 0x0000000707400000| Untracked 
|  27|0x0000000707600000, 0x0000000707600000, 0x0000000707800000|  0%| F|  |TAMS 0x0000000707600000, 0x0000000707600000| Untracked 
|  28|0x0000000707800000, 0x0000000707800000, 0x0000000707a00000|  0%| F|  |TAMS 0x0000000707800000, 0x0000000707800000| Untracked 
|  29|0x0000000707a00000, 0x0000000707a00000, 0x0000000707c00000|  0%| F|  |TAMS 0x0000000707a00000, 0x0000000707a00000| Untracked 
|  30|0x0000000707c00000, 0x0000000707c00000, 0x0000000707e00000|  0%| F|  |TAMS 0x0000000707c00000, 0x0000000707c00000| Untracked 
|  31|0x0000000707e00000, 0x0000000707e00000, 0x0000000708000000|  0%| F|  |TAMS 0x0000000707e00000, 0x0000000707e00000| Untracked 
|  32|0x0000000708000000, 0x0000000708000000, 0x0000000708200000|  0%| F|  |TAMS 0x0000000708000000, 0x0000000708000000| Untracked 
|  33|0x0000000708200000, 0x0000000708200000, 0x0000000708400000|  0%| F|  |TAMS 0x0000000708200000, 0x0000000708200000| Untracked 
|  34|0x0000000708400000, 0x0000000708400000, 0x0000000708600000|  0%| F|  |TAMS 0x0000000708400000, 0x0000000708400000| Untracked 
|  35|0x0000000708600000, 0x0000000708600000, 0x0000000708800000|  0%| F|  |TAMS 0x0000000708600000, 0x0000000708600000| Untracked 
|  36|0x0000000708800000, 0x0000000708800000, 0x0000000708a00000|  0%| F|  |TAMS 0x0000000708800000, 0x0000000708800000| Untracked 
|  37|0x0000000708a00000, 0x0000000708a00000, 0x0000000708c00000|  0%| F|  |TAMS 0x0000000708a00000, 0x0000000708a00000| Untracked 
|  38|0x0000000708c00000, 0x0000000708c00000, 0x0000000708e00000|  0%| F|  |TAMS 0x0000000708c00000, 0x0000000708c00000| Untracked 
|  39|0x0000000708e00000, 0x0000000708e00000, 0x0000000709000000|  0%| F|  |TAMS 0x0000000708e00000, 0x0000000708e00000| Untracked 
|  40|0x0000000709000000, 0x0000000709000000, 0x0000000709200000|  0%| F|  |TAMS 0x0000000709000000, 0x0000000709000000| Untracked 
|  41|0x0000000709200000, 0x0000000709200000, 0x0000000709400000|  0%| F|  |TAMS 0x0000000709200000, 0x0000000709200000| Untracked 
|  42|0x0000000709400000, 0x0000000709400000, 0x0000000709600000|  0%| F|  |TAMS 0x0000000709400000, 0x0000000709400000| Untracked 
|  43|0x0000000709600000, 0x0000000709600000, 0x0000000709800000|  0%| F|  |TAMS 0x0000000709600000, 0x0000000709600000| Untracked 
|  44|0x0000000709800000, 0x0000000709800000, 0x0000000709a00000|  0%| F|  |TAMS 0x0000000709800000, 0x0000000709800000| Untracked 
|  45|0x0000000709a00000, 0x0000000709a00000, 0x0000000709c00000|  0%| F|  |TAMS 0x0000000709a00000, 0x0000000709a00000| Untracked 
|  46|0x0000000709c00000, 0x0000000709dacce8, 0x0000000709e00000| 83%| S|CS|TAMS 0x0000000709c00000, 0x0000000709c00000| Complete 
|  47|0x0000000709e00000, 0x000000070a000000, 0x000000070a000000|100%| S|CS|TAMS 0x0000000709e00000, 0x0000000709e00000| Complete 
|  48|0x000000070a000000, 0x000000070a200000, 0x000000070a200000|100%| S|CS|TAMS 0x000000070a000000, 0x000000070a000000| Complete 
|  49|0x000000070a200000, 0x000000070a400000, 0x000000070a400000|100%| S|CS|TAMS 0x000000070a200000, 0x000000070a200000| Complete 
|  50|0x000000070a400000, 0x000000070a600000, 0x000000070a600000|100%| S|CS|TAMS 0x000000070a400000, 0x000000070a400000| Complete 
|  51|0x000000070a600000, 0x000000070a600000, 0x000000070a800000|  0%| F|  |TAMS 0x000000070a600000, 0x000000070a600000| Untracked 
|  52|0x000000070a800000, 0x000000070a800000, 0x000000070aa00000|  0%| F|  |TAMS 0x000000070a800000, 0x000000070a800000| Untracked 
|  53|0x000000070aa00000, 0x000000070aa00000, 0x000000070ac00000|  0%| F|  |TAMS 0x000000070aa00000, 0x000000070aa00000| Untracked 
|  54|0x000000070ac00000, 0x000000070ac00000, 0x000000070ae00000|  0%| F|  |TAMS 0x000000070ac00000, 0x000000070ac00000| Untracked 
|  55|0x000000070ae00000, 0x000000070ae00000, 0x000000070b000000|  0%| F|  |TAMS 0x000000070ae00000, 0x000000070ae00000| Untracked 
|  56|0x000000070b000000, 0x000000070b000000, 0x000000070b200000|  0%| F|  |TAMS 0x000000070b000000, 0x000000070b000000| Untracked 
|  57|0x000000070b200000, 0x000000070b200000, 0x000000070b400000|  0%| F|  |TAMS 0x000000070b200000, 0x000000070b200000| Untracked 
|  58|0x000000070b400000, 0x000000070b400000, 0x000000070b600000|  0%| F|  |TAMS 0x000000070b400000, 0x000000070b400000| Untracked 
|  59|0x000000070b600000, 0x000000070b600000, 0x000000070b800000|  0%| F|  |TAMS 0x000000070b600000, 0x000000070b600000| Untracked 
|  60|0x000000070b800000, 0x000000070b800000, 0x000000070ba00000|  0%| F|  |TAMS 0x000000070b800000, 0x000000070b800000| Untracked 
|  61|0x000000070ba00000, 0x000000070ba00000, 0x000000070bc00000|  0%| F|  |TAMS 0x000000070ba00000, 0x000000070ba00000| Untracked 
|  62|0x000000070bc00000, 0x000000070bc00000, 0x000000070be00000|  0%| F|  |TAMS 0x000000070bc00000, 0x000000070bc00000| Untracked 
|  63|0x000000070be00000, 0x000000070be00000, 0x000000070c000000|  0%| F|  |TAMS 0x000000070be00000, 0x000000070be00000| Untracked 
|  64|0x000000070c000000, 0x000000070c000000, 0x000000070c200000|  0%| F|  |TAMS 0x000000070c000000, 0x000000070c000000| Untracked 
|  65|0x000000070c200000, 0x000000070c200000, 0x000000070c400000|  0%| F|  |TAMS 0x000000070c200000, 0x000000070c200000| Untracked 
|  66|0x000000070c400000, 0x000000070c400000, 0x000000070c600000|  0%| F|  |TAMS 0x000000070c400000, 0x000000070c400000| Untracked 
|  67|0x000000070c600000, 0x000000070c600000, 0x000000070c800000|  0%| F|  |TAMS 0x000000070c600000, 0x000000070c600000| Untracked 
|  68|0x000000070c800000, 0x000000070c800000, 0x000000070ca00000|  0%| F|  |TAMS 0x000000070c800000, 0x000000070c800000| Untracked 
|  69|0x000000070ca00000, 0x000000070ca00000, 0x000000070cc00000|  0%| F|  |TAMS 0x000000070ca00000, 0x000000070ca00000| Untracked 
|  70|0x000000070cc00000, 0x000000070cc00000, 0x000000070ce00000|  0%| F|  |TAMS 0x000000070cc00000, 0x000000070cc00000| Untracked 
|  71|0x000000070ce00000, 0x000000070ce00000, 0x000000070d000000|  0%| F|  |TAMS 0x000000070ce00000, 0x000000070ce00000| Untracked 
|  72|0x000000070d000000, 0x000000070d000000, 0x000000070d200000|  0%| F|  |TAMS 0x000000070d000000, 0x000000070d000000| Untracked 
|  73|0x000000070d200000, 0x000000070d200000, 0x000000070d400000|  0%| F|  |TAMS 0x000000070d200000, 0x000000070d200000| Untracked 
|  74|0x000000070d400000, 0x000000070d400000, 0x000000070d600000|  0%| F|  |TAMS 0x000000070d400000, 0x000000070d400000| Untracked 
|  75|0x000000070d600000, 0x000000070d600000, 0x000000070d800000|  0%| F|  |TAMS 0x000000070d600000, 0x000000070d600000| Untracked 
|  76|0x000000070d800000, 0x000000070d800000, 0x000000070da00000|  0%| F|  |TAMS 0x000000070d800000, 0x000000070d800000| Untracked 
|  77|0x000000070da00000, 0x000000070da00000, 0x000000070dc00000|  0%| F|  |TAMS 0x000000070da00000, 0x000000070da00000| Untracked 
|  78|0x000000070dc00000, 0x000000070dc00000, 0x000000070de00000|  0%| F|  |TAMS 0x000000070dc00000, 0x000000070dc00000| Untracked 
|  79|0x000000070de00000, 0x000000070de00000, 0x000000070e000000|  0%| F|  |TAMS 0x000000070de00000, 0x000000070de00000| Untracked 
|  80|0x000000070e000000, 0x000000070e000000, 0x000000070e200000|  0%| F|  |TAMS 0x000000070e000000, 0x000000070e000000| Untracked 
|  81|0x000000070e200000, 0x000000070e200000, 0x000000070e400000|  0%| F|  |TAMS 0x000000070e200000, 0x000000070e200000| Untracked 
|  82|0x000000070e400000, 0x000000070e400000, 0x000000070e600000|  0%| F|  |TAMS 0x000000070e400000, 0x000000070e400000| Untracked 
|  83|0x000000070e600000, 0x000000070e600000, 0x000000070e800000|  0%| F|  |TAMS 0x000000070e600000, 0x000000070e600000| Untracked 
|  84|0x000000070e800000, 0x000000070e800000, 0x000000070ea00000|  0%| F|  |TAMS 0x000000070e800000, 0x000000070e800000| Untracked 
|  85|0x000000070ea00000, 0x000000070ea00000, 0x000000070ec00000|  0%| F|  |TAMS 0x000000070ea00000, 0x000000070ea00000| Untracked 
|  86|0x000000070ec00000, 0x000000070ec00000, 0x000000070ee00000|  0%| F|  |TAMS 0x000000070ec00000, 0x000000070ec00000| Untracked 
|  87|0x000000070ee00000, 0x000000070ee00000, 0x000000070f000000|  0%| F|  |TAMS 0x000000070ee00000, 0x000000070ee00000| Untracked 
|  88|0x000000070f000000, 0x000000070f000000, 0x000000070f200000|  0%| F|  |TAMS 0x000000070f000000, 0x000000070f000000| Untracked 
|  89|0x000000070f200000, 0x000000070f200000, 0x000000070f400000|  0%| F|  |TAMS 0x000000070f200000, 0x000000070f200000| Untracked 
|  90|0x000000070f400000, 0x000000070f400000, 0x000000070f600000|  0%| F|  |TAMS 0x000000070f400000, 0x000000070f400000| Untracked 
|  91|0x000000070f600000, 0x000000070f600000, 0x000000070f800000|  0%| F|  |TAMS 0x000000070f600000, 0x000000070f600000| Untracked 
|  92|0x000000070f800000, 0x000000070f800000, 0x000000070fa00000|  0%| F|  |TAMS 0x000000070f800000, 0x000000070f800000| Untracked 
|  93|0x000000070fa00000, 0x000000070fa00000, 0x000000070fc00000|  0%| F|  |TAMS 0x000000070fa00000, 0x000000070fa00000| Untracked 
|  94|0x000000070fc00000, 0x000000070fc00000, 0x000000070fe00000|  0%| F|  |TAMS 0x000000070fc00000, 0x000000070fc00000| Untracked 
|  95|0x000000070fe00000, 0x000000070fe00000, 0x0000000710000000|  0%| F|  |TAMS 0x000000070fe00000, 0x000000070fe00000| Untracked 
|  96|0x0000000710000000, 0x0000000710000000, 0x0000000710200000|  0%| F|  |TAMS 0x0000000710000000, 0x0000000710000000| Untracked 
|  97|0x0000000710200000, 0x0000000710200000, 0x0000000710400000|  0%| F|  |TAMS 0x0000000710200000, 0x0000000710200000| Untracked 
|  98|0x0000000710400000, 0x0000000710400000, 0x0000000710600000|  0%| F|  |TAMS 0x0000000710400000, 0x0000000710400000| Untracked 
|  99|0x0000000710600000, 0x0000000710600000, 0x0000000710800000|  0%| F|  |TAMS 0x0000000710600000, 0x0000000710600000| Untracked 
| 100|0x0000000710800000, 0x0000000710800000, 0x0000000710a00000|  0%| F|  |TAMS 0x0000000710800000, 0x0000000710800000| Untracked 
| 101|0x0000000710a00000, 0x0000000710a00000, 0x0000000710c00000|  0%| F|  |TAMS 0x0000000710a00000, 0x0000000710a00000| Untracked 
| 102|0x0000000710c00000, 0x0000000710c00000, 0x0000000710e00000|  0%| F|  |TAMS 0x0000000710c00000, 0x0000000710c00000| Untracked 
| 103|0x0000000710e00000, 0x0000000710e00000, 0x0000000711000000|  0%| F|  |TAMS 0x0000000710e00000, 0x0000000710e00000| Untracked 
| 104|0x0000000711000000, 0x0000000711000000, 0x0000000711200000|  0%| F|  |TAMS 0x0000000711000000, 0x0000000711000000| Untracked 
| 105|0x0000000711200000, 0x0000000711200000, 0x0000000711400000|  0%| F|  |TAMS 0x0000000711200000, 0x0000000711200000| Untracked 
| 106|0x0000000711400000, 0x0000000711400000, 0x0000000711600000|  0%| F|  |TAMS 0x0000000711400000, 0x0000000711400000| Untracked 
| 107|0x0000000711600000, 0x0000000711600000, 0x0000000711800000|  0%| F|  |TAMS 0x0000000711600000, 0x0000000711600000| Untracked 
| 108|0x0000000711800000, 0x0000000711800000, 0x0000000711a00000|  0%| F|  |TAMS 0x0000000711800000, 0x0000000711800000| Untracked 
| 109|0x0000000711a00000, 0x0000000711a00000, 0x0000000711c00000|  0%| F|  |TAMS 0x0000000711a00000, 0x0000000711a00000| Untracked 
| 110|0x0000000711c00000, 0x0000000711c00000, 0x0000000711e00000|  0%| F|  |TAMS 0x0000000711c00000, 0x0000000711c00000| Untracked 
| 111|0x0000000711e00000, 0x0000000711e00000, 0x0000000712000000|  0%| F|  |TAMS 0x0000000711e00000, 0x0000000711e00000| Untracked 
| 112|0x0000000712000000, 0x0000000712000000, 0x0000000712200000|  0%| F|  |TAMS 0x0000000712000000, 0x0000000712000000| Untracked 
| 113|0x0000000712200000, 0x0000000712200000, 0x0000000712400000|  0%| F|  |TAMS 0x0000000712200000, 0x0000000712200000| Untracked 
| 114|0x0000000712400000, 0x0000000712400000, 0x0000000712600000|  0%| F|  |TAMS 0x0000000712400000, 0x0000000712400000| Untracked 
| 115|0x0000000712600000, 0x0000000712600000, 0x0000000712800000|  0%| F|  |TAMS 0x0000000712600000, 0x0000000712600000| Untracked 
| 116|0x0000000712800000, 0x0000000712800000, 0x0000000712a00000|  0%| F|  |TAMS 0x0000000712800000, 0x0000000712800000| Untracked 
| 117|0x0000000712a00000, 0x0000000712a00000, 0x0000000712c00000|  0%| F|  |TAMS 0x0000000712a00000, 0x0000000712a00000| Untracked 
| 118|0x0000000712c00000, 0x0000000712c00000, 0x0000000712e00000|  0%| F|  |TAMS 0x0000000712c00000, 0x0000000712c00000| Untracked 
| 119|0x0000000712e00000, 0x0000000712e00000, 0x0000000713000000|  0%| F|  |TAMS 0x0000000712e00000, 0x0000000712e00000| Untracked 
| 120|0x0000000713000000, 0x0000000713000000, 0x0000000713200000|  0%| F|  |TAMS 0x0000000713000000, 0x0000000713000000| Untracked 
| 121|0x0000000713200000, 0x0000000713200000, 0x0000000713400000|  0%| F|  |TAMS 0x0000000713200000, 0x0000000713200000| Untracked 
| 122|0x0000000713400000, 0x0000000713400000, 0x0000000713600000|  0%| F|  |TAMS 0x0000000713400000, 0x0000000713400000| Untracked 
| 123|0x0000000713600000, 0x0000000713600000, 0x0000000713800000|  0%| F|  |TAMS 0x0000000713600000, 0x0000000713600000| Untracked 
| 124|0x0000000713800000, 0x0000000713a00000, 0x0000000713a00000|100%| E|  |TAMS 0x0000000713800000, 0x0000000713800000| Complete 
| 125|0x0000000713a00000, 0x0000000713c00000, 0x0000000713c00000|100%| E|CS|TAMS 0x0000000713a00000, 0x0000000713a00000| Complete 

Card table byte_map: [0x00000222733c0000,0x0000022273ba0000] _byte_map_base: 0x000002226fba0000

Marking Bits (Prev, Next): (CMBitMap*) 0x000002225b63eaf0, (CMBitMap*) 0x000002225b63eb30
 Prev Bits: [0x0000022274380000, 0x0000022278280000)
 Next Bits: [0x0000022278280000, 0x000002227c180000)

Polling page: 0x0000022259470000

Metaspace:

Usage:
  Non-class:     15.04 MB used.
      Class:      1.93 MB used.
       Both:     16.97 MB used.

Virtual space:
  Non-class space:       64.00 MB reserved,      15.19 MB ( 24%) committed,  1 nodes.
      Class space:        1.00 GB reserved,       2.06 MB ( <1%) committed,  1 nodes.
             Both:        1.06 GB reserved,      17.25 MB (  2%) committed. 

Chunk freelists:
   Non-Class:  784.00 KB
       Class:  13.85 MB
        Both:  14.61 MB

MaxMetaspaceSize: unlimited
CompressedClassSpaceSize: 1.00 GB
Initial GC threshold: 21.00 MB
Current GC threshold: 21.00 MB
CDS: on
MetaspaceReclaimPolicy: balanced
 - commit_granule_bytes: 65536.
 - commit_granule_words: 8192.
 - virtual_space_node_default_size: 8388608.
 - enlarge_chunks_in_place: 1.
 - new_chunks_are_fully_committed: 0.
 - uncommit_free_chunks: 1.
 - use_allocation_guard: 0.
 - handle_deallocations: 1.


Internal statistics:

num_allocs_failed_limit: 0.
num_arena_births: 134.
num_arena_deaths: 0.
num_vsnodes_births: 2.
num_vsnodes_deaths: 0.
num_space_committed: 276.
num_space_uncommitted: 0.
num_chunks_returned_to_freelist: 0.
num_chunks_taken_from_freelist: 780.
num_chunk_merges: 0.
num_chunk_splits: 497.
num_chunks_enlarged: 370.
num_inconsistent_stats: 0.

CodeHeap 'non-profiled nmethods': size=119168Kb used=2786Kb max_used=2786Kb free=116381Kb
 bounds [0x000002226acd0000, 0x000002226af90000, 0x0000022272130000]
CodeHeap 'profiled nmethods': size=119104Kb used=11266Kb max_used=11266Kb free=107837Kb
 bounds [0x0000022263130000, 0x0000022263c40000, 0x000002226a580000]
CodeHeap 'non-nmethods': size=7488Kb used=2873Kb max_used=2937Kb free=4614Kb
 bounds [0x000002226a580000, 0x000002226a870000, 0x000002226acd0000]
 total_blobs=5495 nmethods=5016 adapters=388
 compilation: enabled
              stopped_count=0, restarted_count=0
 full_count=0

Compilation events (20 events):
Event: 2.468 Thread 0x000002227f57a760 4963       3       org.apache.maven.model.building.DefaultModelBuilder::getCache (50 bytes)
Event: 2.469 Thread 0x000002227f57a760 nmethod 4963 0x0000022263bdc390 code [0x0000022263bdc5c0, 0x0000022263bdcc98]
Event: 2.471 Thread 0x000002227f57a760 4964       1       org.apache.maven.model.Site::getId (5 bytes)
Event: 2.471 Thread 0x000002227f57a760 nmethod 4964 0x000002226af6a490 code [0x000002226af6a620, 0x000002226af6a6f8]
Event: 2.481 Thread 0x000002227f57a760 4965       3       java.lang.AbstractStringBuilder::append (33 bytes)
Event: 2.482 Thread 0x000002227f57a760 nmethod 4965 0x0000022263bdcf10 code [0x0000022263bdd0e0, 0x0000022263bdd2c8]
Event: 2.482 Thread 0x000002227f57a760 4966       3       java.util.Formatter$FixedString::<init> (26 bytes)
Event: 2.482 Thread 0x0000022245172100 4967       3       java.util.Formatter$FixedString::print (26 bytes)
Event: 2.482 Thread 0x00000222453a0c80 4968       3       java.lang.StringBuilder::append (8 bytes)
Event: 2.483 Thread 0x0000022245172100 nmethod 4967 0x0000022263bdd910 code [0x0000022263bddac0, 0x0000022263bddcc8]
Event: 2.483 Thread 0x000002227f57a760 nmethod 4966 0x0000022263bdd410 code [0x0000022263bdd5c0, 0x0000022263bdd7f8]
Event: 2.483 Thread 0x00000222453a0c80 nmethod 4968 0x0000022263bddd90 code [0x0000022263bddf40, 0x0000022263bde0e8]
Event: 2.484 Thread 0x000002227f57a760 4969       3       org.apache.maven.model.inheritance.DefaultInheritanceAssembler$InheritanceModelMerger::mergePlugin (71 bytes)
Event: 2.484 Thread 0x000002227f57a760 nmethod 4969 0x0000022263bde210 code [0x0000022263bde440, 0x0000022263bded18]
Event: 2.486 Thread 0x000002227f57a760 4970       3       java.util.AbstractList::subListRangeCheck (110 bytes)
Event: 2.487 Thread 0x000002227f57a760 nmethod 4970 0x0000022263bdef10 code [0x0000022263bdf2c0, 0x0000022263be05e8]
Event: 2.491 Thread 0x000002227e88cd30 4972       3       org.codehaus.plexus.util.xml.pull.MXParser::printable (114 bytes)
Event: 2.491 Thread 0x000002227e88cd30 nmethod 4972 0x0000022263be0d10 code [0x0000022263be0fe0, 0x0000022263be1bf8]
Event: 2.495 Thread 0x000002227e88cd30 4973       3       org.apache.maven.model.io.xpp3.MavenXpp3Reader::parseBuild (857 bytes)
Event: 2.500 Thread 0x000002227e88cd30 nmethod 4973 0x0000022263be1f10 code [0x0000022263be29a0, 0x0000022263be8608]

GC Heap History (4 events):
Event: 0.383 GC heap before
{Heap before GC invocations=0 (full 0):
 garbage-first heap   total 258048K, used 22528K [0x0000000704000000, 0x0000000800000000)
  region size 2048K, 11 young (22528K), 0 survivors (0K)
 Metaspace       used 5375K, committed 5504K, reserved 1114112K
  class space    used 630K, committed 704K, reserved 1048576K
}
Event: 0.386 GC heap after
{Heap after GC invocations=1 (full 0):
 garbage-first heap   total 258048K, used 3859K [0x0000000704000000, 0x0000000800000000)
  region size 2048K, 2 young (4096K), 2 survivors (4096K)
 Metaspace       used 5375K, committed 5504K, reserved 1114112K
  class space    used 630K, committed 704K, reserved 1048576K
}
Event: 0.705 GC heap before
{Heap before GC invocations=1 (full 0):
 garbage-first heap   total 258048K, used 34579K [0x0000000704000000, 0x0000000800000000)
  region size 2048K, 17 young (34816K), 2 survivors (4096K)
 Metaspace       used 8288K, committed 8512K, reserved 1114112K
  class space    used 987K, committed 1088K, reserved 1048576K
}
Event: 0.708 GC heap after
{Heap after GC invocations=2 (full 0):
 garbage-first heap   total 258048K, used 5115K [0x0000000704000000, 0x0000000800000000)
  region size 2048K, 1 young (2048K), 1 survivors (2048K)
 Metaspace       used 8288K, committed 8512K, reserved 1114112K
  class space    used 987K, committed 1088K, reserved 1048576K
}

Dll operation events (8 events):
Event: 0.006 Loaded shared library C:\Program Files\Eclipse Adoptium\jdk-17.0.18.8-hotspot\bin\java.dll
Event: 0.018 Loaded shared library C:\Program Files\Eclipse Adoptium\jdk-17.0.18.8-hotspot\bin\jsvml.dll
Event: 0.038 Loaded shared library C:\Program Files\Eclipse Adoptium\jdk-17.0.18.8-hotspot\bin\net.dll
Event: 0.039 Loaded shared library C:\Program Files\Eclipse Adoptium\jdk-17.0.18.8-hotspot\bin\nio.dll
Event: 0.041 Loaded shared library C:\Program Files\Eclipse Adoptium\jdk-17.0.18.8-hotspot\bin\zip.dll
Event: 0.121 Loaded shared library C:\Program Files\Eclipse Adoptium\jdk-17.0.18.8-hotspot\bin\jimage.dll
Event: 0.123 Loaded shared library C:\Users\50449\.cursor\extensions\oracle.oracle-java-26.0.0-universal\nbcode\java\maven\lib\jansi-native\Windows\x86_64\jansi.dll
Event: 0.133 Loaded shared library C:\Program Files\Eclipse Adoptium\jdk-17.0.18.8-hotspot\bin\verify.dll

Deoptimization events (20 events):
Event: 2.398 Thread 0x000002225b5d0360 DEOPT PACKING pc=0x000002226af4157c sp=0x00000071f8efb300
Event: 2.398 Thread 0x000002225b5d0360 DEOPT UNPACKING pc=0x000002226a5d69a3 sp=0x00000071f8efb2e0 mode 2
Event: 2.409 Thread 0x000002225b5d0360 DEOPT PACKING pc=0x00000222637c080a sp=0x00000071f8efa4b0
Event: 2.409 Thread 0x000002225b5d0360 DEOPT UNPACKING pc=0x000002226a5d7143 sp=0x00000071f8ef99e8 mode 0
Event: 2.452 Thread 0x000002225b5d0360 Uncommon trap: trap_request=0xffffff45 fr.pc=0x000002226ae2288c relative=0x00000000000037ec
Event: 2.452 Thread 0x000002225b5d0360 Uncommon trap: reason=unstable_if action=reinterpret pc=0x000002226ae2288c method=org.codehaus.plexus.util.xml.pull.MXParser.parseStartTag()I @ 100 c2
Event: 2.452 Thread 0x000002225b5d0360 DEOPT PACKING pc=0x000002226ae2288c sp=0x00000071f8efadb0
Event: 2.452 Thread 0x000002225b5d0360 DEOPT UNPACKING pc=0x000002226a5d69a3 sp=0x00000071f8efad68 mode 2
Event: 2.475 Thread 0x000002225b5d0360 Uncommon trap: trap_request=0xffffff45 fr.pc=0x000002226af5af34 relative=0x0000000000001694
Event: 2.475 Thread 0x000002225b5d0360 Uncommon trap: reason=unstable_if action=reinterpret pc=0x000002226af5af34 method=org.apache.maven.model.inheritance.DefaultInheritanceAssembler$InheritanceModelMerger.mergePlugin(Lorg/apache/maven/model/Plugin;Lorg/apache/maven/model/Plugin;ZLjava/util/M
Event: 2.475 Thread 0x000002225b5d0360 DEOPT PACKING pc=0x000002226af5af34 sp=0x00000071f8efae80
Event: 2.475 Thread 0x000002225b5d0360 DEOPT UNPACKING pc=0x000002226a5d69a3 sp=0x00000071f8efaea8 mode 2
Event: 2.481 Thread 0x000002225b5d0360 Uncommon trap: trap_request=0xffffff45 fr.pc=0x000002226af18550 relative=0x0000000000000230
Event: 2.481 Thread 0x000002225b5d0360 Uncommon trap: reason=unstable_if action=reinterpret pc=0x000002226af18550 method=org.codehaus.plexus.util.xml.pull.MXParser.printable(I)Ljava/lang/String; @ 33 c2
Event: 2.482 Thread 0x000002225b5d0360 DEOPT PACKING pc=0x000002226af18550 sp=0x00000071f8efab80
Event: 2.482 Thread 0x000002225b5d0360 DEOPT UNPACKING pc=0x000002226a5d69a3 sp=0x00000071f8efab30 mode 2
Event: 2.497 Thread 0x000002225b5d0360 Uncommon trap: trap_request=0xffffff45 fr.pc=0x000002226af1febc relative=0x000000000000017c
Event: 2.498 Thread 0x000002225b5d0360 Uncommon trap: reason=unstable_if action=reinterpret pc=0x000002226af1febc method=org.apache.maven.model.merge.ModelMerger.mergePlugin_Extensions(Lorg/apache/maven/model/Plugin;Lorg/apache/maven/model/Plugin;ZLjava/util/Map;)V @ 19 c2
Event: 2.498 Thread 0x000002225b5d0360 DEOPT PACKING pc=0x000002226af1febc sp=0x00000071f8efae60
Event: 2.498 Thread 0x000002225b5d0360 DEOPT UNPACKING pc=0x000002226a5d69a3 sp=0x00000071f8efae00 mode 2

Classes loaded (20 events):
Event: 1.627 Loading class sun/util/resources/OpenListResourceBundle
Event: 1.627 Loading class sun/util/resources/OpenListResourceBundle done
Event: 1.627 Loading class sun/util/resources/TimeZoneNamesBundle done
Event: 1.627 Loading class sun/util/resources/cldr/TimeZoneNames done
Event: 1.627 Loading class sun/util/resources/cldr/TimeZoneNames_en
Event: 1.628 Loading class sun/util/resources/cldr/TimeZoneNames_en done
Event: 1.628 Loading class sun/util/resources/cldr/TimeZoneNames_en_US
Event: 1.628 Loading class sun/util/resources/cldr/TimeZoneNames_en_US done
Event: 1.629 Loading class sun/util/cldr/CLDRBaseLocaleDataMetaInfo$TZCanonicalIDMapHolder
Event: 1.630 Loading class sun/util/cldr/CLDRBaseLocaleDataMetaInfo$TZCanonicalIDMapHolder done
Event: 1.631 Loading class sun/util/resources/TimeZoneNames
Event: 1.632 Loading class sun/util/resources/TimeZoneNames done
Event: 1.632 Loading class sun/util/resources/TimeZoneNames_en
Event: 1.632 Loading class sun/util/resources/TimeZoneNames_en done
Event: 1.639 Loading class sun/nio/cs/UTF_8$Encoder
Event: 1.639 Loading class sun/nio/cs/UTF_8$Encoder done
Event: 1.731 Loading class sun/nio/cs/ISO_8859_1$Decoder
Event: 1.731 Loading class sun/nio/cs/ISO_8859_1$Decoder done
Event: 1.881 Loading class java/util/Collections$UnmodifiableList$1
Event: 1.881 Loading class java/util/Collections$UnmodifiableList$1 done

Classes unloaded (0 events):
No events

Classes redefined (0 events):
No events

Internal exceptions (20 events):
Event: 0.867 Thread 0x000002225b5d0360 Exception <a 'java/lang/NoSuchMethodError'{0x0000000712d4d518}: 'java.lang.Object java.lang.invoke.Invokers$Holder.invokeExact_MT(java.lang.Object, int, java.lang.Object)'> (0x0000000712d4d518) 
thrown [s\src\hotspot\share\interpreter\linkResolver.cpp, line 759]
Event: 0.876 Thread 0x000002225b5d0360 Exception <a 'java/lang/NoSuchMethodError'{0x0000000712de9190}: 'int java.lang.invoke.DirectMethodHandle$Holder.invokeSpecial(java.lang.Object, java.lang.Object, java.lang.Object, java.lang.Object)'> (0x0000000712de9190) 
thrown [s\src\hotspot\share\interpreter\linkResolver.cpp, line 759]
Event: 1.015 Thread 0x000002225b5d0360 Exception <a 'java/lang/NoClassDefFoundError'{0x000000071228df58}: com/google/inject/servlet/ServletModuleTargetVisitor> (0x000000071228df58) 
thrown [s\src\hotspot\share\classfile\systemDictionary.cpp, line 245]
Event: 1.075 Thread 0x000002225b5d0360 Exception <a 'java/lang/NoSuchMethodError'{0x0000000712180178}: 'java.lang.Object java.lang.invoke.DirectMethodHandle$Holder.invokeStaticInit(java.lang.Object, int, int, int, int)'> (0x0000000712180178) 
thrown [s\src\hotspot\share\interpreter\linkResolver.cpp, line 759]
Event: 1.132 Thread 0x000002225b5d0360 Exception <a 'java/lang/NoSuchMethodError'{0x0000000711d258a0}: 'java.lang.Object java.lang.invoke.DirectMethodHandle$Holder.invokeVirtual(java.lang.Object, java.lang.Object, java.lang.Object)'> (0x0000000711d258a0) 
thrown [s\src\hotspot\share\interpreter\linkResolver.cpp, line 759]
Event: 1.133 Thread 0x000002225b5d0360 Exception <a 'java/lang/NoSuchMethodError'{0x0000000711d34b00}: 'void java.lang.invoke.DirectMethodHandle$Holder.invokeSpecial(java.lang.Object, java.lang.Object, java.lang.Object, java.lang.Object, java.lang.Object, java.lang.Object)'> (0x0000000711d34b00) 
thrown [s\src\hotspot\share\interpreter\linkResolver.cpp, line 759]
Event: 1.169 Thread 0x000002225b5d0360 Implicit null exception at 0x000002226ad0b9f2 to 0x000002226ad0c114
Event: 1.169 Thread 0x000002225b5d0360 Implicit null exception at 0x000002226acfa272 to 0x000002226acfa990
Event: 1.334 Thread 0x000002225b5d0360 Exception <a 'java/lang/NoSuchMethodError'{0x00000007113c99f8}: 'void java.lang.invoke.DirectMethodHandle$Holder.invokeStatic(java.lang.Object, java.lang.Object, java.lang.Object, java.lang.Object)'> (0x00000007113c99f8) 
thrown [s\src\hotspot\share\interpreter\linkResolver.cpp, line 759]
Event: 1.338 Thread 0x000002225b5d0360 Exception <a 'java/lang/reflect/InvocationTargetException'{0x00000007113e2980}> (0x00000007113e2980) 
thrown [s\src\hotspot\share\runtime\reflection.cpp, line 1128]
Event: 1.356 Thread 0x000002225b5d0360 Exception <a 'java/lang/reflect/InvocationTargetException'{0x000000071111e1b8}> (0x000000071111e1b8) 
thrown [s\src\hotspot\share\runtime\reflection.cpp, line 1128]
Event: 1.393 Thread 0x000002225b5d0360 Exception <a 'java/lang/reflect/InvocationTargetException'{0x0000000710f78790}> (0x0000000710f78790) 
thrown [s\src\hotspot\share\runtime\reflection.cpp, line 1128]
Event: 1.420 Thread 0x000002225b5d0360 Exception <a 'java/lang/reflect/InvocationTargetException'{0x0000000710dd8928}> (0x0000000710dd8928) 
thrown [s\src\hotspot\share\runtime\reflection.cpp, line 1128]
Event: 1.463 Thread 0x000002225b5d0360 Exception <a 'java/lang/NoSuchMethodError'{0x00000007108cc9a8}: 'java.lang.Object java.lang.invoke.DirectMethodHandle$Holder.newInvokeSpecial(java.lang.Object, java.lang.Object, java.lang.Object, java.lang.Object, java.lang.Object, java.lang.Object, java.lang.Object)'> (0x00000007108cc9a8) 
thrown [s\src\hotspot\share\interpreter\linkResolver.cpp, line 759]
Event: 1.463 Thread 0x000002225b5d0360 Exception <a 'java/lang/NoSuchMethodError'{0x00000007108d12b8}: 'java.lang.Object java.lang.invoke.Invokers$Holder.linkToTargetMethod(java.lang.Object, java.lang.Object, java.lang.Object, java.lang.Object, java.lang.Object, java.lang.Object, java.lang.Object)'> (0x00000007108d12b8) 
thrown [s\src\hotspot\share\interpreter\linkResolver.cpp, line 759]
Event: 1.577 Thread 0x000002225b5d0360 Exception <a 'java/lang/NoSuchMethodError'{0x000000071037fc08}: 'int java.lang.invoke.DirectMethodHandle$Holder.invokeVirtual(java.lang.Object, java.lang.Object)'> (0x000000071037fc08) 
thrown [s\src\hotspot\share\interpreter\linkResolver.cpp, line 759]
Event: 1.592 Thread 0x000002225b5d0360 Implicit null exception at 0x000002226ae2fcbe to 0x000002226ae30c04
Event: 1.592 Thread 0x000002225b5d0360 Implicit null exception at 0x000002226adc9d2f to 0x000002226adc9da9
Event: 1.612 Thread 0x000002225b5d0360 Exception <a 'sun/nio/fs/WindowsException'{0x00000007100f22a8}> (0x00000007100f22a8) 
thrown [s\src\hotspot\share\prims\jni.cpp, line 516]
Event: 1.618 Thread 0x000002225b5d0360 Exception <a 'sun/nio/fs/WindowsException'{0x00000007100fe3d0}> (0x00000007100fe3d0) 
thrown [s\src\hotspot\share\prims\jni.cpp, line 516]

VM Operations (20 events):
Event: 1.064 Executing VM operation: HandshakeAllThreads
Event: 1.064 Executing VM operation: HandshakeAllThreads done
Event: 1.108 Executing VM operation: HandshakeAllThreads
Event: 1.108 Executing VM operation: HandshakeAllThreads done
Event: 1.109 Executing VM operation: HandshakeAllThreads
Event: 1.109 Executing VM operation: HandshakeAllThreads done
Event: 1.110 Executing VM operation: ICBufferFull
Event: 1.110 Executing VM operation: ICBufferFull done
Event: 1.215 Executing VM operation: HandshakeAllThreads
Event: 1.215 Executing VM operation: HandshakeAllThreads done
Event: 1.316 Executing VM operation: HandshakeAllThreads
Event: 1.316 Executing VM operation: HandshakeAllThreads done
Event: 1.319 Executing VM operation: ICBufferFull
Event: 1.319 Executing VM operation: ICBufferFull done
Event: 1.657 Executing VM operation: ICBufferFull
Event: 1.657 Executing VM operation: ICBufferFull done
Event: 1.895 Executing VM operation: ICBufferFull
Event: 1.895 Executing VM operation: ICBufferFull done
Event: 2.252 Executing VM operation: ICBufferFull
Event: 2.252 Executing VM operation: ICBufferFull done

Memory protections (0 events):
No events

Nmethod flushes (0 events):
No events

Events (20 events):
Event: 0.028 Thread 0x000002225b5d0360 Thread added: 0x000002227e884540
Event: 0.028 Thread 0x000002225b5d0360 Thread added: 0x000002227e887010
Event: 0.028 Thread 0x000002225b5d0360 Thread added: 0x000002227e8879d0
Event: 0.028 Thread 0x000002225b5d0360 Thread added: 0x000002227e888d80
Event: 0.028 Thread 0x000002225b5d0360 Thread added: 0x000002227e88cd30
Event: 0.028 Thread 0x000002225b5d0360 Thread added: 0x000002227e88fb50
Event: 0.030 Thread 0x000002227e88cd30 Thread added: 0x000002227f57a760
Event: 0.035 Thread 0x000002225b5d0360 Thread added: 0x000002227f63db00
Event: 0.036 Thread 0x000002225b5d0360 Thread added: 0x000002227f641860
Event: 0.097 Thread 0x000002227e888d80 Thread added: 0x000002227f84ac00
Event: 0.119 Thread 0x000002225b5d0360 Thread added: 0x00000222450ec4b0
Event: 0.137 Thread 0x00000222450ec4b0 Thread exited: 0x00000222450ec4b0
Event: 0.208 Thread 0x000002227f57a760 Thread added: 0x0000022245172100
Event: 0.210 Thread 0x0000022245172100 Thread added: 0x00000222453a0c80
Event: 0.394 Thread 0x000002227e88cd30 Thread added: 0x00000222456834d0
Event: 0.394 Thread 0x000002227e88cd30 Thread added: 0x00000222456bd220
Event: 0.395 Thread 0x000002227e88cd30 Thread added: 0x0000022245683df0
Event: 0.400 Thread 0x000002227f57a760 Thread added: 0x0000022245be9a40
Event: 0.400 Thread 0x000002227f57a760 Thread added: 0x0000022245a77d70
Event: 0.729 Thread 0x0000022245a77d70 Thread exited: 0x0000022245a77d70


Dynamic libraries:
0x00007ff7fb100000 - 0x00007ff7fb10e000 	C:\Program Files\Eclipse Adoptium\jdk-17.0.18.8-hotspot\bin\java.exe
0x00007ffd5fc10000 - 0x00007ffd5fe28000 	C:\WINDOWS\SYSTEM32\ntdll.dll
0x00007ffd5f0c0000 - 0x00007ffd5f184000 	C:\WINDOWS\System32\KERNEL32.DLL
0x00007ffd5d120000 - 0x00007ffd5d4f3000 	C:\WINDOWS\System32\KERNELBASE.dll
0x00007ffd5d500000 - 0x00007ffd5d611000 	C:\WINDOWS\System32\ucrtbase.dll
0x00007ffd55550000 - 0x00007ffd5556e000 	C:\Program Files\Eclipse Adoptium\jdk-17.0.18.8-hotspot\bin\VCRUNTIME140.dll
0x00007ffd4b9b0000 - 0x00007ffd4b9c8000 	C:\Program Files\Eclipse Adoptium\jdk-17.0.18.8-hotspot\bin\jli.dll
0x00007ffd5edf0000 - 0x00007ffd5efa2000 	C:\WINDOWS\System32\USER32.dll
0x00007ffd5cd20000 - 0x00007ffd5cd46000 	C:\WINDOWS\System32\win32u.dll
0x00007ffd5f190000 - 0x00007ffd5f1b9000 	C:\WINDOWS\System32\GDI32.dll
0x00007ffd5cf40000 - 0x00007ffd5d05b000 	C:\WINDOWS\System32\gdi32full.dll
0x00007ffd5d790000 - 0x00007ffd5d82a000 	C:\WINDOWS\System32\msvcp_win.dll
0x00007ffd431f0000 - 0x00007ffd4348c000 	C:\WINDOWS\WinSxS\amd64_microsoft.windows.common-controls_6595b64144ccf1df_6.0.22621.6060_none_2712eda17382d24b\COMCTL32.dll
0x00007ffd5f1c0000 - 0x00007ffd5f267000 	C:\WINDOWS\System32\msvcrt.dll
0x00007ffd5fa40000 - 0x00007ffd5fa71000 	C:\WINDOWS\System32\IMM32.DLL
0x00007ffd55540000 - 0x00007ffd5554c000 	C:\Program Files\Eclipse Adoptium\jdk-17.0.18.8-hotspot\bin\vcruntime140_1.dll
0x00007ffd461f0000 - 0x00007ffd4627d000 	C:\Program Files\Eclipse Adoptium\jdk-17.0.18.8-hotspot\bin\msvcp140.dll
0x00007ffcfd070000 - 0x00007ffcfdcdb000 	C:\Program Files\Eclipse Adoptium\jdk-17.0.18.8-hotspot\bin\server\jvm.dll
0x00007ffd5f5a0000 - 0x00007ffd5f651000 	C:\WINDOWS\System32\ADVAPI32.dll
0x00007ffd5e9c0000 - 0x00007ffd5ea68000 	C:\WINDOWS\System32\sechost.dll
0x00007ffd5cdd0000 - 0x00007ffd5cdf8000 	C:\WINDOWS\System32\bcrypt.dll
0x00007ffd5f810000 - 0x00007ffd5f928000 	C:\WINDOWS\System32\RPCRT4.dll
0x00007ffd5f280000 - 0x00007ffd5f2f1000 	C:\WINDOWS\System32\WS2_32.dll
0x00007ffd5bb70000 - 0x00007ffd5bbbd000 	C:\WINDOWS\SYSTEM32\POWRPROF.dll
0x00007ffd53480000 - 0x00007ffd5348a000 	C:\WINDOWS\SYSTEM32\VERSION.dll
0x00007ffd54f90000 - 0x00007ffd54fc4000 	C:\WINDOWS\SYSTEM32\WINMM.dll
0x00007ffd5bb50000 - 0x00007ffd5bb63000 	C:\WINDOWS\SYSTEM32\UMPDC.dll
0x00007ffd5bdf0000 - 0x00007ffd5be08000 	C:\WINDOWS\SYSTEM32\kernel.appcore.dll
0x00007ffd55170000 - 0x00007ffd5517a000 	C:\Program Files\Eclipse Adoptium\jdk-17.0.18.8-hotspot\bin\jimage.dll
0x00007ffd5a470000 - 0x00007ffd5a6a3000 	C:\WINDOWS\SYSTEM32\DBGHELP.DLL
0x00007ffd5dd40000 - 0x00007ffd5e0d1000 	C:\WINDOWS\System32\combase.dll
0x00007ffd5f3a0000 - 0x00007ffd5f478000 	C:\WINDOWS\System32\OLEAUT32.dll
0x00007ffd50a00000 - 0x00007ffd50a32000 	C:\WINDOWS\SYSTEM32\dbgcore.DLL
0x00007ffd5d830000 - 0x00007ffd5d8ab000 	C:\WINDOWS\System32\bcryptPrimitives.dll
0x00007ffd46a20000 - 0x00007ffd46a45000 	C:\Program Files\Eclipse Adoptium\jdk-17.0.18.8-hotspot\bin\java.dll
0x00007ffd3ba70000 - 0x00007ffd3bb47000 	C:\Program Files\Eclipse Adoptium\jdk-17.0.18.8-hotspot\bin\jsvml.dll
0x00007ffd5e100000 - 0x00007ffd5e99c000 	C:\WINDOWS\System32\SHELL32.dll
0x00007ffd5ce00000 - 0x00007ffd5cf3f000 	C:\WINDOWS\System32\wintypes.dll
0x00007ffd5ac30000 - 0x00007ffd5b54a000 	C:\WINDOWS\SYSTEM32\windows.storage.dll
0x00007ffd5f930000 - 0x00007ffd5fa34000 	C:\WINDOWS\System32\SHCORE.dll
0x00007ffd5fb60000 - 0x00007ffd5fbc9000 	C:\WINDOWS\System32\shlwapi.dll
0x00007ffd5cc50000 - 0x00007ffd5cc75000 	C:\WINDOWS\SYSTEM32\profapi.dll
0x00007ffd46a00000 - 0x00007ffd46a1a000 	C:\Program Files\Eclipse Adoptium\jdk-17.0.18.8-hotspot\bin\net.dll
0x00007ffd57830000 - 0x00007ffd5795c000 	C:\WINDOWS\SYSTEM32\WINHTTP.dll
0x00007ffd5c2d0000 - 0x00007ffd5c339000 	C:\WINDOWS\system32\mswsock.dll
0x00007ffd469e0000 - 0x00007ffd469f6000 	C:\Program Files\Eclipse Adoptium\jdk-17.0.18.8-hotspot\bin\nio.dll
0x00007ffd469c0000 - 0x00007ffd469d8000 	C:\Program Files\Eclipse Adoptium\jdk-17.0.18.8-hotspot\bin\zip.dll
0x00007ffd46280000 - 0x00007ffd462a4000 	C:\Users\50449\.cursor\extensions\oracle.oracle-java-26.0.0-universal\nbcode\java\maven\lib\jansi-native\Windows\x86_64\jansi.dll
0x00007ffd4d6d0000 - 0x00007ffd4d6e0000 	C:\Program Files\Eclipse Adoptium\jdk-17.0.18.8-hotspot\bin\verify.dll

dbghelp: loaded successfully - version: 4.0.5 - missing functions: none
symbol engine: initialized successfully - sym options: 0x614 - pdb path: .;C:\Program Files\Eclipse Adoptium\jdk-17.0.18.8-hotspot\bin;C:\WINDOWS\SYSTEM32;C:\WINDOWS\WinSxS\amd64_microsoft.windows.common-controls_6595b64144ccf1df_6.0.22621.6060_none_2712eda17382d24b;C:\Program Files\Eclipse Adoptium\jdk-17.0.18.8-hotspot\bin\server;C:\Users\50449\.cursor\extensions\oracle.oracle-java-26.0.0-universal\nbcode\java\maven\lib\jansi-native\Windows\x86_64

VM Arguments:
jvm_args: --enable-native-access=ALL-UNNAMED -Dclassworlds.conf=C:\Users\50449\.cursor\extensions\oracle.oracle-java-26.0.0-universal\nbcode\java\maven\bin\m2.conf -Dmaven.home=C:\Users\50449\.cursor\extensions\oracle.oracle-java-26.0.0-universal\nbcode\java\maven -Dlibrary.jansi.path=C:\Users\50449\.cursor\extensions\oracle.oracle-java-26.0.0-universal\nbcode\java\maven\lib\jansi-native -Dmaven.multiModuleProjectDirectory=D:\成家立业\spacetime_new\docs\相关资料\算法源码\librec 
java_command: org.codehaus.plexus.classworlds.launcher.Launcher -DskipTests=true -Dmaven.ext.class.path=C:\Users\50449\.cursor\extensions\oracle.oracle-java-26.0.0-universal\nbcode\java\maven-nblib\netbeans-eventspy.jar --also-make --projects spark --no-transfer-progress --fail-at-end install
java_class_path (initial): C:\Users\50449\.cursor\extensions\oracle.oracle-java-26.0.0-universal\nbcode\java\maven\boot\plexus-classworlds-2.9.0.jar
Launcher Type: SUN_STANDARD

[Global flags]
     intx CICompilerCount                          = 12                                        {product} {ergonomic}
     uint ConcGCThreads                            = 4                                         {product} {ergonomic}
     uint G1ConcRefinementThreads                  = 15                                        {product} {ergonomic}
   size_t G1HeapRegionSize                         = 2097152                                   {product} {ergonomic}
    uintx GCDrainStackTargetSize                   = 64                                        {product} {ergonomic}
   size_t InitialHeapSize                          = 264241152                                 {product} {ergonomic}
   size_t MarkStackSize                            = 4194304                                   {product} {ergonomic}
   size_t MaxHeapSize                              = 4227858432                                {product} {ergonomic}
   size_t MaxNewSize                               = 2535456768                                {product} {ergonomic}
   size_t MinHeapDeltaBytes                        = 2097152                                   {product} {ergonomic}
   size_t MinHeapSize                              = 8388608                                   {product} {ergonomic}
    uintx NonNMethodCodeHeapSize                   = 7602480                                {pd product} {ergonomic}
    uintx NonProfiledCodeHeapSize                  = 122027880                              {pd product} {ergonomic}
    uintx ProfiledCodeHeapSize                     = 122027880                              {pd product} {ergonomic}
    uintx ReservedCodeCacheSize                    = 251658240                              {pd product} {ergonomic}
     bool SegmentedCodeCache                       = true                                      {product} {ergonomic}
   size_t SoftMaxHeapSize                          = 4227858432                             {manageable} {ergonomic}
     bool UseCompressedClassPointers               = true                           {product lp64_product} {ergonomic}
     bool UseCompressedOops                        = true                           {product lp64_product} {ergonomic}
     bool UseG1GC                                  = true                                      {product} {ergonomic}
     bool UseLargePagesIndividualAllocation        = false                                  {pd product} {ergonomic}

Logging:
Log output configuration:
 #0: stdout all=warning uptime,level,tags
 #1: stderr all=off uptime,level,tags

Environment Variables:
JAVA_HOME=C:\Program Files\Eclipse Adoptium\jdk-17.0.18.8-hotspot
CLASSPATH=.;C:\Program Files\Eclipse Adoptium\jdk-17.0.18.8-hotspot\\lib\dt.jar;C:\Program Files\Eclipse Adoptium\jdk-17.0.18.8-hotspot\\lib\tools.jar;
PATH=C:\Program Files\Eclipse Adoptium\jdk-17.0.18.8-hotspot\bin;C:\Program Files (x86)\Common Files\Oracle\Java\javapath;C:\Windows\system32;C:\Windows;C:\Windows\System32\Wbem;C:\Windows\System32\WindowsPowerShell\v1.0\;C:\Windows\System32\OpenSSH\;C:\Program Files (x86)\NVIDIA Corporation\PhysX\Common;C:\Program Files\NVIDIA Corporation\NVIDIA NvDLISR;C:\Program Files\Eclipse Adoptium\jdk-17.0.18.8-hotspot\\bin;C:\Program Files\Eclipse Adoptium\jdk-17.0.18.8-hotspot\\jre\bin;d:\Program Files (x86)\Git\cmd;D:\Program Files\TortoiseGit\bin;C:\WINDOWS\system32;C:\WINDOWS;C:\WINDOWS\System32\Wbem;C:\WINDOWS\System32\WindowsPowerShell\v1.0\;C:\WINDOWS\System32\OpenSSH\;d:\Program Files\cursor\resources\app\bin;C:\Program Files\nodejs\;C:\Users\50449\AppData\Local\Programs\Python\Python310\Scripts\;C:\Users\50449\AppData\Local\Programs\Python\Python310\;C:\Users\50449\AppData\Local\Programs\Python\Launcher\;C:\Users\50449\AppData\Local\Microsoft\WindowsApps;D:\apache-maven-3.6.3-bin\apache-maven-3.6.3\bin;C:\Users\50449\AppData\Roaming\npm;d:\Program Files\JetBrains\PyCharm 2025.3.1.1\bin;C:\Users\50449\.local\bin;C:\Users\50449\.bun\bin;C:\Users\50449\AppData\Local\Microsoft\WinGet\Packages\Mozilla.GeckoDriver_Microsoft.Winget.Source_8wekyb3d8bbwe;
USERNAME=50449
OS=Windows_NT
PROCESSOR_IDENTIFIER=Intel64 Family 6 Model 154 Stepping 3, GenuineIntel
TMP=C:\Users\50449\AppData\Local\Temp
TEMP=C:\Users\50449\AppData\Local\Temp



Periodic native trim disabled


---------------  S Y S T E M  ---------------

OS:
 Windows 11 , 64 bit Build 22621 (10.0.22621.5415)
OS uptime: 0 days 1:22 hours

CPU: total 20 (initial active 20) (10 cores per cpu, 2 threads per core) family 6 model 154 stepping 3 microcode 0x416, cx8, cmov, fxsr, ht, mmx, 3dnowpref, sse, sse2, sse3, ssse3, sse4.1, sse4.2, popcnt, lzcnt, tsc, tscinvbit, avx, avx2, aes, erms, clmul, bmi1, bmi2, adx, sha, fma, vzeroupper, clflush, clflushopt, clwb
Processor Information for processor 0
  Max Mhz: 2300, Current Mhz: 2300, Mhz Limit: 2300
Processor Information for processor 1
  Max Mhz: 2300, Current Mhz: 2300, Mhz Limit: 2300
Processor Information for processor 2
  Max Mhz: 2300, Current Mhz: 2300, Mhz Limit: 2300
Processor Information for processor 3
  Max Mhz: 2300, Current Mhz: 2300, Mhz Limit: 2300
Processor Information for processor 4
  Max Mhz: 2300, Current Mhz: 2300, Mhz Limit: 2300
Processor Information for processor 5
  Max Mhz: 2300, Current Mhz: 2300, Mhz Limit: 2300
Processor Information for processor 6
  Max Mhz: 2300, Current Mhz: 2300, Mhz Limit: 2300
Processor Information for processor 7
  Max Mhz: 2300, Current Mhz: 2300, Mhz Limit: 2300
Processor Information for processor 8
  Max Mhz: 2300, Current Mhz: 2300, Mhz Limit: 2300
Processor Information for processor 9
  Max Mhz: 2300, Current Mhz: 2300, Mhz Limit: 2300
Processor Information for processor 10
  Max Mhz: 2300, Current Mhz: 2300, Mhz Limit: 2300
Processor Information for processor 11
  Max Mhz: 2300, Current Mhz: 2300, Mhz Limit: 2300
Processor Information for processor 12
  Max Mhz: 2300, Current Mhz: 1700, Mhz Limit: 1679
Processor Information for processor 13
  Max Mhz: 2300, Current Mhz: 1700, Mhz Limit: 1679
Processor Information for processor 14
  Max Mhz: 2300, Current Mhz: 1700, Mhz Limit: 1679
Processor Information for processor 15
  Max Mhz: 2300, Current Mhz: 1700, Mhz Limit: 1679
Processor Information for processor 16
  Max Mhz: 2300, Current Mhz: 1700, Mhz Limit: 1679
Processor Information for processor 17
  Max Mhz: 2300, Current Mhz: 1700, Mhz Limit: 1679
Processor Information for processor 18
  Max Mhz: 2300, Current Mhz: 1700, Mhz Limit: 1679
Processor Information for processor 19
  Max Mhz: 2300, Current Mhz: 1700, Mhz Limit: 1679

Memory: 4k page, system-wide physical 16124M (1560M free)
TotalPageFile size 38488M (AvailPageFile size 148M)
current process WorkingSet (physical memory assigned to process): 302M, peak: 302M
current process commit charge ("private bytes"): 454M, peak: 458M

vm_info: OpenJDK 64-Bit Server VM (17.0.18+8) for windows-amd64 JRE (17.0.18+8), built on Jan 20 2026 22:28:22 by "admin" with MS VC++ 17.12 (VS2022)

END.
